
===========================================================================
report_checks -unconstrained
===========================================================================
======================= Typical Corner ===================================

Startpoint: wb_rst_i (input port clocked by clk)
Endpoint: mprj/_31561_ (recovery check against rising-edge clock clk)
Path Group: asynchronous
Path Type: max

Fanout     Cap    Slew   Delay    Time   Description
-----------------------------------------------------------------------------
                          0.00    0.00   clock clk (rise edge)
                          6.00    6.00   clock network delay (propagated)
                          6.00   12.00 v input external delay
                  0.44    0.00   12.00 v wb_rst_i (in)
     1    0.01                           wb_rst_i (net)
                  0.44    0.00   12.00 v mprj/hold707/A (sky130_fd_sc_hd__dlygate4sd3_1)
                  0.05    0.74   12.74 v mprj/hold707/X (sky130_fd_sc_hd__dlygate4sd3_1)
     1    0.00                           mprj/net1933 (net)
                  0.05    0.00   12.74 v mprj/input1/A (sky130_fd_sc_hd__clkbuf_1)
                  0.03    0.10   12.84 v mprj/input1/X (sky130_fd_sc_hd__clkbuf_1)
     1    0.00                           mprj/net1 (net)
                  0.03    0.00   12.84 v mprj/hold708/A (sky130_fd_sc_hd__dlygate4sd3_1)
                  0.06    0.58   13.42 v mprj/hold708/X (sky130_fd_sc_hd__dlygate4sd3_1)
     1    0.00                           mprj/net1934 (net)
                  0.06    0.00   13.42 v mprj/fanout1224/A (sky130_fd_sc_hd__buf_6)
                  0.09    0.18   13.60 v mprj/fanout1224/X (sky130_fd_sc_hd__buf_6)
     4    0.09                           mprj/net1224 (net)
                  0.09    0.00   13.60 v mprj/max_length1226/A (sky130_fd_sc_hd__buf_12)
                  0.10    0.21   13.82 v mprj/max_length1226/X (sky130_fd_sc_hd__buf_12)
    12    0.18                           mprj/net1226 (net)
                  0.10    0.01   13.83 v mprj/fanout1072/A (sky130_fd_sc_hd__clkbuf_8)
                  0.12    0.25   14.08 v mprj/fanout1072/X (sky130_fd_sc_hd__clkbuf_8)
    16    0.10                           mprj/net1072 (net)
                  0.12    0.01   14.09 v mprj/fanout1071/A (sky130_fd_sc_hd__buf_6)
                  0.10    0.22   14.31 v mprj/fanout1071/X (sky130_fd_sc_hd__buf_6)
    18    0.11                           mprj/net1071 (net)
                  0.10    0.00   14.31 v mprj/fanout1061/A (sky130_fd_sc_hd__buf_8)
                  0.10    0.21   14.52 v mprj/fanout1061/X (sky130_fd_sc_hd__buf_8)
    32    0.12                           mprj/net1061 (net)
                  0.10    0.00   14.52 v mprj/fanout1060/A (sky130_fd_sc_hd__buf_6)
                  0.10    0.22   14.73 v mprj/fanout1060/X (sky130_fd_sc_hd__buf_6)
    26    0.11                           mprj/net1060 (net)
                  0.10    0.00   14.74 v mprj/fanout1059/A (sky130_fd_sc_hd__buf_8)
                  0.10    0.21   14.95 v mprj/fanout1059/X (sky130_fd_sc_hd__buf_8)
    32    0.13                           mprj/net1059 (net)
                  0.10    0.00   14.95 v mprj/fanout1058/A (sky130_fd_sc_hd__buf_8)
                  0.08    0.20   15.15 v mprj/fanout1058/X (sky130_fd_sc_hd__buf_8)
    16    0.10                           mprj/net1058 (net)
                  0.08    0.01   15.16 v mprj/_28566_/A (sky130_fd_sc_hd__inv_2)
                  0.04    0.06   15.22 ^ mprj/_28566_/Y (sky130_fd_sc_hd__inv_2)
     1    0.00                           mprj/_00721_ (net)
                  0.04    0.00   15.22 ^ mprj/_31561_/RESET_B (sky130_fd_sc_hd__dfrtp_1)
                                 15.22   data arrival time

                         25.00   25.00   clock clk (rise edge)
                          4.50   29.50   clock source latency
                  0.60    0.00   29.50 ^ wb_clk_i (in)
     3    0.15                           wb_clk_i (net)
                  0.62    0.01   29.51 ^ mprj/clkbuf_0_wb_clk_i/A (sky130_fd_sc_hd__clkbuf_16)
                  0.21    0.37   29.88 ^ mprj/clkbuf_0_wb_clk_i/X (sky130_fd_sc_hd__clkbuf_16)
     8    0.20                           mprj/clknet_0_wb_clk_i (net)
                  0.21    0.01   29.89 ^ mprj/clkbuf_2_1_0_wb_clk_i/A (sky130_fd_sc_hd__clkbuf_8)
                  0.36    0.39   30.28 ^ mprj/clkbuf_2_1_0_wb_clk_i/X (sky130_fd_sc_hd__clkbuf_8)
    16    0.21                           mprj/clknet_2_1_0_wb_clk_i (net)
                  0.36    0.01   30.29 ^ mprj/clkbuf_5_10__f_wb_clk_i/A (sky130_fd_sc_hd__clkbuf_16)
                  0.14    0.28   30.57 ^ mprj/clkbuf_5_10__f_wb_clk_i/X (sky130_fd_sc_hd__clkbuf_16)
    18    0.12                           mprj/clknet_5_10__leaf_wb_clk_i (net)
                  0.14    0.00   30.57 ^ mprj/clkbuf_leaf_111_wb_clk_i/A (sky130_fd_sc_hd__clkbuf_16)
                  0.05    0.16   30.73 ^ mprj/clkbuf_leaf_111_wb_clk_i/X (sky130_fd_sc_hd__clkbuf_16)
     9    0.03                           mprj/clknet_leaf_111_wb_clk_i (net)
                  0.05    0.00   30.73 ^ mprj/_31561_/CLK (sky130_fd_sc_hd__dfrtp_1)
                         -0.10   30.63   clock uncertainty
                          0.00   30.63   clock reconvergence pessimism
                          0.24   30.87   library recovery time
                                 30.87   data required time
-----------------------------------------------------------------------------
                                 30.87   data required time
                                -15.22   data arrival time
-----------------------------------------------------------------------------
                                 15.65   slack (MET)


Startpoint: wbs_adr_i[2] (input port clocked by clk)
Endpoint: wbs_dat_o[29] (output port clocked by clk)
Path Group: clk
Path Type: max

Fanout     Cap    Slew   Delay    Time   Description
-----------------------------------------------------------------------------
                          0.00    0.00   clock clk (rise edge)
                          6.00    6.00   clock network delay (propagated)
                          6.00   12.00 ^ input external delay
                  0.44    0.00   12.00 ^ wbs_adr_i[2] (in)
     1    0.02                           wbs_adr_i[2] (net)
                  0.44    0.00   12.00 ^ mprj/hold181/A (sky130_fd_sc_hd__dlygate4sd3_1)
                  0.05    0.64   12.64 ^ mprj/hold181/X (sky130_fd_sc_hd__dlygate4sd3_1)
     1    0.00                           mprj/net1407 (net)
                  0.05    0.00   12.64 ^ mprj/hold56/A (sky130_fd_sc_hd__dlygate4sd3_1)
                  0.10    0.61   13.25 ^ mprj/hold56/X (sky130_fd_sc_hd__dlygate4sd3_1)
     1    0.01                           mprj/net1282 (net)
                  0.10    0.00   13.26 ^ mprj/input2/A (sky130_fd_sc_hd__clkbuf_16)
                  0.24    0.29   13.54 ^ mprj/input2/X (sky130_fd_sc_hd__clkbuf_16)
    14    0.23                           mprj/net2 (net)
                  0.24    0.01   13.56 ^ mprj/hold57/A (sky130_fd_sc_hd__buf_1)
                  0.20    0.24   13.80 ^ mprj/hold57/X (sky130_fd_sc_hd__buf_1)
     1    0.02                           mprj/net1283 (net)
                  0.20    0.00   13.80 ^ mprj/fanout986/A (sky130_fd_sc_hd__clkbuf_16)
                  0.23    0.32   14.12 ^ mprj/fanout986/X (sky130_fd_sc_hd__clkbuf_16)
    26    0.22                           mprj/net986 (net)
                  0.23    0.00   14.13 ^ mprj/hold58/A (sky130_fd_sc_hd__dlygate4sd3_1)
                  0.16    0.70   14.83 ^ mprj/hold58/X (sky130_fd_sc_hd__dlygate4sd3_1)
     3    0.01                           mprj/net1284 (net)
                  0.16    0.00   14.83 ^ mprj/hold394/A (sky130_fd_sc_hd__dlygate4sd3_1)
                  0.05    0.59   15.42 ^ mprj/hold394/X (sky130_fd_sc_hd__dlygate4sd3_1)
     1    0.00                           mprj/net1620 (net)
                  0.05    0.00   15.42 ^ mprj/_15464_/B (sky130_fd_sc_hd__and2b_1)
                  0.19    0.24   15.66 ^ mprj/_15464_/X (sky130_fd_sc_hd__and2b_1)
     4    0.02                           mprj/_14848_ (net)
                  0.19    0.00   15.66 ^ mprj/_15600_/B (sky130_fd_sc_hd__nand2b_1)
                  0.05    0.08   15.74 v mprj/_15600_/Y (sky130_fd_sc_hd__nand2b_1)
     1    0.00                           mprj/_14856_ (net)
                  0.05    0.00   15.74 v mprj/hold38/A (sky130_fd_sc_hd__dlygate4sd3_1)
                  0.09    0.62   16.36 v mprj/hold38/X (sky130_fd_sc_hd__dlygate4sd3_1)
     2    0.01                           mprj/net1264 (net)
                  0.09    0.00   16.36 v mprj/_27786_/A1 (sky130_fd_sc_hd__o21a_4)
                  0.16    0.36   16.72 v mprj/_27786_/X (sky130_fd_sc_hd__o21a_4)
     8    0.11                           mprj/_14721_ (net)
                  0.16    0.02   16.74 v mprj/_27852_/B1 (sky130_fd_sc_hd__a21oi_4)
                  0.29    0.31   17.05 ^ mprj/_27852_/Y (sky130_fd_sc_hd__a21oi_4)
     2    0.04                           mprj/net67 (net)
                  0.29    0.00   17.05 ^ mprj/output67/A (sky130_fd_sc_hd__buf_12)
                  0.21    0.27   17.33 ^ mprj/output67/X (sky130_fd_sc_hd__buf_12)
     1    0.18                           wbs_dat_o[29] (net)
                  0.22    0.03   17.36 ^ wbs_dat_o[29] (out)
                                 17.36   data arrival time

                         25.00   25.00   clock clk (rise edge)
                          4.50   29.50   clock network delay (propagated)
                         -0.10   29.40   clock uncertainty
                          0.00   29.40   clock reconvergence pessimism
                         -6.00   23.40   output external delay
                                 23.40   data required time
-----------------------------------------------------------------------------
                                 23.40   data required time
                                -17.36   data arrival time
-----------------------------------------------------------------------------
                                  6.04   slack (MET)




===========================================================================
report_checks --slack_max -0.01
============================================================================
======================= Typical Corner ===================================

No paths found.


===========================================================================
 report_check_types -max_slew -max_cap -max_fanout -violators
============================================================================
======================= Typical Corner ===================================

max fanout

Pin                                   Limit Fanout  Slack
---------------------------------------------------------
mprj/fanout914/X                         20     35    -15 (VIOLATED)
mprj/clkbuf_5_17__f_wb_clk_i/X           20     34    -14 (VIOLATED)
mprj/clkbuf_5_4__f_wb_clk_i/X            20     34    -14 (VIOLATED)
mprj/fanout425/X                         20     33    -13 (VIOLATED)
mprj/hold25/X                            20     33    -13 (VIOLATED)
mprj/_16637_/X                           20     32    -12 (VIOLATED)
mprj/_16644_/X                           20     32    -12 (VIOLATED)
mprj/_16682_/X                           20     32    -12 (VIOLATED)
mprj/_17207_/X                           20     32    -12 (VIOLATED)
mprj/_17233_/X                           20     32    -12 (VIOLATED)
mprj/_17246_/X                           20     32    -12 (VIOLATED)
mprj/_17252_/X                           20     32    -12 (VIOLATED)
mprj/_17283_/X                           20     32    -12 (VIOLATED)
mprj/_17940_/X                           20     32    -12 (VIOLATED)
mprj/_17964_/X                           20     32    -12 (VIOLATED)
mprj/_22399_/Y                           20     32    -12 (VIOLATED)
mprj/_23333_/Y                           20     32    -12 (VIOLATED)
mprj/_25071_/X                           20     32    -12 (VIOLATED)
mprj/_25076_/X                           20     32    -12 (VIOLATED)
mprj/_25112_/Y                           20     32    -12 (VIOLATED)
mprj/_27764_/Y                           20     32    -12 (VIOLATED)
mprj/clkbuf_5_12__f_wb_clk_i/X           20     32    -12 (VIOLATED)
mprj/clkbuf_5_15__f_wb_clk_i/X           20     32    -12 (VIOLATED)
mprj/clkbuf_5_24__f_wb_clk_i/X           20     32    -12 (VIOLATED)
mprj/fanout100/X                         20     32    -12 (VIOLATED)
mprj/fanout1011/X                        20     32    -12 (VIOLATED)
mprj/fanout1012/X                        20     32    -12 (VIOLATED)
mprj/fanout1014/X                        20     32    -12 (VIOLATED)
mprj/fanout1020/X                        20     32    -12 (VIOLATED)
mprj/fanout1022/X                        20     32    -12 (VIOLATED)
mprj/fanout1024/X                        20     32    -12 (VIOLATED)
mprj/fanout1027/X                        20     32    -12 (VIOLATED)
mprj/fanout1029/X                        20     32    -12 (VIOLATED)
mprj/fanout1031/X                        20     32    -12 (VIOLATED)
mprj/fanout1032/X                        20     32    -12 (VIOLATED)
mprj/fanout1034/X                        20     32    -12 (VIOLATED)
mprj/fanout1035/X                        20     32    -12 (VIOLATED)
mprj/fanout1044/X                        20     32    -12 (VIOLATED)
mprj/fanout1048/X                        20     32    -12 (VIOLATED)
mprj/fanout1050/X                        20     32    -12 (VIOLATED)
mprj/fanout1052/X                        20     32    -12 (VIOLATED)
mprj/fanout1059/X                        20     32    -12 (VIOLATED)
mprj/fanout1061/X                        20     32    -12 (VIOLATED)
mprj/fanout1070/X                        20     32    -12 (VIOLATED)
mprj/fanout1075/X                        20     32    -12 (VIOLATED)
mprj/fanout1089/X                        20     32    -12 (VIOLATED)
mprj/fanout1098/X                        20     32    -12 (VIOLATED)
mprj/fanout1100/X                        20     32    -12 (VIOLATED)
mprj/fanout1109/X                        20     32    -12 (VIOLATED)
mprj/fanout1112/X                        20     32    -12 (VIOLATED)
mprj/fanout1115/X                        20     32    -12 (VIOLATED)
mprj/fanout1116/X                        20     32    -12 (VIOLATED)
mprj/fanout1117/X                        20     32    -12 (VIOLATED)
mprj/fanout1121/X                        20     32    -12 (VIOLATED)
mprj/fanout1124/X                        20     32    -12 (VIOLATED)
mprj/fanout1130/X                        20     32    -12 (VIOLATED)
mprj/fanout1132/X                        20     32    -12 (VIOLATED)
mprj/fanout1135/X                        20     32    -12 (VIOLATED)
mprj/fanout1151/X                        20     32    -12 (VIOLATED)
mprj/fanout1155/X                        20     32    -12 (VIOLATED)
mprj/fanout1163/X                        20     32    -12 (VIOLATED)
mprj/fanout1166/X                        20     32    -12 (VIOLATED)
mprj/fanout1168/X                        20     32    -12 (VIOLATED)
mprj/fanout1176/X                        20     32    -12 (VIOLATED)
mprj/fanout1179/X                        20     32    -12 (VIOLATED)
mprj/fanout1189/X                        20     32    -12 (VIOLATED)
mprj/fanout119/X                         20     32    -12 (VIOLATED)
mprj/fanout1193/X                        20     32    -12 (VIOLATED)
mprj/fanout1196/X                        20     32    -12 (VIOLATED)
mprj/fanout1210/X                        20     32    -12 (VIOLATED)
mprj/fanout1215/X                        20     32    -12 (VIOLATED)
mprj/fanout122/X                         20     32    -12 (VIOLATED)
mprj/fanout1221/X                        20     32    -12 (VIOLATED)
mprj/fanout124/X                         20     32    -12 (VIOLATED)
mprj/fanout126/X                         20     32    -12 (VIOLATED)
mprj/fanout127/X                         20     32    -12 (VIOLATED)
mprj/fanout129/X                         20     32    -12 (VIOLATED)
mprj/fanout132/X                         20     32    -12 (VIOLATED)
mprj/fanout133/X                         20     32    -12 (VIOLATED)
mprj/fanout135/X                         20     32    -12 (VIOLATED)
mprj/fanout137/X                         20     32    -12 (VIOLATED)
mprj/fanout138/X                         20     32    -12 (VIOLATED)
mprj/fanout201/X                         20     32    -12 (VIOLATED)
mprj/fanout202/X                         20     32    -12 (VIOLATED)
mprj/fanout203/X                         20     32    -12 (VIOLATED)
mprj/fanout206/X                         20     32    -12 (VIOLATED)
mprj/fanout209/X                         20     32    -12 (VIOLATED)
mprj/fanout210/X                         20     32    -12 (VIOLATED)
mprj/fanout213/X                         20     32    -12 (VIOLATED)
mprj/fanout215/X                         20     32    -12 (VIOLATED)
mprj/fanout216/X                         20     32    -12 (VIOLATED)
mprj/fanout217/X                         20     32    -12 (VIOLATED)
mprj/fanout221/X                         20     32    -12 (VIOLATED)
mprj/fanout223/X                         20     32    -12 (VIOLATED)
mprj/fanout224/X                         20     32    -12 (VIOLATED)
mprj/fanout225/X                         20     32    -12 (VIOLATED)
mprj/fanout226/X                         20     32    -12 (VIOLATED)
mprj/fanout227/X                         20     32    -12 (VIOLATED)
mprj/fanout228/X                         20     32    -12 (VIOLATED)
mprj/fanout229/X                         20     32    -12 (VIOLATED)
mprj/fanout230/X                         20     32    -12 (VIOLATED)
mprj/fanout231/X                         20     32    -12 (VIOLATED)
mprj/fanout232/X                         20     32    -12 (VIOLATED)
mprj/fanout233/X                         20     32    -12 (VIOLATED)
mprj/fanout234/X                         20     32    -12 (VIOLATED)
mprj/fanout235/X                         20     32    -12 (VIOLATED)
mprj/fanout236/X                         20     32    -12 (VIOLATED)
mprj/fanout237/X                         20     32    -12 (VIOLATED)
mprj/fanout238/X                         20     32    -12 (VIOLATED)
mprj/fanout240/X                         20     32    -12 (VIOLATED)
mprj/fanout241/X                         20     32    -12 (VIOLATED)
mprj/fanout243/X                         20     32    -12 (VIOLATED)
mprj/fanout245/X                         20     32    -12 (VIOLATED)
mprj/fanout248/X                         20     32    -12 (VIOLATED)
mprj/fanout249/X                         20     32    -12 (VIOLATED)
mprj/fanout250/X                         20     32    -12 (VIOLATED)
mprj/fanout251/X                         20     32    -12 (VIOLATED)
mprj/fanout252/X                         20     32    -12 (VIOLATED)
mprj/fanout253/X                         20     32    -12 (VIOLATED)
mprj/fanout255/X                         20     32    -12 (VIOLATED)
mprj/fanout257/X                         20     32    -12 (VIOLATED)
mprj/fanout258/X                         20     32    -12 (VIOLATED)
mprj/fanout260/X                         20     32    -12 (VIOLATED)
mprj/fanout262/X                         20     32    -12 (VIOLATED)
mprj/fanout263/X                         20     32    -12 (VIOLATED)
mprj/fanout264/X                         20     32    -12 (VIOLATED)
mprj/fanout265/X                         20     32    -12 (VIOLATED)
mprj/fanout267/X                         20     32    -12 (VIOLATED)
mprj/fanout268/X                         20     32    -12 (VIOLATED)
mprj/fanout269/X                         20     32    -12 (VIOLATED)
mprj/fanout273/X                         20     32    -12 (VIOLATED)
mprj/fanout275/X                         20     32    -12 (VIOLATED)
mprj/fanout277/X                         20     32    -12 (VIOLATED)
mprj/fanout279/X                         20     32    -12 (VIOLATED)
mprj/fanout281/X                         20     32    -12 (VIOLATED)
mprj/fanout282/X                         20     32    -12 (VIOLATED)
mprj/fanout284/X                         20     32    -12 (VIOLATED)
mprj/fanout286/X                         20     32    -12 (VIOLATED)
mprj/fanout287/X                         20     32    -12 (VIOLATED)
mprj/fanout289/X                         20     32    -12 (VIOLATED)
mprj/fanout291/X                         20     32    -12 (VIOLATED)
mprj/fanout294/X                         20     32    -12 (VIOLATED)
mprj/fanout295/X                         20     32    -12 (VIOLATED)
mprj/fanout296/X                         20     32    -12 (VIOLATED)
mprj/fanout297/X                         20     32    -12 (VIOLATED)
mprj/fanout299/X                         20     32    -12 (VIOLATED)
mprj/fanout300/X                         20     32    -12 (VIOLATED)
mprj/fanout302/X                         20     32    -12 (VIOLATED)
mprj/fanout303/X                         20     32    -12 (VIOLATED)
mprj/fanout304/X                         20     32    -12 (VIOLATED)
mprj/fanout305/X                         20     32    -12 (VIOLATED)
mprj/fanout306/X                         20     32    -12 (VIOLATED)
mprj/fanout307/X                         20     32    -12 (VIOLATED)
mprj/fanout309/X                         20     32    -12 (VIOLATED)
mprj/fanout311/X                         20     32    -12 (VIOLATED)
mprj/fanout312/X                         20     32    -12 (VIOLATED)
mprj/fanout313/X                         20     32    -12 (VIOLATED)
mprj/fanout314/X                         20     32    -12 (VIOLATED)
mprj/fanout316/X                         20     32    -12 (VIOLATED)
mprj/fanout317/X                         20     32    -12 (VIOLATED)
mprj/fanout319/X                         20     32    -12 (VIOLATED)
mprj/fanout320/X                         20     32    -12 (VIOLATED)
mprj/fanout321/X                         20     32    -12 (VIOLATED)
mprj/fanout322/X                         20     32    -12 (VIOLATED)
mprj/fanout323/X                         20     32    -12 (VIOLATED)
mprj/fanout325/X                         20     32    -12 (VIOLATED)
mprj/fanout326/X                         20     32    -12 (VIOLATED)
mprj/fanout327/X                         20     32    -12 (VIOLATED)
mprj/fanout329/X                         20     32    -12 (VIOLATED)
mprj/fanout330/X                         20     32    -12 (VIOLATED)
mprj/fanout331/X                         20     32    -12 (VIOLATED)
mprj/fanout332/X                         20     32    -12 (VIOLATED)
mprj/fanout333/X                         20     32    -12 (VIOLATED)
mprj/fanout334/X                         20     32    -12 (VIOLATED)
mprj/fanout335/X                         20     32    -12 (VIOLATED)
mprj/fanout337/X                         20     32    -12 (VIOLATED)
mprj/fanout339/X                         20     32    -12 (VIOLATED)
mprj/fanout340/X                         20     32    -12 (VIOLATED)
mprj/fanout342/X                         20     32    -12 (VIOLATED)
mprj/fanout343/X                         20     32    -12 (VIOLATED)
mprj/fanout344/X                         20     32    -12 (VIOLATED)
mprj/fanout345/X                         20     32    -12 (VIOLATED)
mprj/fanout346/X                         20     32    -12 (VIOLATED)
mprj/fanout347/X                         20     32    -12 (VIOLATED)
mprj/fanout348/X                         20     32    -12 (VIOLATED)
mprj/fanout349/X                         20     32    -12 (VIOLATED)
mprj/fanout350/X                         20     32    -12 (VIOLATED)
mprj/fanout351/X                         20     32    -12 (VIOLATED)
mprj/fanout352/X                         20     32    -12 (VIOLATED)
mprj/fanout353/X                         20     32    -12 (VIOLATED)
mprj/fanout354/X                         20     32    -12 (VIOLATED)
mprj/fanout355/X                         20     32    -12 (VIOLATED)
mprj/fanout356/X                         20     32    -12 (VIOLATED)
mprj/fanout357/X                         20     32    -12 (VIOLATED)
mprj/fanout359/X                         20     32    -12 (VIOLATED)
mprj/fanout360/X                         20     32    -12 (VIOLATED)
mprj/fanout361/X                         20     32    -12 (VIOLATED)
mprj/fanout362/X                         20     32    -12 (VIOLATED)
mprj/fanout363/X                         20     32    -12 (VIOLATED)
mprj/fanout364/X                         20     32    -12 (VIOLATED)
mprj/fanout365/X                         20     32    -12 (VIOLATED)
mprj/fanout366/X                         20     32    -12 (VIOLATED)
mprj/fanout368/X                         20     32    -12 (VIOLATED)
mprj/fanout370/X                         20     32    -12 (VIOLATED)
mprj/fanout371/X                         20     32    -12 (VIOLATED)
mprj/fanout374/X                         20     32    -12 (VIOLATED)
mprj/fanout375/X                         20     32    -12 (VIOLATED)
mprj/fanout377/X                         20     32    -12 (VIOLATED)
mprj/fanout378/X                         20     32    -12 (VIOLATED)
mprj/fanout379/X                         20     32    -12 (VIOLATED)
mprj/fanout381/X                         20     32    -12 (VIOLATED)
mprj/fanout382/X                         20     32    -12 (VIOLATED)
mprj/fanout384/X                         20     32    -12 (VIOLATED)
mprj/fanout386/X                         20     32    -12 (VIOLATED)
mprj/fanout387/X                         20     32    -12 (VIOLATED)
mprj/fanout388/X                         20     32    -12 (VIOLATED)
mprj/fanout392/X                         20     32    -12 (VIOLATED)
mprj/fanout393/X                         20     32    -12 (VIOLATED)
mprj/fanout395/X                         20     32    -12 (VIOLATED)
mprj/fanout397/X                         20     32    -12 (VIOLATED)
mprj/fanout398/X                         20     32    -12 (VIOLATED)
mprj/fanout399/X                         20     32    -12 (VIOLATED)
mprj/fanout403/X                         20     32    -12 (VIOLATED)
mprj/fanout404/X                         20     32    -12 (VIOLATED)
mprj/fanout405/X                         20     32    -12 (VIOLATED)
mprj/fanout407/X                         20     32    -12 (VIOLATED)
mprj/fanout409/X                         20     32    -12 (VIOLATED)
mprj/fanout410/X                         20     32    -12 (VIOLATED)
mprj/fanout413/X                         20     32    -12 (VIOLATED)
mprj/fanout414/X                         20     32    -12 (VIOLATED)
mprj/fanout416/X                         20     32    -12 (VIOLATED)
mprj/fanout418/X                         20     32    -12 (VIOLATED)
mprj/fanout419/X                         20     32    -12 (VIOLATED)
mprj/fanout420/X                         20     32    -12 (VIOLATED)
mprj/fanout424/X                         20     32    -12 (VIOLATED)
mprj/fanout426/X                         20     32    -12 (VIOLATED)
mprj/fanout428/X                         20     32    -12 (VIOLATED)
mprj/fanout429/X                         20     32    -12 (VIOLATED)
mprj/fanout430/X                         20     32    -12 (VIOLATED)
mprj/fanout434/X                         20     32    -12 (VIOLATED)
mprj/fanout435/X                         20     32    -12 (VIOLATED)
mprj/fanout436/X                         20     32    -12 (VIOLATED)
mprj/fanout439/X                         20     32    -12 (VIOLATED)
mprj/fanout440/X                         20     32    -12 (VIOLATED)
mprj/fanout441/X                         20     32    -12 (VIOLATED)
mprj/fanout445/X                         20     32    -12 (VIOLATED)
mprj/fanout446/X                         20     32    -12 (VIOLATED)
mprj/fanout447/X                         20     32    -12 (VIOLATED)
mprj/fanout449/X                         20     32    -12 (VIOLATED)
mprj/fanout450/X                         20     32    -12 (VIOLATED)
mprj/fanout451/X                         20     32    -12 (VIOLATED)
mprj/fanout455/X                         20     32    -12 (VIOLATED)
mprj/fanout456/X                         20     32    -12 (VIOLATED)
mprj/fanout458/X                         20     32    -12 (VIOLATED)
mprj/fanout460/X                         20     32    -12 (VIOLATED)
mprj/fanout462/X                         20     32    -12 (VIOLATED)
mprj/fanout463/X                         20     32    -12 (VIOLATED)
mprj/fanout465/X                         20     32    -12 (VIOLATED)
mprj/fanout467/X                         20     32    -12 (VIOLATED)
mprj/fanout468/X                         20     32    -12 (VIOLATED)
mprj/fanout469/X                         20     32    -12 (VIOLATED)
mprj/fanout471/X                         20     32    -12 (VIOLATED)
mprj/fanout472/X                         20     32    -12 (VIOLATED)
mprj/fanout473/X                         20     32    -12 (VIOLATED)
mprj/fanout477/X                         20     32    -12 (VIOLATED)
mprj/fanout480/X                         20     32    -12 (VIOLATED)
mprj/fanout483/X                         20     32    -12 (VIOLATED)
mprj/fanout485/X                         20     32    -12 (VIOLATED)
mprj/fanout487/X                         20     32    -12 (VIOLATED)
mprj/fanout489/X                         20     32    -12 (VIOLATED)
mprj/fanout490/X                         20     32    -12 (VIOLATED)
mprj/fanout492/X                         20     32    -12 (VIOLATED)
mprj/fanout494/X                         20     32    -12 (VIOLATED)
mprj/fanout495/X                         20     32    -12 (VIOLATED)
mprj/fanout496/X                         20     32    -12 (VIOLATED)
mprj/fanout500/X                         20     32    -12 (VIOLATED)
mprj/fanout501/X                         20     32    -12 (VIOLATED)
mprj/fanout502/X                         20     32    -12 (VIOLATED)
mprj/fanout506/X                         20     32    -12 (VIOLATED)
mprj/fanout507/X                         20     32    -12 (VIOLATED)
mprj/fanout514/X                         20     32    -12 (VIOLATED)
mprj/fanout515/X                         20     32    -12 (VIOLATED)
mprj/fanout517/X                         20     32    -12 (VIOLATED)
mprj/fanout519/X                         20     32    -12 (VIOLATED)
mprj/fanout521/X                         20     32    -12 (VIOLATED)
mprj/fanout523/X                         20     32    -12 (VIOLATED)
mprj/fanout525/X                         20     32    -12 (VIOLATED)
mprj/fanout527/X                         20     32    -12 (VIOLATED)
mprj/fanout530/X                         20     32    -12 (VIOLATED)
mprj/fanout532/X                         20     32    -12 (VIOLATED)
mprj/fanout534/X                         20     32    -12 (VIOLATED)
mprj/fanout540/X                         20     32    -12 (VIOLATED)
mprj/fanout541/X                         20     32    -12 (VIOLATED)
mprj/fanout543/X                         20     32    -12 (VIOLATED)
mprj/fanout545/X                         20     32    -12 (VIOLATED)
mprj/fanout546/X                         20     32    -12 (VIOLATED)
mprj/fanout547/X                         20     32    -12 (VIOLATED)
mprj/fanout550/X                         20     32    -12 (VIOLATED)
mprj/fanout552/X                         20     32    -12 (VIOLATED)
mprj/fanout554/X                         20     32    -12 (VIOLATED)
mprj/fanout555/X                         20     32    -12 (VIOLATED)
mprj/fanout556/X                         20     32    -12 (VIOLATED)
mprj/fanout557/X                         20     32    -12 (VIOLATED)
mprj/fanout561/X                         20     32    -12 (VIOLATED)
mprj/fanout562/X                         20     32    -12 (VIOLATED)
mprj/fanout564/X                         20     32    -12 (VIOLATED)
mprj/fanout566/X                         20     32    -12 (VIOLATED)
mprj/fanout567/X                         20     32    -12 (VIOLATED)
mprj/fanout568/X                         20     32    -12 (VIOLATED)
mprj/fanout570/X                         20     32    -12 (VIOLATED)
mprj/fanout572/X                         20     32    -12 (VIOLATED)
mprj/fanout582/X                         20     32    -12 (VIOLATED)
mprj/fanout583/X                         20     32    -12 (VIOLATED)
mprj/fanout584/X                         20     32    -12 (VIOLATED)
mprj/fanout587/X                         20     32    -12 (VIOLATED)
mprj/fanout593/X                         20     32    -12 (VIOLATED)
mprj/fanout594/X                         20     32    -12 (VIOLATED)
mprj/fanout599/X                         20     32    -12 (VIOLATED)
mprj/fanout600/X                         20     32    -12 (VIOLATED)
mprj/fanout602/X                         20     32    -12 (VIOLATED)
mprj/fanout603/X                         20     32    -12 (VIOLATED)
mprj/fanout604/X                         20     32    -12 (VIOLATED)
mprj/fanout606/X                         20     32    -12 (VIOLATED)
mprj/fanout607/X                         20     32    -12 (VIOLATED)
mprj/fanout609/X                         20     32    -12 (VIOLATED)
mprj/fanout611/X                         20     32    -12 (VIOLATED)
mprj/fanout614/X                         20     32    -12 (VIOLATED)
mprj/fanout615/X                         20     32    -12 (VIOLATED)
mprj/fanout616/X                         20     32    -12 (VIOLATED)
mprj/fanout618/X                         20     32    -12 (VIOLATED)
mprj/fanout620/X                         20     32    -12 (VIOLATED)
mprj/fanout621/X                         20     32    -12 (VIOLATED)
mprj/fanout622/X                         20     32    -12 (VIOLATED)
mprj/fanout624/X                         20     32    -12 (VIOLATED)
mprj/fanout625/X                         20     32    -12 (VIOLATED)
mprj/fanout626/X                         20     32    -12 (VIOLATED)
mprj/fanout630/X                         20     32    -12 (VIOLATED)
mprj/fanout631/X                         20     32    -12 (VIOLATED)
mprj/fanout632/X                         20     32    -12 (VIOLATED)
mprj/fanout634/X                         20     32    -12 (VIOLATED)
mprj/fanout635/X                         20     32    -12 (VIOLATED)
mprj/fanout636/X                         20     32    -12 (VIOLATED)
mprj/fanout639/X                         20     32    -12 (VIOLATED)
mprj/fanout640/X                         20     32    -12 (VIOLATED)
mprj/fanout641/X                         20     32    -12 (VIOLATED)
mprj/fanout643/X                         20     32    -12 (VIOLATED)
mprj/fanout644/X                         20     32    -12 (VIOLATED)
mprj/fanout645/X                         20     32    -12 (VIOLATED)
mprj/fanout649/X                         20     32    -12 (VIOLATED)
mprj/fanout650/X                         20     32    -12 (VIOLATED)
mprj/fanout651/X                         20     32    -12 (VIOLATED)
mprj/fanout653/X                         20     32    -12 (VIOLATED)
mprj/fanout655/X                         20     32    -12 (VIOLATED)
mprj/fanout656/X                         20     32    -12 (VIOLATED)
mprj/fanout658/X                         20     32    -12 (VIOLATED)
mprj/fanout659/X                         20     32    -12 (VIOLATED)
mprj/fanout661/X                         20     32    -12 (VIOLATED)
mprj/fanout662/X                         20     32    -12 (VIOLATED)
mprj/fanout663/X                         20     32    -12 (VIOLATED)
mprj/fanout665/X                         20     32    -12 (VIOLATED)
mprj/fanout666/X                         20     32    -12 (VIOLATED)
mprj/fanout667/X                         20     32    -12 (VIOLATED)
mprj/fanout668/X                         20     32    -12 (VIOLATED)
mprj/fanout670/X                         20     32    -12 (VIOLATED)
mprj/fanout672/X                         20     32    -12 (VIOLATED)
mprj/fanout673/X                         20     32    -12 (VIOLATED)
mprj/fanout674/X                         20     32    -12 (VIOLATED)
mprj/fanout677/X                         20     32    -12 (VIOLATED)
mprj/fanout679/X                         20     32    -12 (VIOLATED)
mprj/fanout681/X                         20     32    -12 (VIOLATED)
mprj/fanout682/X                         20     32    -12 (VIOLATED)
mprj/fanout684/X                         20     32    -12 (VIOLATED)
mprj/fanout686/X                         20     32    -12 (VIOLATED)
mprj/fanout688/X                         20     32    -12 (VIOLATED)
mprj/fanout689/X                         20     32    -12 (VIOLATED)
mprj/fanout690/X                         20     32    -12 (VIOLATED)
mprj/fanout691/X                         20     32    -12 (VIOLATED)
mprj/fanout693/X                         20     32    -12 (VIOLATED)
mprj/fanout694/X                         20     32    -12 (VIOLATED)
mprj/fanout695/X                         20     32    -12 (VIOLATED)
mprj/fanout698/X                         20     32    -12 (VIOLATED)
mprj/fanout699/X                         20     32    -12 (VIOLATED)
mprj/fanout701/X                         20     32    -12 (VIOLATED)
mprj/fanout703/X                         20     32    -12 (VIOLATED)
mprj/fanout708/X                         20     32    -12 (VIOLATED)
mprj/fanout711/X                         20     32    -12 (VIOLATED)
mprj/fanout713/X                         20     32    -12 (VIOLATED)
mprj/fanout715/X                         20     32    -12 (VIOLATED)
mprj/fanout716/X                         20     32    -12 (VIOLATED)
mprj/fanout717/X                         20     32    -12 (VIOLATED)
mprj/fanout718/X                         20     32    -12 (VIOLATED)
mprj/fanout719/X                         20     32    -12 (VIOLATED)
mprj/fanout721/X                         20     32    -12 (VIOLATED)
mprj/fanout722/X                         20     32    -12 (VIOLATED)
mprj/fanout723/X                         20     32    -12 (VIOLATED)
mprj/fanout726/X                         20     32    -12 (VIOLATED)
mprj/fanout727/X                         20     32    -12 (VIOLATED)
mprj/fanout728/X                         20     32    -12 (VIOLATED)
mprj/fanout730/X                         20     32    -12 (VIOLATED)
mprj/fanout731/X                         20     32    -12 (VIOLATED)
mprj/fanout732/X                         20     32    -12 (VIOLATED)
mprj/fanout736/X                         20     32    -12 (VIOLATED)
mprj/fanout737/X                         20     32    -12 (VIOLATED)
mprj/fanout739/X                         20     32    -12 (VIOLATED)
mprj/fanout741/X                         20     32    -12 (VIOLATED)
mprj/fanout743/X                         20     32    -12 (VIOLATED)
mprj/fanout744/X                         20     32    -12 (VIOLATED)
mprj/fanout747/X                         20     32    -12 (VIOLATED)
mprj/fanout748/X                         20     32    -12 (VIOLATED)
mprj/fanout749/X                         20     32    -12 (VIOLATED)
mprj/fanout751/X                         20     32    -12 (VIOLATED)
mprj/fanout752/X                         20     32    -12 (VIOLATED)
mprj/fanout753/X                         20     32    -12 (VIOLATED)
mprj/fanout756/X                         20     32    -12 (VIOLATED)
mprj/fanout757/X                         20     32    -12 (VIOLATED)
mprj/fanout758/X                         20     32    -12 (VIOLATED)
mprj/fanout760/X                         20     32    -12 (VIOLATED)
mprj/fanout761/X                         20     32    -12 (VIOLATED)
mprj/fanout762/X                         20     32    -12 (VIOLATED)
mprj/fanout765/X                         20     32    -12 (VIOLATED)
mprj/fanout766/X                         20     32    -12 (VIOLATED)
mprj/fanout768/X                         20     32    -12 (VIOLATED)
mprj/fanout770/X                         20     32    -12 (VIOLATED)
mprj/fanout771/X                         20     32    -12 (VIOLATED)
mprj/fanout772/X                         20     32    -12 (VIOLATED)
mprj/fanout775/X                         20     32    -12 (VIOLATED)
mprj/fanout776/X                         20     32    -12 (VIOLATED)
mprj/fanout777/X                         20     32    -12 (VIOLATED)
mprj/fanout779/X                         20     32    -12 (VIOLATED)
mprj/fanout780/X                         20     32    -12 (VIOLATED)
mprj/fanout781/X                         20     32    -12 (VIOLATED)
mprj/fanout784/X                         20     32    -12 (VIOLATED)
mprj/fanout785/X                         20     32    -12 (VIOLATED)
mprj/fanout787/X                         20     32    -12 (VIOLATED)
mprj/fanout789/X                         20     32    -12 (VIOLATED)
mprj/fanout790/X                         20     32    -12 (VIOLATED)
mprj/fanout791/X                         20     32    -12 (VIOLATED)
mprj/fanout793/X                         20     32    -12 (VIOLATED)
mprj/fanout794/X                         20     32    -12 (VIOLATED)
mprj/fanout795/X                         20     32    -12 (VIOLATED)
mprj/fanout797/X                         20     32    -12 (VIOLATED)
mprj/fanout799/X                         20     32    -12 (VIOLATED)
mprj/fanout800/X                         20     32    -12 (VIOLATED)
mprj/fanout803/X                         20     32    -12 (VIOLATED)
mprj/fanout804/X                         20     32    -12 (VIOLATED)
mprj/fanout805/X                         20     32    -12 (VIOLATED)
mprj/fanout807/X                         20     32    -12 (VIOLATED)
mprj/fanout808/X                         20     32    -12 (VIOLATED)
mprj/fanout809/X                         20     32    -12 (VIOLATED)
mprj/fanout812/X                         20     32    -12 (VIOLATED)
mprj/fanout813/X                         20     32    -12 (VIOLATED)
mprj/fanout815/X                         20     32    -12 (VIOLATED)
mprj/fanout817/X                         20     32    -12 (VIOLATED)
mprj/fanout818/X                         20     32    -12 (VIOLATED)
mprj/fanout819/X                         20     32    -12 (VIOLATED)
mprj/fanout822/X                         20     32    -12 (VIOLATED)
mprj/fanout823/X                         20     32    -12 (VIOLATED)
mprj/fanout824/X                         20     32    -12 (VIOLATED)
mprj/fanout826/X                         20     32    -12 (VIOLATED)
mprj/fanout827/X                         20     32    -12 (VIOLATED)
mprj/fanout828/X                         20     32    -12 (VIOLATED)
mprj/fanout831/X                         20     32    -12 (VIOLATED)
mprj/fanout832/X                         20     32    -12 (VIOLATED)
mprj/fanout833/X                         20     32    -12 (VIOLATED)
mprj/fanout835/X                         20     32    -12 (VIOLATED)
mprj/fanout836/X                         20     32    -12 (VIOLATED)
mprj/fanout837/X                         20     32    -12 (VIOLATED)
mprj/fanout840/X                         20     32    -12 (VIOLATED)
mprj/fanout841/X                         20     32    -12 (VIOLATED)
mprj/fanout842/X                         20     32    -12 (VIOLATED)
mprj/fanout844/X                         20     32    -12 (VIOLATED)
mprj/fanout846/X                         20     32    -12 (VIOLATED)
mprj/fanout847/X                         20     32    -12 (VIOLATED)
mprj/fanout850/X                         20     32    -12 (VIOLATED)
mprj/fanout851/X                         20     32    -12 (VIOLATED)
mprj/fanout853/X                         20     32    -12 (VIOLATED)
mprj/fanout856/X                         20     32    -12 (VIOLATED)
mprj/fanout858/X                         20     32    -12 (VIOLATED)
mprj/fanout867/X                         20     32    -12 (VIOLATED)
mprj/fanout870/X                         20     32    -12 (VIOLATED)
mprj/fanout871/X                         20     32    -12 (VIOLATED)
mprj/fanout873/X                         20     32    -12 (VIOLATED)
mprj/fanout875/X                         20     32    -12 (VIOLATED)
mprj/fanout876/X                         20     32    -12 (VIOLATED)
mprj/fanout877/X                         20     32    -12 (VIOLATED)
mprj/fanout878/X                         20     32    -12 (VIOLATED)
mprj/fanout881/X                         20     32    -12 (VIOLATED)
mprj/fanout882/X                         20     32    -12 (VIOLATED)
mprj/fanout883/X                         20     32    -12 (VIOLATED)
mprj/fanout884/X                         20     32    -12 (VIOLATED)
mprj/fanout886/X                         20     32    -12 (VIOLATED)
mprj/fanout888/X                         20     32    -12 (VIOLATED)
mprj/fanout89/X                          20     32    -12 (VIOLATED)
mprj/fanout893/X                         20     32    -12 (VIOLATED)
mprj/fanout894/X                         20     32    -12 (VIOLATED)
mprj/fanout895/X                         20     32    -12 (VIOLATED)
mprj/fanout898/X                         20     32    -12 (VIOLATED)
mprj/fanout899/X                         20     32    -12 (VIOLATED)
mprj/fanout90/X                          20     32    -12 (VIOLATED)
mprj/fanout900/X                         20     32    -12 (VIOLATED)
mprj/fanout902/X                         20     32    -12 (VIOLATED)
mprj/fanout905/X                         20     32    -12 (VIOLATED)
mprj/fanout906/X                         20     32    -12 (VIOLATED)
mprj/fanout909/X                         20     32    -12 (VIOLATED)
mprj/fanout91/X                          20     32    -12 (VIOLATED)
mprj/fanout910/X                         20     32    -12 (VIOLATED)
mprj/fanout911/X                         20     32    -12 (VIOLATED)
mprj/fanout913/X                         20     32    -12 (VIOLATED)
mprj/fanout915/X                         20     32    -12 (VIOLATED)
mprj/fanout916/X                         20     32    -12 (VIOLATED)
mprj/fanout917/X                         20     32    -12 (VIOLATED)
mprj/fanout918/X                         20     32    -12 (VIOLATED)
mprj/fanout919/X                         20     32    -12 (VIOLATED)
mprj/fanout922/X                         20     32    -12 (VIOLATED)
mprj/fanout925/X                         20     32    -12 (VIOLATED)
mprj/fanout926/X                         20     32    -12 (VIOLATED)
mprj/fanout927/X                         20     32    -12 (VIOLATED)
mprj/fanout928/X                         20     32    -12 (VIOLATED)
mprj/fanout929/X                         20     32    -12 (VIOLATED)
mprj/fanout933/X                         20     32    -12 (VIOLATED)
mprj/fanout936/X                         20     32    -12 (VIOLATED)
mprj/fanout937/X                         20     32    -12 (VIOLATED)
mprj/fanout94/X                          20     32    -12 (VIOLATED)
mprj/fanout940/X                         20     32    -12 (VIOLATED)
mprj/fanout941/X                         20     32    -12 (VIOLATED)
mprj/fanout942/X                         20     32    -12 (VIOLATED)
mprj/fanout946/X                         20     32    -12 (VIOLATED)
mprj/fanout948/X                         20     32    -12 (VIOLATED)
mprj/fanout949/X                         20     32    -12 (VIOLATED)
mprj/fanout95/X                          20     32    -12 (VIOLATED)
mprj/fanout950/X                         20     32    -12 (VIOLATED)
mprj/fanout951/X                         20     32    -12 (VIOLATED)
mprj/fanout952/X                         20     32    -12 (VIOLATED)
mprj/fanout954/X                         20     32    -12 (VIOLATED)
mprj/fanout955/X                         20     32    -12 (VIOLATED)
mprj/fanout957/X                         20     32    -12 (VIOLATED)
mprj/fanout96/X                          20     32    -12 (VIOLATED)
mprj/fanout960/X                         20     32    -12 (VIOLATED)
mprj/fanout962/X                         20     32    -12 (VIOLATED)
mprj/fanout965/X                         20     32    -12 (VIOLATED)
mprj/fanout967/X                         20     32    -12 (VIOLATED)
mprj/fanout968/X                         20     32    -12 (VIOLATED)
mprj/fanout969/X                         20     32    -12 (VIOLATED)
mprj/fanout971/X                         20     32    -12 (VIOLATED)
mprj/fanout973/X                         20     32    -12 (VIOLATED)
mprj/fanout974/X                         20     32    -12 (VIOLATED)
mprj/fanout975/X                         20     32    -12 (VIOLATED)
mprj/fanout977/X                         20     32    -12 (VIOLATED)
mprj/fanout979/X                         20     32    -12 (VIOLATED)
mprj/fanout98/X                          20     32    -12 (VIOLATED)
mprj/fanout982/X                         20     32    -12 (VIOLATED)
mprj/fanout985/X                         20     32    -12 (VIOLATED)
mprj/fanout987/X                         20     32    -12 (VIOLATED)
mprj/fanout99/X                          20     32    -12 (VIOLATED)
mprj/fanout990/X                         20     32    -12 (VIOLATED)
mprj/hold33/X                            20     32    -12 (VIOLATED)
mprj/hold41/X                            20     32    -12 (VIOLATED)
mprj/hold48/X                            20     32    -12 (VIOLATED)
mprj/hold54/X                            20     32    -12 (VIOLATED)
mprj/hold71/X                            20     32    -12 (VIOLATED)
mprj/_15863_/X                           20     30    -10 (VIOLATED)
mprj/_15883_/X                           20     30    -10 (VIOLATED)
mprj/_15926_/X                           20     30    -10 (VIOLATED)
mprj/_15941_/X                           20     30    -10 (VIOLATED)
mprj/_15946_/X                           20     30    -10 (VIOLATED)
mprj/_15954_/X                           20     30    -10 (VIOLATED)
mprj/_16615_/X                           20     30    -10 (VIOLATED)
mprj/_16629_/X                           20     30    -10 (VIOLATED)
mprj/_17244_/X                           20     30    -10 (VIOLATED)
mprj/_17257_/X                           20     30    -10 (VIOLATED)
mprj/_17262_/X                           20     30    -10 (VIOLATED)
mprj/_17909_/Y                           20     30    -10 (VIOLATED)
mprj/_17934_/X                           20     30    -10 (VIOLATED)
mprj/_17935_/X                           20     30    -10 (VIOLATED)
mprj/_20183_/X                           20     30    -10 (VIOLATED)
mprj/_20192_/X                           20     30    -10 (VIOLATED)
mprj/_20194_/Y                           20     30    -10 (VIOLATED)
mprj/_20197_/X                           20     30    -10 (VIOLATED)
mprj/_20202_/X                           20     30    -10 (VIOLATED)
mprj/_20205_/X                           20     30    -10 (VIOLATED)
mprj/_20210_/Y                           20     30    -10 (VIOLATED)
mprj/_20212_/Y                           20     30    -10 (VIOLATED)
mprj/_20217_/Y                           20     30    -10 (VIOLATED)
mprj/_20220_/X                           20     30    -10 (VIOLATED)
mprj/_20225_/Y                           20     30    -10 (VIOLATED)
mprj/_20229_/Y                           20     30    -10 (VIOLATED)
mprj/_20231_/Y                           20     30    -10 (VIOLATED)
mprj/_20235_/Y                           20     30    -10 (VIOLATED)
mprj/_20248_/Y                           20     30    -10 (VIOLATED)
mprj/_20250_/Y                           20     30    -10 (VIOLATED)
mprj/_20262_/Y                           20     30    -10 (VIOLATED)
mprj/_20266_/Y                           20     30    -10 (VIOLATED)
mprj/_20275_/Y                           20     30    -10 (VIOLATED)
mprj/_20279_/Y                           20     30    -10 (VIOLATED)
mprj/_20283_/X                           20     30    -10 (VIOLATED)
mprj/_20287_/Y                           20     30    -10 (VIOLATED)
mprj/_20291_/X                           20     30    -10 (VIOLATED)
mprj/_22284_/Y                           20     30    -10 (VIOLATED)
mprj/_23300_/Y                           20     30    -10 (VIOLATED)
mprj/_23315_/Y                           20     30    -10 (VIOLATED)
mprj/_23342_/Y                           20     30    -10 (VIOLATED)
mprj/_23375_/X                           20     30    -10 (VIOLATED)
mprj/_24213_/Y                           20     30    -10 (VIOLATED)
mprj/_24270_/Y                           20     30    -10 (VIOLATED)
mprj/_24299_/X                           20     30    -10 (VIOLATED)
mprj/_25133_/Y                           20     30    -10 (VIOLATED)
mprj/clkbuf_5_14__f_wb_clk_i/X           20     30    -10 (VIOLATED)
mprj/clkbuf_5_26__f_wb_clk_i/X           20     30    -10 (VIOLATED)
mprj/clkbuf_5_29__f_wb_clk_i/X           20     30    -10 (VIOLATED)
mprj/clkbuf_5_8__f_wb_clk_i/X            20     30    -10 (VIOLATED)
mprj/clkbuf_5_9__f_wb_clk_i/X            20     30    -10 (VIOLATED)
mprj/fanout1013/X                        20     30    -10 (VIOLATED)
mprj/fanout1074/X                        20     30    -10 (VIOLATED)
mprj/fanout1114/X                        20     30    -10 (VIOLATED)
mprj/fanout121/X                         20     30    -10 (VIOLATED)
mprj/fanout123/X                         20     30    -10 (VIOLATED)
mprj/fanout246/X                         20     30    -10 (VIOLATED)
mprj/fanout270/X                         20     30    -10 (VIOLATED)
mprj/fanout526/X                         20     30    -10 (VIOLATED)
mprj/fanout612/X                         20     30    -10 (VIOLATED)
mprj/fanout660/X                         20     30    -10 (VIOLATED)
mprj/fanout671/X                         20     30    -10 (VIOLATED)
mprj/fanout680/X                         20     30    -10 (VIOLATED)
mprj/fanout700/X                         20     30    -10 (VIOLATED)
mprj/fanout710/X                         20     30    -10 (VIOLATED)
mprj/fanout712/X                         20     30    -10 (VIOLATED)
mprj/fanout778/X                         20     30    -10 (VIOLATED)
mprj/fanout806/X                         20     30    -10 (VIOLATED)
mprj/fanout825/X                         20     30    -10 (VIOLATED)
mprj/fanout834/X                         20     30    -10 (VIOLATED)
mprj/fanout874/X                         20     30    -10 (VIOLATED)
mprj/fanout887/X                         20     30    -10 (VIOLATED)
mprj/fanout889/X                         20     30    -10 (VIOLATED)
mprj/fanout939/X                         20     30    -10 (VIOLATED)
mprj/_15855_/X                           20     28     -8 (VIOLATED)
mprj/_15897_/X                           20     28     -8 (VIOLATED)
mprj/_15910_/Y                           20     28     -8 (VIOLATED)
mprj/_16581_/Y                           20     28     -8 (VIOLATED)
mprj/_16607_/X                           20     28     -8 (VIOLATED)
mprj/_16650_/X                           20     28     -8 (VIOLATED)
mprj/_17261_/X                           20     28     -8 (VIOLATED)
mprj/_17274_/X                           20     28     -8 (VIOLATED)
mprj/_17902_/X                           20     28     -8 (VIOLATED)
mprj/_17948_/X                           20     28     -8 (VIOLATED)
mprj/_17990_/X                           20     28     -8 (VIOLATED)
mprj/_20177_/Y                           20     28     -8 (VIOLATED)
mprj/_20227_/Y                           20     28     -8 (VIOLATED)
mprj/_20246_/Y                           20     28     -8 (VIOLATED)
mprj/_20254_/Y                           20     28     -8 (VIOLATED)
mprj/_20293_/X                           20     28     -8 (VIOLATED)
mprj/_20403_/X                           20     28     -8 (VIOLATED)
mprj/_20405_/X                           20     28     -8 (VIOLATED)
mprj/_20408_/X                           20     28     -8 (VIOLATED)
mprj/_20430_/X                           20     28     -8 (VIOLATED)
mprj/_20437_/X                           20     28     -8 (VIOLATED)
mprj/_20444_/X                           20     28     -8 (VIOLATED)
mprj/_20449_/X                           20     28     -8 (VIOLATED)
mprj/_20451_/X                           20     28     -8 (VIOLATED)
mprj/_20454_/X                           20     28     -8 (VIOLATED)
mprj/_20457_/X                           20     28     -8 (VIOLATED)
mprj/_20460_/X                           20     28     -8 (VIOLATED)
mprj/_20470_/X                           20     28     -8 (VIOLATED)
mprj/_20474_/Y                           20     28     -8 (VIOLATED)
mprj/_20485_/X                           20     28     -8 (VIOLATED)
mprj/_20503_/X                           20     28     -8 (VIOLATED)
mprj/_20507_/X                           20     28     -8 (VIOLATED)
mprj/_20509_/X                           20     28     -8 (VIOLATED)
mprj/_20511_/X                           20     28     -8 (VIOLATED)
mprj/_20514_/Y                           20     28     -8 (VIOLATED)
mprj/_20516_/Y                           20     28     -8 (VIOLATED)
mprj/_20518_/Y                           20     28     -8 (VIOLATED)
mprj/_20520_/X                           20     28     -8 (VIOLATED)
mprj/_20522_/X                           20     28     -8 (VIOLATED)
mprj/_20526_/Y                           20     28     -8 (VIOLATED)
mprj/_20532_/X                           20     28     -8 (VIOLATED)
mprj/_20536_/Y                           20     28     -8 (VIOLATED)
mprj/_20550_/Y                           20     28     -8 (VIOLATED)
mprj/_20552_/X                           20     28     -8 (VIOLATED)
mprj/_20568_/Y                           20     28     -8 (VIOLATED)
mprj/_20570_/X                           20     28     -8 (VIOLATED)
mprj/_20574_/Y                           20     28     -8 (VIOLATED)
mprj/_20580_/X                           20     28     -8 (VIOLATED)
mprj/_20582_/X                           20     28     -8 (VIOLATED)
mprj/_20584_/X                           20     28     -8 (VIOLATED)
mprj/_20586_/X                           20     28     -8 (VIOLATED)
mprj/_22288_/Y                           20     28     -8 (VIOLATED)
mprj/_22435_/Y                           20     28     -8 (VIOLATED)
mprj/_23266_/Y                           20     28     -8 (VIOLATED)
mprj/_23271_/Y                           20     28     -8 (VIOLATED)
mprj/_23296_/Y                           20     28     -8 (VIOLATED)
mprj/_23309_/X                           20     28     -8 (VIOLATED)
mprj/_23319_/Y                           20     28     -8 (VIOLATED)
mprj/_24225_/Y                           20     28     -8 (VIOLATED)
mprj/_24283_/Y                           20     28     -8 (VIOLATED)
mprj/_24307_/Y                           20     28     -8 (VIOLATED)
mprj/_25174_/Y                           20     28     -8 (VIOLATED)
mprj/_25203_/Y                           20     28     -8 (VIOLATED)
mprj/clkbuf_5_0__f_wb_clk_i/X            20     28     -8 (VIOLATED)
mprj/clkbuf_5_22__f_wb_clk_i/X           20     28     -8 (VIOLATED)
mprj/clkbuf_5_23__f_wb_clk_i/X           20     28     -8 (VIOLATED)
mprj/clkbuf_5_3__f_wb_clk_i/X            20     28     -8 (VIOLATED)
mprj/clkbuf_5_7__f_wb_clk_i/X            20     28     -8 (VIOLATED)
mprj/fanout1036/X                        20     28     -8 (VIOLATED)
mprj/fanout1065/X                        20     28     -8 (VIOLATED)
mprj/fanout1158/X                        20     28     -8 (VIOLATED)
mprj/fanout211/X                         20     28     -8 (VIOLATED)
mprj/fanout285/X                         20     28     -8 (VIOLATED)
mprj/fanout367/X                         20     28     -8 (VIOLATED)
mprj/fanout406/X                         20     28     -8 (VIOLATED)
mprj/fanout421/X                         20     28     -8 (VIOLATED)
mprj/fanout427/X                         20     28     -8 (VIOLATED)
mprj/fanout448/X                         20     28     -8 (VIOLATED)
mprj/fanout474/X                         20     28     -8 (VIOLATED)
mprj/fanout491/X                         20     28     -8 (VIOLATED)
mprj/fanout623/X                         20     28     -8 (VIOLATED)
mprj/fanout633/X                         20     28     -8 (VIOLATED)
mprj/fanout642/X                         20     28     -8 (VIOLATED)
mprj/fanout720/X                         20     28     -8 (VIOLATED)
mprj/fanout750/X                         20     28     -8 (VIOLATED)
mprj/fanout755/X                         20     28     -8 (VIOLATED)
mprj/fanout759/X                         20     28     -8 (VIOLATED)
mprj/fanout792/X                         20     28     -8 (VIOLATED)
mprj/fanout796/X                         20     28     -8 (VIOLATED)
mprj/fanout820/X                         20     28     -8 (VIOLATED)
mprj/fanout843/X                         20     28     -8 (VIOLATED)
mprj/fanout92/X                          20     28     -8 (VIOLATED)
mprj/fanout923/X                         20     28     -8 (VIOLATED)
mprj/fanout966/X                         20     28     -8 (VIOLATED)
mprj/fanout97/X                          20     28     -8 (VIOLATED)
mprj/hold286/X                           20     28     -8 (VIOLATED)
mprj/hold322/X                           20     28     -8 (VIOLATED)
mprj/hold62/X                            20     28     -8 (VIOLATED)
mprj/wire586/X                           20     28     -8 (VIOLATED)
mprj/wire592/X                           20     28     -8 (VIOLATED)
mprj/wire866/X                           20     28     -8 (VIOLATED)
mprj/_15885_/Y                           20     26     -6 (VIOLATED)
mprj/_15892_/X                           20     26     -6 (VIOLATED)
mprj/_15931_/X                           20     26     -6 (VIOLATED)
mprj/_15935_/X                           20     26     -6 (VIOLATED)
mprj/_16554_/X                           20     26     -6 (VIOLATED)
mprj/_16573_/X                           20     26     -6 (VIOLATED)
mprj/_16580_/X                           20     26     -6 (VIOLATED)
mprj/_16601_/Y                           20     26     -6 (VIOLATED)
mprj/_16605_/X                           20     26     -6 (VIOLATED)
mprj/_16606_/X                           20     26     -6 (VIOLATED)
mprj/_16627_/X                           20     26     -6 (VIOLATED)
mprj/_16658_/X                           20     26     -6 (VIOLATED)
mprj/_16668_/X                           20     26     -6 (VIOLATED)
mprj/_17206_/Y                           20     26     -6 (VIOLATED)
mprj/_17280_/X                           20     26     -6 (VIOLATED)
mprj/_17308_/X                           20     26     -6 (VIOLATED)
mprj/_17901_/Y                           20     26     -6 (VIOLATED)
mprj/_18002_/X                           20     26     -6 (VIOLATED)
mprj/_22325_/Y                           20     26     -6 (VIOLATED)
mprj/_22368_/Y                           20     26     -6 (VIOLATED)
mprj/_22376_/Y                           20     26     -6 (VIOLATED)
mprj/_22392_/X                           20     26     -6 (VIOLATED)
mprj/_22461_/Y                           20     26     -6 (VIOLATED)
mprj/_23264_/Y                           20     26     -6 (VIOLATED)
mprj/_23274_/Y                           20     26     -6 (VIOLATED)
mprj/_23325_/X                           20     26     -6 (VIOLATED)
mprj/_23331_/Y                           20     26     -6 (VIOLATED)
mprj/_23337_/Y                           20     26     -6 (VIOLATED)
mprj/_24210_/Y                           20     26     -6 (VIOLATED)
mprj/_24211_/X                           20     26     -6 (VIOLATED)
mprj/_24277_/Y                           20     26     -6 (VIOLATED)
mprj/_25060_/Y                           20     26     -6 (VIOLATED)
mprj/_25064_/X                           20     26     -6 (VIOLATED)
mprj/_25075_/Y                           20     26     -6 (VIOLATED)
mprj/_25090_/X                           20     26     -6 (VIOLATED)
mprj/_25101_/Y                           20     26     -6 (VIOLATED)
mprj/_25149_/X                           20     26     -6 (VIOLATED)
mprj/_25159_/Y                           20     26     -6 (VIOLATED)
mprj/clkbuf_5_11__f_wb_clk_i/X           20     26     -6 (VIOLATED)
mprj/clkbuf_5_13__f_wb_clk_i/X           20     26     -6 (VIOLATED)
mprj/clkbuf_5_20__f_wb_clk_i/X           20     26     -6 (VIOLATED)
mprj/clkbuf_5_21__f_wb_clk_i/X           20     26     -6 (VIOLATED)
mprj/clkbuf_5_27__f_wb_clk_i/X           20     26     -6 (VIOLATED)
mprj/clkbuf_5_2__f_wb_clk_i/X            20     26     -6 (VIOLATED)
mprj/clkbuf_5_30__f_wb_clk_i/X           20     26     -6 (VIOLATED)
mprj/clkbuf_5_5__f_wb_clk_i/X            20     26     -6 (VIOLATED)
mprj/fanout1060/X                        20     26     -6 (VIOLATED)
mprj/fanout212/X                         20     26     -6 (VIOLATED)
mprj/fanout288/X                         20     26     -6 (VIOLATED)
mprj/fanout400/X                         20     26     -6 (VIOLATED)
mprj/fanout452/X                         20     26     -6 (VIOLATED)
mprj/fanout479/X                         20     26     -6 (VIOLATED)
mprj/fanout484/X                         20     26     -6 (VIOLATED)
mprj/fanout486/X                         20     26     -6 (VIOLATED)
mprj/fanout533/X                         20     26     -6 (VIOLATED)
mprj/fanout558/X                         20     26     -6 (VIOLATED)
mprj/fanout565/X                         20     26     -6 (VIOLATED)
mprj/fanout627/X                         20     26     -6 (VIOLATED)
mprj/fanout646/X                         20     26     -6 (VIOLATED)
mprj/fanout652/X                         20     26     -6 (VIOLATED)
mprj/fanout692/X                         20     26     -6 (VIOLATED)
mprj/fanout704/X                         20     26     -6 (VIOLATED)
mprj/fanout733/X                         20     26     -6 (VIOLATED)
mprj/fanout763/X                         20     26     -6 (VIOLATED)
mprj/fanout764/X                         20     26     -6 (VIOLATED)
mprj/fanout783/X                         20     26     -6 (VIOLATED)
mprj/fanout811/X                         20     26     -6 (VIOLATED)
mprj/fanout830/X                         20     26     -6 (VIOLATED)
mprj/fanout839/X                         20     26     -6 (VIOLATED)
mprj/fanout912/X                         20     26     -6 (VIOLATED)
mprj/fanout921/X                         20     26     -6 (VIOLATED)
mprj/fanout924/X                         20     26     -6 (VIOLATED)
mprj/fanout956/X                         20     26     -6 (VIOLATED)
mprj/fanout961/X                         20     26     -6 (VIOLATED)
mprj/fanout978/X                         20     26     -6 (VIOLATED)
mprj/fanout984/X                         20     26     -6 (VIOLATED)
mprj/fanout986/X                         20     26     -6 (VIOLATED)
mprj/max_length578/X                     20     26     -6 (VIOLATED)
mprj/wire581/X                           20     26     -6 (VIOLATED)
mprj/wire589/X                           20     26     -6 (VIOLATED)
mprj/_15810_/X                           20     24     -4 (VIOLATED)
mprj/_15869_/X                           20     24     -4 (VIOLATED)
mprj/_15882_/X                           20     24     -4 (VIOLATED)
mprj/_15909_/X                           20     24     -4 (VIOLATED)
mprj/_15973_/X                           20     24     -4 (VIOLATED)
mprj/_16597_/X                           20     24     -4 (VIOLATED)
mprj/_16617_/X                           20     24     -4 (VIOLATED)
mprj/_16677_/X                           20     24     -4 (VIOLATED)
mprj/_17238_/X                           20     24     -4 (VIOLATED)
mprj/_17313_/X                           20     24     -4 (VIOLATED)
mprj/_17919_/X                           20     24     -4 (VIOLATED)
mprj/_22313_/X                           20     24     -4 (VIOLATED)
mprj/_23285_/Y                           20     24     -4 (VIOLATED)
mprj/_23306_/Y                           20     24     -4 (VIOLATED)
mprj/_23369_/Y                           20     24     -4 (VIOLATED)
mprj/_24221_/Y                           20     24     -4 (VIOLATED)
mprj/_24340_/Y                           20     24     -4 (VIOLATED)
mprj/_25057_/Y                           20     24     -4 (VIOLATED)
mprj/_25061_/X                           20     24     -4 (VIOLATED)
mprj/_25096_/Y                           20     24     -4 (VIOLATED)
mprj/_25111_/Y                           20     24     -4 (VIOLATED)
mprj/_25120_/Y                           20     24     -4 (VIOLATED)
mprj/_25187_/X                           20     24     -4 (VIOLATED)
mprj/clkbuf_5_16__f_wb_clk_i/X           20     24     -4 (VIOLATED)
mprj/clkbuf_5_18__f_wb_clk_i/X           20     24     -4 (VIOLATED)
mprj/clkbuf_5_25__f_wb_clk_i/X           20     24     -4 (VIOLATED)
mprj/clkbuf_5_28__f_wb_clk_i/X           20     24     -4 (VIOLATED)
mprj/fanout101/X                         20     24     -4 (VIOLATED)
mprj/fanout1033/X                        20     24     -4 (VIOLATED)
mprj/fanout1110/X                        20     24     -4 (VIOLATED)
mprj/fanout1111/X                        20     24     -4 (VIOLATED)
mprj/fanout1142/X                        20     24     -4 (VIOLATED)
mprj/fanout1222/X                        20     24     -4 (VIOLATED)
mprj/fanout125/X                         20     24     -4 (VIOLATED)
mprj/fanout136/X                         20     24     -4 (VIOLATED)
mprj/fanout214/X                         20     24     -4 (VIOLATED)
mprj/fanout222/X                         20     24     -4 (VIOLATED)
mprj/fanout254/X                         20     24     -4 (VIOLATED)
mprj/fanout389/X                         20     24     -4 (VIOLATED)
mprj/fanout431/X                         20     24     -4 (VIOLATED)
mprj/fanout442/X                         20     24     -4 (VIOLATED)
mprj/fanout459/X                         20     24     -4 (VIOLATED)
mprj/fanout518/X                         20     24     -4 (VIOLATED)
mprj/fanout524/X                         20     24     -4 (VIOLATED)
mprj/fanout535/X                         20     24     -4 (VIOLATED)
mprj/fanout549/X                         20     24     -4 (VIOLATED)
mprj/fanout559/X                         20     24     -4 (VIOLATED)
mprj/fanout601/X                         20     24     -4 (VIOLATED)
mprj/fanout637/X                         20     24     -4 (VIOLATED)
mprj/fanout685/X                         20     24     -4 (VIOLATED)
mprj/fanout714/X                         20     24     -4 (VIOLATED)
mprj/fanout724/X                         20     24     -4 (VIOLATED)
mprj/fanout729/X                         20     24     -4 (VIOLATED)
mprj/fanout745/X                         20     24     -4 (VIOLATED)
mprj/fanout754/X                         20     24     -4 (VIOLATED)
mprj/fanout773/X                         20     24     -4 (VIOLATED)
mprj/fanout774/X                         20     24     -4 (VIOLATED)
mprj/fanout782/X                         20     24     -4 (VIOLATED)
mprj/fanout810/X                         20     24     -4 (VIOLATED)
mprj/fanout829/X                         20     24     -4 (VIOLATED)
mprj/fanout838/X                         20     24     -4 (VIOLATED)
mprj/fanout854/X                         20     24     -4 (VIOLATED)
mprj/fanout872/X                         20     24     -4 (VIOLATED)
mprj/fanout885/X                         20     24     -4 (VIOLATED)
mprj/fanout890/X                         20     24     -4 (VIOLATED)
mprj/fanout901/X                         20     24     -4 (VIOLATED)
mprj/fanout907/X                         20     24     -4 (VIOLATED)
mprj/fanout972/X                         20     24     -4 (VIOLATED)
mprj/fanout976/X                         20     24     -4 (VIOLATED)
mprj/fanout996/X                         20     24     -4 (VIOLATED)
mprj/hold130/X                           20     24     -4 (VIOLATED)
mprj/hold169/X                           20     24     -4 (VIOLATED)
mprj/hold209/X                           20     24     -4 (VIOLATED)
mprj/hold361/X                           20     24     -4 (VIOLATED)
mprj/hold442/X                           20     24     -4 (VIOLATED)
mprj/hold460/X                           20     24     -4 (VIOLATED)
mprj/hold545/X                           20     24     -4 (VIOLATED)
mprj/hold646/X                           20     24     -4 (VIOLATED)
mprj/hold650/X                           20     24     -4 (VIOLATED)
mprj/hold660/X                           20     24     -4 (VIOLATED)
mprj/max_length574/X                     20     24     -4 (VIOLATED)
mprj/_15901_/X                           20     22     -2 (VIOLATED)
mprj/_15916_/X                           20     22     -2 (VIOLATED)
mprj/_15917_/X                           20     22     -2 (VIOLATED)
mprj/_16600_/X                           20     22     -2 (VIOLATED)
mprj/_16613_/X                           20     22     -2 (VIOLATED)
mprj/_16634_/X                           20     22     -2 (VIOLATED)
mprj/_16666_/X                           20     22     -2 (VIOLATED)
mprj/_16754_/X                           20     22     -2 (VIOLATED)
mprj/_17243_/X                           20     22     -2 (VIOLATED)
mprj/_17247_/X                           20     22     -2 (VIOLATED)
mprj/_17303_/X                           20     22     -2 (VIOLATED)
mprj/_17872_/Y                           20     22     -2 (VIOLATED)
mprj/_17913_/X                           20     22     -2 (VIOLATED)
mprj/_17983_/X                           20     22     -2 (VIOLATED)
mprj/_20179_/Y                           20     22     -2 (VIOLATED)
mprj/_20185_/X                           20     22     -2 (VIOLATED)
mprj/_20188_/Y                           20     22     -2 (VIOLATED)
mprj/_20207_/Y                           20     22     -2 (VIOLATED)
mprj/_20222_/Y                           20     22     -2 (VIOLATED)
mprj/_20240_/Y                           20     22     -2 (VIOLATED)
mprj/_20243_/Y                           20     22     -2 (VIOLATED)
mprj/_22307_/Y                           20     22     -2 (VIOLATED)
mprj/_22364_/Y                           20     22     -2 (VIOLATED)
mprj/_22366_/X                           20     22     -2 (VIOLATED)
mprj/_22389_/Y                           20     22     -2 (VIOLATED)
mprj/_22396_/Y                           20     22     -2 (VIOLATED)
mprj/_23244_/Y                           20     22     -2 (VIOLATED)
mprj/_23252_/Y                           20     22     -2 (VIOLATED)
mprj/_23287_/Y                           20     22     -2 (VIOLATED)
mprj/_23298_/Y                           20     22     -2 (VIOLATED)
mprj/_23311_/Y                           20     22     -2 (VIOLATED)
mprj/_23348_/X                           20     22     -2 (VIOLATED)
mprj/_24249_/Y                           20     22     -2 (VIOLATED)
mprj/_24265_/X                           20     22     -2 (VIOLATED)
mprj/_24271_/Y                           20     22     -2 (VIOLATED)
mprj/_24275_/Y                           20     22     -2 (VIOLATED)
mprj/_24278_/X                           20     22     -2 (VIOLATED)
mprj/_24304_/X                           20     22     -2 (VIOLATED)
mprj/_24334_/X                           20     22     -2 (VIOLATED)
mprj/_25086_/X                           20     22     -2 (VIOLATED)
mprj/_25094_/Y                           20     22     -2 (VIOLATED)
mprj/_25152_/X                           20     22     -2 (VIOLATED)
mprj/_31075_/Q                           20     22     -2 (VIOLATED)
mprj/_31099_/Q                           20     22     -2 (VIOLATED)
mprj/_33336_/Q                           20     22     -2 (VIOLATED)
mprj/clkbuf_5_31__f_wb_clk_i/X           20     22     -2 (VIOLATED)
mprj/fanout1007/X                        20     22     -2 (VIOLATED)
mprj/fanout1019/X                        20     22     -2 (VIOLATED)
mprj/fanout1081/X                        20     22     -2 (VIOLATED)
mprj/fanout1096/X                        20     22     -2 (VIOLATED)
mprj/fanout1107/X                        20     22     -2 (VIOLATED)
mprj/fanout1149/X                        20     22     -2 (VIOLATED)
mprj/fanout1199/X                        20     22     -2 (VIOLATED)
mprj/fanout244/X                         20     22     -2 (VIOLATED)
mprj/fanout247/X                         20     22     -2 (VIOLATED)
mprj/fanout293/X                         20     22     -2 (VIOLATED)
mprj/fanout301/X                         20     22     -2 (VIOLATED)
mprj/fanout336/X                         20     22     -2 (VIOLATED)
mprj/fanout358/X                         20     22     -2 (VIOLATED)
mprj/fanout464/X                         20     22     -2 (VIOLATED)
mprj/fanout466/X                         20     22     -2 (VIOLATED)
mprj/fanout481/X                         20     22     -2 (VIOLATED)
mprj/fanout482/X                         20     22     -2 (VIOLATED)
mprj/fanout503/X                         20     22     -2 (VIOLATED)
mprj/fanout522/X                         20     22     -2 (VIOLATED)
mprj/fanout548/X                         20     22     -2 (VIOLATED)
mprj/fanout610/X                         20     22     -2 (VIOLATED)
mprj/fanout613/X                         20     22     -2 (VIOLATED)
mprj/fanout675/X                         20     22     -2 (VIOLATED)
mprj/fanout740/X                         20     22     -2 (VIOLATED)
mprj/fanout788/X                         20     22     -2 (VIOLATED)
mprj/fanout897/X                         20     22     -2 (VIOLATED)
mprj/fanout938/X                         20     22     -2 (VIOLATED)
mprj/fanout959/X                         20     22     -2 (VIOLATED)
mprj/fanout964/X                         20     22     -2 (VIOLATED)
mprj/hold112/X                           20     22     -2 (VIOLATED)
mprj/hold135/X                           20     22     -2 (VIOLATED)
mprj/hold151/X                           20     22     -2 (VIOLATED)
mprj/hold177/X                           20     22     -2 (VIOLATED)
mprj/hold18/X                            20     22     -2 (VIOLATED)
mprj/hold198/X                           20     22     -2 (VIOLATED)
mprj/hold228/X                           20     22     -2 (VIOLATED)
mprj/hold236/X                           20     22     -2 (VIOLATED)
mprj/hold266/X                           20     22     -2 (VIOLATED)
mprj/hold271/X                           20     22     -2 (VIOLATED)
mprj/hold281/X                           20     22     -2 (VIOLATED)
mprj/hold291/X                           20     22     -2 (VIOLATED)
mprj/hold309/X                           20     22     -2 (VIOLATED)
mprj/hold329/X                           20     22     -2 (VIOLATED)
mprj/hold367/X                           20     22     -2 (VIOLATED)
mprj/hold402/X                           20     22     -2 (VIOLATED)
mprj/hold413/X                           20     22     -2 (VIOLATED)
mprj/hold496/X                           20     22     -2 (VIOLATED)
mprj/hold519/X                           20     22     -2 (VIOLATED)
mprj/hold7/X                             20     22     -2 (VIOLATED)
mprj/hold88/X                            20     22     -2 (VIOLATED)



===========================================================================
report_parasitic_annotation -report_unannotated
============================================================================
Found 324 unannotated drivers.
 analog_io[0]
 analog_io[10]
 analog_io[11]
 analog_io[12]
 analog_io[13]
 analog_io[14]
 analog_io[15]
 analog_io[16]
 analog_io[17]
 analog_io[18]
 analog_io[19]
 analog_io[1]
 analog_io[20]
 analog_io[21]
 analog_io[22]
 analog_io[23]
 analog_io[24]
 analog_io[25]
 analog_io[26]
 analog_io[27]
 analog_io[28]
 analog_io[2]
 analog_io[3]
 analog_io[4]
 analog_io[5]
 analog_io[6]
 analog_io[7]
 analog_io[8]
 analog_io[9]
 io_in[0]
 io_in[10]
 io_in[11]
 io_in[12]
 io_in[13]
 io_in[14]
 io_in[15]
 io_in[16]
 io_in[17]
 io_in[18]
 io_in[19]
 io_in[1]
 io_in[20]
 io_in[21]
 io_in[22]
 io_in[23]
 io_in[24]
 io_in[25]
 io_in[26]
 io_in[27]
 io_in[28]
 io_in[29]
 io_in[2]
 io_in[30]
 io_in[31]
 io_in[32]
 io_in[33]
 io_in[34]
 io_in[35]
 io_in[36]
 io_in[37]
 io_in[3]
 io_in[4]
 io_in[5]
 io_in[6]
 io_in[7]
 io_in[8]
 io_in[9]
 la_data_in[0]
 la_data_in[100]
 la_data_in[101]
 la_data_in[102]
 la_data_in[103]
 la_data_in[104]
 la_data_in[105]
 la_data_in[106]
 la_data_in[107]
 la_data_in[108]
 la_data_in[109]
 la_data_in[10]
 la_data_in[110]
 la_data_in[111]
 la_data_in[112]
 la_data_in[113]
 la_data_in[114]
 la_data_in[115]
 la_data_in[116]
 la_data_in[117]
 la_data_in[118]
 la_data_in[119]
 la_data_in[11]
 la_data_in[120]
 la_data_in[121]
 la_data_in[122]
 la_data_in[123]
 la_data_in[124]
 la_data_in[125]
 la_data_in[126]
 la_data_in[127]
 la_data_in[12]
 la_data_in[13]
 la_data_in[14]
 la_data_in[15]
 la_data_in[16]
 la_data_in[17]
 la_data_in[18]
 la_data_in[19]
 la_data_in[1]
 la_data_in[20]
 la_data_in[21]
 la_data_in[22]
 la_data_in[23]
 la_data_in[24]
 la_data_in[25]
 la_data_in[26]
 la_data_in[27]
 la_data_in[28]
 la_data_in[29]
 la_data_in[2]
 la_data_in[30]
 la_data_in[31]
 la_data_in[32]
 la_data_in[33]
 la_data_in[34]
 la_data_in[35]
 la_data_in[36]
 la_data_in[37]
 la_data_in[38]
 la_data_in[39]
 la_data_in[3]
 la_data_in[40]
 la_data_in[41]
 la_data_in[42]
 la_data_in[43]
 la_data_in[44]
 la_data_in[45]
 la_data_in[46]
 la_data_in[47]
 la_data_in[48]
 la_data_in[49]
 la_data_in[4]
 la_data_in[50]
 la_data_in[51]
 la_data_in[52]
 la_data_in[53]
 la_data_in[54]
 la_data_in[55]
 la_data_in[56]
 la_data_in[57]
 la_data_in[58]
 la_data_in[59]
 la_data_in[5]
 la_data_in[60]
 la_data_in[61]
 la_data_in[62]
 la_data_in[63]
 la_data_in[64]
 la_data_in[65]
 la_data_in[66]
 la_data_in[67]
 la_data_in[68]
 la_data_in[69]
 la_data_in[6]
 la_data_in[70]
 la_data_in[71]
 la_data_in[72]
 la_data_in[73]
 la_data_in[74]
 la_data_in[75]
 la_data_in[76]
 la_data_in[77]
 la_data_in[78]
 la_data_in[79]
 la_data_in[7]
 la_data_in[80]
 la_data_in[81]
 la_data_in[82]
 la_data_in[83]
 la_data_in[84]
 la_data_in[85]
 la_data_in[86]
 la_data_in[87]
 la_data_in[88]
 la_data_in[89]
 la_data_in[8]
 la_data_in[90]
 la_data_in[91]
 la_data_in[92]
 la_data_in[93]
 la_data_in[94]
 la_data_in[95]
 la_data_in[96]
 la_data_in[97]
 la_data_in[98]
 la_data_in[99]
 la_data_in[9]
 la_oenb[0]
 la_oenb[100]
 la_oenb[101]
 la_oenb[102]
 la_oenb[103]
 la_oenb[104]
 la_oenb[105]
 la_oenb[106]
 la_oenb[107]
 la_oenb[108]
 la_oenb[109]
 la_oenb[10]
 la_oenb[110]
 la_oenb[111]
 la_oenb[112]
 la_oenb[113]
 la_oenb[114]
 la_oenb[115]
 la_oenb[116]
 la_oenb[117]
 la_oenb[118]
 la_oenb[119]
 la_oenb[11]
 la_oenb[120]
 la_oenb[121]
 la_oenb[122]
 la_oenb[123]
 la_oenb[124]
 la_oenb[125]
 la_oenb[126]
 la_oenb[127]
 la_oenb[12]
 la_oenb[13]
 la_oenb[14]
 la_oenb[15]
 la_oenb[16]
 la_oenb[17]
 la_oenb[18]
 la_oenb[19]
 la_oenb[1]
 la_oenb[20]
 la_oenb[21]
 la_oenb[22]
 la_oenb[23]
 la_oenb[24]
 la_oenb[25]
 la_oenb[26]
 la_oenb[27]
 la_oenb[28]
 la_oenb[29]
 la_oenb[2]
 la_oenb[30]
 la_oenb[31]
 la_oenb[32]
 la_oenb[33]
 la_oenb[34]
 la_oenb[35]
 la_oenb[36]
 la_oenb[37]
 la_oenb[38]
 la_oenb[39]
 la_oenb[3]
 la_oenb[40]
 la_oenb[41]
 la_oenb[42]
 la_oenb[43]
 la_oenb[44]
 la_oenb[45]
 la_oenb[46]
 la_oenb[47]
 la_oenb[48]
 la_oenb[49]
 la_oenb[4]
 la_oenb[50]
 la_oenb[51]
 la_oenb[52]
 la_oenb[53]
 la_oenb[54]
 la_oenb[55]
 la_oenb[56]
 la_oenb[57]
 la_oenb[58]
 la_oenb[59]
 la_oenb[5]
 la_oenb[60]
 la_oenb[61]
 la_oenb[62]
 la_oenb[63]
 la_oenb[64]
 la_oenb[65]
 la_oenb[66]
 la_oenb[67]
 la_oenb[68]
 la_oenb[69]
 la_oenb[6]
 la_oenb[70]
 la_oenb[71]
 la_oenb[72]
 la_oenb[73]
 la_oenb[74]
 la_oenb[75]
 la_oenb[76]
 la_oenb[77]
 la_oenb[78]
 la_oenb[79]
 la_oenb[7]
 la_oenb[80]
 la_oenb[81]
 la_oenb[82]
 la_oenb[83]
 la_oenb[84]
 la_oenb[85]
 la_oenb[86]
 la_oenb[87]
 la_oenb[88]
 la_oenb[89]
 la_oenb[8]
 la_oenb[90]
 la_oenb[91]
 la_oenb[92]
 la_oenb[93]
 la_oenb[94]
 la_oenb[95]
 la_oenb[96]
 la_oenb[97]
 la_oenb[98]
 la_oenb[99]
 la_oenb[9]
 user_clock2
Found 0 partially unannotated drivers.

===========================================================================
max slew violation count 0
max fanout violation count 992
max cap violation count 0
============================================================================

===========================================================================
check_setup -verbose -unconstrained_endpoints -multiple_clock -no_clock -no_input_delay -loops -generated_clocks
===========================================================================
Warning: There are 70 input ports missing set_input_delay.
  analog_io[0]
  analog_io[10]
  analog_io[11]
  analog_io[12]
  analog_io[13]
  analog_io[14]
  analog_io[15]
  analog_io[16]
  analog_io[17]
  analog_io[18]
  analog_io[19]
  analog_io[1]
  analog_io[20]
  analog_io[21]
  analog_io[22]
  analog_io[23]
  analog_io[24]
  analog_io[25]
  analog_io[26]
  analog_io[27]
  analog_io[28]
  analog_io[2]
  analog_io[3]
  analog_io[4]
  analog_io[5]
  analog_io[6]
  analog_io[7]
  analog_io[8]
  analog_io[9]
  io_in[0]
  io_in[10]
  io_in[11]
  io_in[12]
  io_in[13]
  io_in[14]
  io_in[15]
  io_in[16]
  io_in[17]
  io_in[18]
  io_in[19]
  io_in[1]
  io_in[20]
  io_in[21]
  io_in[22]
  io_in[23]
  io_in[24]
  io_in[25]
  io_in[26]
  io_in[27]
  io_in[28]
  io_in[29]
  io_in[2]
  io_in[30]
  io_in[31]
  io_in[32]
  io_in[33]
  io_in[34]
  io_in[35]
  io_in[36]
  io_in[37]
  io_in[3]
  io_in[4]
  io_in[5]
  io_in[6]
  io_in[7]
  io_in[8]
  io_in[9]
  user_clock2
  wbs_adr_i[0]
  wbs_adr_i[1]
Warning: There are 236 unconstrained endpoints.
  analog_io[0]
  analog_io[10]
  analog_io[11]
  analog_io[12]
  analog_io[13]
  analog_io[14]
  analog_io[15]
  analog_io[16]
  analog_io[17]
  analog_io[18]
  analog_io[19]
  analog_io[1]
  analog_io[20]
  analog_io[21]
  analog_io[22]
  analog_io[23]
  analog_io[24]
  analog_io[25]
  analog_io[26]
  analog_io[27]
  analog_io[28]
  analog_io[2]
  analog_io[3]
  analog_io[4]
  analog_io[5]
  analog_io[6]
  analog_io[7]
  analog_io[8]
  analog_io[9]
  io_oeb[0]
  io_oeb[10]
  io_oeb[11]
  io_oeb[12]
  io_oeb[13]
  io_oeb[14]
  io_oeb[15]
  io_oeb[16]
  io_oeb[17]
  io_oeb[18]
  io_oeb[19]
  io_oeb[1]
  io_oeb[20]
  io_oeb[21]
  io_oeb[22]
  io_oeb[23]
  io_oeb[24]
  io_oeb[25]
  io_oeb[26]
  io_oeb[27]
  io_oeb[28]
  io_oeb[29]
  io_oeb[2]
  io_oeb[30]
  io_oeb[31]
  io_oeb[32]
  io_oeb[33]
  io_oeb[34]
  io_oeb[35]
  io_oeb[36]
  io_oeb[37]
  io_oeb[3]
  io_oeb[4]
  io_oeb[5]
  io_oeb[6]
  io_oeb[7]
  io_oeb[8]
  io_oeb[9]
  io_out[0]
  io_out[10]
  io_out[11]
  io_out[12]
  io_out[13]
  io_out[14]
  io_out[15]
  io_out[16]
  io_out[17]
  io_out[18]
  io_out[19]
  io_out[1]
  io_out[20]
  io_out[21]
  io_out[22]
  io_out[23]
  io_out[24]
  io_out[25]
  io_out[26]
  io_out[27]
  io_out[28]
  io_out[29]
  io_out[2]
  io_out[30]
  io_out[31]
  io_out[32]
  io_out[33]
  io_out[34]
  io_out[35]
  io_out[36]
  io_out[37]
  io_out[3]
  io_out[4]
  io_out[5]
  io_out[6]
  io_out[7]
  io_out[8]
  io_out[9]
  la_data_out[0]
  la_data_out[100]
  la_data_out[101]
  la_data_out[102]
  la_data_out[103]
  la_data_out[104]
  la_data_out[105]
  la_data_out[106]
  la_data_out[107]
  la_data_out[108]
  la_data_out[109]
  la_data_out[10]
  la_data_out[110]
  la_data_out[111]
  la_data_out[112]
  la_data_out[113]
  la_data_out[114]
  la_data_out[115]
  la_data_out[116]
  la_data_out[117]
  la_data_out[118]
  la_data_out[119]
  la_data_out[11]
  la_data_out[120]
  la_data_out[121]
  la_data_out[122]
  la_data_out[123]
  la_data_out[124]
  la_data_out[125]
  la_data_out[126]
  la_data_out[127]
  la_data_out[12]
  la_data_out[13]
  la_data_out[14]
  la_data_out[15]
  la_data_out[16]
  la_data_out[17]
  la_data_out[18]
  la_data_out[19]
  la_data_out[1]
  la_data_out[20]
  la_data_out[21]
  la_data_out[22]
  la_data_out[23]
  la_data_out[24]
  la_data_out[25]
  la_data_out[26]
  la_data_out[27]
  la_data_out[28]
  la_data_out[29]
  la_data_out[2]
  la_data_out[30]
  la_data_out[31]
  la_data_out[32]
  la_data_out[33]
  la_data_out[34]
  la_data_out[35]
  la_data_out[36]
  la_data_out[37]
  la_data_out[38]
  la_data_out[39]
  la_data_out[3]
  la_data_out[40]
  la_data_out[41]
  la_data_out[42]
  la_data_out[43]
  la_data_out[44]
  la_data_out[45]
  la_data_out[46]
  la_data_out[47]
  la_data_out[48]
  la_data_out[49]
  la_data_out[4]
  la_data_out[50]
  la_data_out[51]
  la_data_out[52]
  la_data_out[53]
  la_data_out[54]
  la_data_out[55]
  la_data_out[56]
  la_data_out[57]
  la_data_out[58]
  la_data_out[59]
  la_data_out[5]
  la_data_out[60]
  la_data_out[61]
  la_data_out[62]
  la_data_out[63]
  la_data_out[64]
  la_data_out[65]
  la_data_out[66]
  la_data_out[67]
  la_data_out[68]
  la_data_out[69]
  la_data_out[6]
  la_data_out[70]
  la_data_out[71]
  la_data_out[72]
  la_data_out[73]
  la_data_out[74]
  la_data_out[75]
  la_data_out[76]
  la_data_out[77]
  la_data_out[78]
  la_data_out[79]
  la_data_out[7]
  la_data_out[80]
  la_data_out[81]
  la_data_out[82]
  la_data_out[83]
  la_data_out[84]
  la_data_out[85]
  la_data_out[86]
  la_data_out[87]
  la_data_out[88]
  la_data_out[89]
  la_data_out[8]
  la_data_out[90]
  la_data_out[91]
  la_data_out[92]
  la_data_out[93]
  la_data_out[94]
  la_data_out[95]
  la_data_out[96]
  la_data_out[97]
  la_data_out[98]
  la_data_out[99]
  la_data_out[9]
  user_irq[0]
  user_irq[1]
  user_irq[2]
