
===========================================================================
report_checks -unconstrained
===========================================================================
======================= Typical Corner ===================================

Startpoint: wb_rst_i (input port clocked by clk)
Endpoint: _31561_ (recovery check against rising-edge clock clk)
Path Group: asynchronous
Path Type: max

Fanout     Cap    Slew   Delay    Time   Description
-----------------------------------------------------------------------------
                          0.00    0.00   clock clk (rise edge)
                          6.00    6.00   clock network delay (propagated)
                          6.00   12.00 v input external delay
                  0.00    0.00   12.00 v wb_rst_i (in)
     1    0.00                           wb_rst_i (net)
                  0.00    0.00   12.00 v hold707/A (sky130_fd_sc_hd__dlygate4sd3_1)
                  0.05    0.55   12.55 v hold707/X (sky130_fd_sc_hd__dlygate4sd3_1)
     1    0.00                           net1933 (net)
                  0.05    0.00   12.55 v input1/A (sky130_fd_sc_hd__clkbuf_1)
                  0.03    0.10   12.65 v input1/X (sky130_fd_sc_hd__clkbuf_1)
     1    0.00                           net1 (net)
                  0.03    0.00   12.65 v hold708/A (sky130_fd_sc_hd__dlygate4sd3_1)
                  0.06    0.58   13.23 v hold708/X (sky130_fd_sc_hd__dlygate4sd3_1)
     1    0.00                           net1934 (net)
                  0.06    0.00   13.23 v fanout1224/A (sky130_fd_sc_hd__buf_6)
                  0.09    0.18   13.41 v fanout1224/X (sky130_fd_sc_hd__buf_6)
     4    0.09                           net1224 (net)
                  0.09    0.00   13.42 v max_length1226/A (sky130_fd_sc_hd__buf_12)
                  0.10    0.21   13.63 v max_length1226/X (sky130_fd_sc_hd__buf_12)
    12    0.18                           net1226 (net)
                  0.10    0.01   13.64 v fanout1072/A (sky130_fd_sc_hd__clkbuf_8)
                  0.12    0.25   13.89 v fanout1072/X (sky130_fd_sc_hd__clkbuf_8)
    16    0.10                           net1072 (net)
                  0.12    0.01   13.90 v fanout1071/A (sky130_fd_sc_hd__buf_6)
                  0.10    0.22   14.12 v fanout1071/X (sky130_fd_sc_hd__buf_6)
    18    0.11                           net1071 (net)
                  0.10    0.00   14.12 v fanout1061/A (sky130_fd_sc_hd__buf_8)
                  0.10    0.21   14.33 v fanout1061/X (sky130_fd_sc_hd__buf_8)
    32    0.12                           net1061 (net)
                  0.10    0.00   14.33 v fanout1060/A (sky130_fd_sc_hd__buf_6)
                  0.10    0.22   14.55 v fanout1060/X (sky130_fd_sc_hd__buf_6)
    26    0.11                           net1060 (net)
                  0.10    0.00   14.55 v fanout1059/A (sky130_fd_sc_hd__buf_8)
                  0.10    0.21   14.76 v fanout1059/X (sky130_fd_sc_hd__buf_8)
    32    0.13                           net1059 (net)
                  0.10    0.00   14.76 v fanout1058/A (sky130_fd_sc_hd__buf_8)
                  0.08    0.20   14.96 v fanout1058/X (sky130_fd_sc_hd__buf_8)
    16    0.10                           net1058 (net)
                  0.08    0.01   14.97 v _28566_/A (sky130_fd_sc_hd__inv_2)
                  0.04    0.06   15.03 ^ _28566_/Y (sky130_fd_sc_hd__inv_2)
     1    0.00                           _00721_ (net)
                  0.04    0.00   15.03 ^ _31561_/RESET_B (sky130_fd_sc_hd__dfrtp_1)
                                 15.03   data arrival time

                         25.00   25.00   clock clk (rise edge)
                          4.50   29.50   clock source latency
                  0.60    0.00   29.50 ^ wb_clk_i (in)
     3    0.14                           wb_clk_i (net)
                  0.62    0.01   29.51 ^ clkbuf_0_wb_clk_i/A (sky130_fd_sc_hd__clkbuf_16)
                  0.21    0.37   29.88 ^ clkbuf_0_wb_clk_i/X (sky130_fd_sc_hd__clkbuf_16)
     8    0.20                           clknet_0_wb_clk_i (net)
                  0.21    0.01   29.89 ^ clkbuf_2_1_0_wb_clk_i/A (sky130_fd_sc_hd__clkbuf_8)
                  0.36    0.39   30.27 ^ clkbuf_2_1_0_wb_clk_i/X (sky130_fd_sc_hd__clkbuf_8)
    16    0.21                           clknet_2_1_0_wb_clk_i (net)
                  0.36    0.01   30.29 ^ clkbuf_5_10__f_wb_clk_i/A (sky130_fd_sc_hd__clkbuf_16)
                  0.14    0.28   30.56 ^ clkbuf_5_10__f_wb_clk_i/X (sky130_fd_sc_hd__clkbuf_16)
    18    0.12                           clknet_5_10__leaf_wb_clk_i (net)
                  0.14    0.00   30.57 ^ clkbuf_leaf_111_wb_clk_i/A (sky130_fd_sc_hd__clkbuf_16)
                  0.05    0.16   30.73 ^ clkbuf_leaf_111_wb_clk_i/X (sky130_fd_sc_hd__clkbuf_16)
     9    0.03                           clknet_leaf_111_wb_clk_i (net)
                  0.05    0.00   30.73 ^ _31561_/CLK (sky130_fd_sc_hd__dfrtp_1)
                         -0.10   30.63   clock uncertainty
                          0.00   30.63   clock reconvergence pessimism
                          0.24   30.86   library recovery time
                                 30.86   data required time
-----------------------------------------------------------------------------
                                 30.86   data required time
                                -15.03   data arrival time
-----------------------------------------------------------------------------
                                 15.83   slack (MET)


Startpoint: wbs_adr_i[2] (input port clocked by clk)
Endpoint: wbs_dat_o[29] (output port clocked by clk)
Path Group: clk
Path Type: max

Fanout     Cap    Slew   Delay    Time   Description
-----------------------------------------------------------------------------
                          0.00    0.00   clock clk (rise edge)
                          6.00    6.00   clock network delay (propagated)
                          6.00   12.00 ^ input external delay
                  0.00    0.00   12.00 ^ wbs_adr_i[2] (in)
     1    0.00                           wbs_adr_i[2] (net)
                  0.00    0.00   12.00 ^ hold181/A (sky130_fd_sc_hd__dlygate4sd3_1)
                  0.05    0.55   12.55 ^ hold181/X (sky130_fd_sc_hd__dlygate4sd3_1)
     1    0.00                           net1407 (net)
                  0.05    0.00   12.55 ^ hold56/A (sky130_fd_sc_hd__dlygate4sd3_1)
                  0.10    0.61   13.16 ^ hold56/X (sky130_fd_sc_hd__dlygate4sd3_1)
     1    0.01                           net1282 (net)
                  0.10    0.00   13.16 ^ input2/A (sky130_fd_sc_hd__clkbuf_16)
                  0.24    0.29   13.45 ^ input2/X (sky130_fd_sc_hd__clkbuf_16)
    14    0.23                           net2 (net)
                  0.24    0.01   13.46 ^ hold57/A (sky130_fd_sc_hd__buf_1)
                  0.20    0.24   13.70 ^ hold57/X (sky130_fd_sc_hd__buf_1)
     1    0.02                           net1283 (net)
                  0.20    0.00   13.71 ^ fanout986/A (sky130_fd_sc_hd__clkbuf_16)
                  0.23    0.32   14.03 ^ fanout986/X (sky130_fd_sc_hd__clkbuf_16)
    26    0.22                           net986 (net)
                  0.23    0.00   14.03 ^ hold58/A (sky130_fd_sc_hd__dlygate4sd3_1)
                  0.16    0.70   14.73 ^ hold58/X (sky130_fd_sc_hd__dlygate4sd3_1)
     3    0.01                           net1284 (net)
                  0.16    0.00   14.73 ^ hold394/A (sky130_fd_sc_hd__dlygate4sd3_1)
                  0.05    0.59   15.32 ^ hold394/X (sky130_fd_sc_hd__dlygate4sd3_1)
     1    0.00                           net1620 (net)
                  0.05    0.00   15.32 ^ _15464_/B (sky130_fd_sc_hd__and2b_1)
                  0.19    0.24   15.56 ^ _15464_/X (sky130_fd_sc_hd__and2b_1)
     4    0.02                           _14848_ (net)
                  0.19    0.00   15.56 ^ _15600_/B (sky130_fd_sc_hd__nand2b_1)
                  0.05    0.08   15.64 v _15600_/Y (sky130_fd_sc_hd__nand2b_1)
     1    0.00                           _14856_ (net)
                  0.05    0.00   15.64 v hold38/A (sky130_fd_sc_hd__dlygate4sd3_1)
                  0.09    0.62   16.26 v hold38/X (sky130_fd_sc_hd__dlygate4sd3_1)
     2    0.01                           net1264 (net)
                  0.09    0.00   16.26 v _27786_/A1 (sky130_fd_sc_hd__o21a_4)
                  0.16    0.36   16.62 v _27786_/X (sky130_fd_sc_hd__o21a_4)
     8    0.11                           _14721_ (net)
                  0.16    0.02   16.64 v _27852_/B1 (sky130_fd_sc_hd__a21oi_4)
                  0.29    0.31   16.96 ^ _27852_/Y (sky130_fd_sc_hd__a21oi_4)
     2    0.04                           net67 (net)
                  0.29    0.00   16.96 ^ output67/A (sky130_fd_sc_hd__buf_12)
                  0.17    0.26   17.22 ^ output67/X (sky130_fd_sc_hd__buf_12)
     1    0.14                           wbs_dat_o[29] (net)
                  0.17    0.00   17.22 ^ wbs_dat_o[29] (out)
                                 17.22   data arrival time

                         25.00   25.00   clock clk (rise edge)
                          4.50   29.50   clock network delay (propagated)
                         -0.10   29.40   clock uncertainty
                          0.00   29.40   clock reconvergence pessimism
                         -8.00   21.40   output external delay
                                 21.40   data required time
-----------------------------------------------------------------------------
                                 21.40   data required time
                                -17.22   data arrival time
-----------------------------------------------------------------------------
                                  4.18   slack (MET)




===========================================================================
report_checks --slack_max -0.01
============================================================================
======================= Typical Corner ===================================

No paths found.


===========================================================================
 report_check_types -max_slew -max_cap -max_fanout -violators
============================================================================
======================= Typical Corner ===================================

max fanout

Pin                                   Limit Fanout  Slack
---------------------------------------------------------
fanout914/X                              20     35    -15 (VIOLATED)
clkbuf_5_17__f_wb_clk_i/X                20     34    -14 (VIOLATED)
clkbuf_5_4__f_wb_clk_i/X                 20     34    -14 (VIOLATED)
fanout425/X                              20     33    -13 (VIOLATED)
hold25/X                                 20     33    -13 (VIOLATED)
_16637_/X                                20     32    -12 (VIOLATED)
_16644_/X                                20     32    -12 (VIOLATED)
_16682_/X                                20     32    -12 (VIOLATED)
_17207_/X                                20     32    -12 (VIOLATED)
_17233_/X                                20     32    -12 (VIOLATED)
_17246_/X                                20     32    -12 (VIOLATED)
_17252_/X                                20     32    -12 (VIOLATED)
_17283_/X                                20     32    -12 (VIOLATED)
_17940_/X                                20     32    -12 (VIOLATED)
_17964_/X                                20     32    -12 (VIOLATED)
_22399_/Y                                20     32    -12 (VIOLATED)
_23333_/Y                                20     32    -12 (VIOLATED)
_25071_/X                                20     32    -12 (VIOLATED)
_25076_/X                                20     32    -12 (VIOLATED)
_25112_/Y                                20     32    -12 (VIOLATED)
_27764_/Y                                20     32    -12 (VIOLATED)
clkbuf_5_12__f_wb_clk_i/X                20     32    -12 (VIOLATED)
clkbuf_5_15__f_wb_clk_i/X                20     32    -12 (VIOLATED)
clkbuf_5_24__f_wb_clk_i/X                20     32    -12 (VIOLATED)
fanout100/X                              20     32    -12 (VIOLATED)
fanout1011/X                             20     32    -12 (VIOLATED)
fanout1012/X                             20     32    -12 (VIOLATED)
fanout1014/X                             20     32    -12 (VIOLATED)
fanout1020/X                             20     32    -12 (VIOLATED)
fanout1022/X                             20     32    -12 (VIOLATED)
fanout1024/X                             20     32    -12 (VIOLATED)
fanout1027/X                             20     32    -12 (VIOLATED)
fanout1029/X                             20     32    -12 (VIOLATED)
fanout1031/X                             20     32    -12 (VIOLATED)
fanout1032/X                             20     32    -12 (VIOLATED)
fanout1034/X                             20     32    -12 (VIOLATED)
fanout1035/X                             20     32    -12 (VIOLATED)
fanout1044/X                             20     32    -12 (VIOLATED)
fanout1048/X                             20     32    -12 (VIOLATED)
fanout1050/X                             20     32    -12 (VIOLATED)
fanout1052/X                             20     32    -12 (VIOLATED)
fanout1059/X                             20     32    -12 (VIOLATED)
fanout1061/X                             20     32    -12 (VIOLATED)
fanout1070/X                             20     32    -12 (VIOLATED)
fanout1075/X                             20     32    -12 (VIOLATED)
fanout1089/X                             20     32    -12 (VIOLATED)
fanout1098/X                             20     32    -12 (VIOLATED)
fanout1100/X                             20     32    -12 (VIOLATED)
fanout1109/X                             20     32    -12 (VIOLATED)
fanout1112/X                             20     32    -12 (VIOLATED)
fanout1115/X                             20     32    -12 (VIOLATED)
fanout1116/X                             20     32    -12 (VIOLATED)
fanout1117/X                             20     32    -12 (VIOLATED)
fanout1121/X                             20     32    -12 (VIOLATED)
fanout1124/X                             20     32    -12 (VIOLATED)
fanout1130/X                             20     32    -12 (VIOLATED)
fanout1132/X                             20     32    -12 (VIOLATED)
fanout1135/X                             20     32    -12 (VIOLATED)
fanout1151/X                             20     32    -12 (VIOLATED)
fanout1155/X                             20     32    -12 (VIOLATED)
fanout1163/X                             20     32    -12 (VIOLATED)
fanout1166/X                             20     32    -12 (VIOLATED)
fanout1168/X                             20     32    -12 (VIOLATED)
fanout1176/X                             20     32    -12 (VIOLATED)
fanout1179/X                             20     32    -12 (VIOLATED)
fanout1189/X                             20     32    -12 (VIOLATED)
fanout119/X                              20     32    -12 (VIOLATED)
fanout1193/X                             20     32    -12 (VIOLATED)
fanout1196/X                             20     32    -12 (VIOLATED)
fanout1210/X                             20     32    -12 (VIOLATED)
fanout1215/X                             20     32    -12 (VIOLATED)
fanout122/X                              20     32    -12 (VIOLATED)
fanout1221/X                             20     32    -12 (VIOLATED)
fanout124/X                              20     32    -12 (VIOLATED)
fanout126/X                              20     32    -12 (VIOLATED)
fanout127/X                              20     32    -12 (VIOLATED)
fanout129/X                              20     32    -12 (VIOLATED)
fanout132/X                              20     32    -12 (VIOLATED)
fanout133/X                              20     32    -12 (VIOLATED)
fanout135/X                              20     32    -12 (VIOLATED)
fanout137/X                              20     32    -12 (VIOLATED)
fanout138/X                              20     32    -12 (VIOLATED)
fanout201/X                              20     32    -12 (VIOLATED)
fanout202/X                              20     32    -12 (VIOLATED)
fanout203/X                              20     32    -12 (VIOLATED)
fanout206/X                              20     32    -12 (VIOLATED)
fanout209/X                              20     32    -12 (VIOLATED)
fanout210/X                              20     32    -12 (VIOLATED)
fanout213/X                              20     32    -12 (VIOLATED)
fanout215/X                              20     32    -12 (VIOLATED)
fanout216/X                              20     32    -12 (VIOLATED)
fanout217/X                              20     32    -12 (VIOLATED)
fanout221/X                              20     32    -12 (VIOLATED)
fanout223/X                              20     32    -12 (VIOLATED)
fanout224/X                              20     32    -12 (VIOLATED)
fanout225/X                              20     32    -12 (VIOLATED)
fanout226/X                              20     32    -12 (VIOLATED)
fanout227/X                              20     32    -12 (VIOLATED)
fanout228/X                              20     32    -12 (VIOLATED)
fanout229/X                              20     32    -12 (VIOLATED)
fanout230/X                              20     32    -12 (VIOLATED)
fanout231/X                              20     32    -12 (VIOLATED)
fanout232/X                              20     32    -12 (VIOLATED)
fanout233/X                              20     32    -12 (VIOLATED)
fanout234/X                              20     32    -12 (VIOLATED)
fanout235/X                              20     32    -12 (VIOLATED)
fanout236/X                              20     32    -12 (VIOLATED)
fanout237/X                              20     32    -12 (VIOLATED)
fanout238/X                              20     32    -12 (VIOLATED)
fanout240/X                              20     32    -12 (VIOLATED)
fanout241/X                              20     32    -12 (VIOLATED)
fanout243/X                              20     32    -12 (VIOLATED)
fanout245/X                              20     32    -12 (VIOLATED)
fanout248/X                              20     32    -12 (VIOLATED)
fanout249/X                              20     32    -12 (VIOLATED)
fanout250/X                              20     32    -12 (VIOLATED)
fanout251/X                              20     32    -12 (VIOLATED)
fanout252/X                              20     32    -12 (VIOLATED)
fanout253/X                              20     32    -12 (VIOLATED)
fanout255/X                              20     32    -12 (VIOLATED)
fanout257/X                              20     32    -12 (VIOLATED)
fanout258/X                              20     32    -12 (VIOLATED)
fanout260/X                              20     32    -12 (VIOLATED)
fanout262/X                              20     32    -12 (VIOLATED)
fanout263/X                              20     32    -12 (VIOLATED)
fanout264/X                              20     32    -12 (VIOLATED)
fanout265/X                              20     32    -12 (VIOLATED)
fanout267/X                              20     32    -12 (VIOLATED)
fanout268/X                              20     32    -12 (VIOLATED)
fanout269/X                              20     32    -12 (VIOLATED)
fanout273/X                              20     32    -12 (VIOLATED)
fanout275/X                              20     32    -12 (VIOLATED)
fanout277/X                              20     32    -12 (VIOLATED)
fanout279/X                              20     32    -12 (VIOLATED)
fanout281/X                              20     32    -12 (VIOLATED)
fanout282/X                              20     32    -12 (VIOLATED)
fanout284/X                              20     32    -12 (VIOLATED)
fanout286/X                              20     32    -12 (VIOLATED)
fanout287/X                              20     32    -12 (VIOLATED)
fanout289/X                              20     32    -12 (VIOLATED)
fanout291/X                              20     32    -12 (VIOLATED)
fanout294/X                              20     32    -12 (VIOLATED)
fanout295/X                              20     32    -12 (VIOLATED)
fanout296/X                              20     32    -12 (VIOLATED)
fanout297/X                              20     32    -12 (VIOLATED)
fanout299/X                              20     32    -12 (VIOLATED)
fanout300/X                              20     32    -12 (VIOLATED)
fanout302/X                              20     32    -12 (VIOLATED)
fanout303/X                              20     32    -12 (VIOLATED)
fanout304/X                              20     32    -12 (VIOLATED)
fanout305/X                              20     32    -12 (VIOLATED)
fanout306/X                              20     32    -12 (VIOLATED)
fanout307/X                              20     32    -12 (VIOLATED)
fanout309/X                              20     32    -12 (VIOLATED)
fanout311/X                              20     32    -12 (VIOLATED)
fanout312/X                              20     32    -12 (VIOLATED)
fanout313/X                              20     32    -12 (VIOLATED)
fanout314/X                              20     32    -12 (VIOLATED)
fanout316/X                              20     32    -12 (VIOLATED)
fanout317/X                              20     32    -12 (VIOLATED)
fanout319/X                              20     32    -12 (VIOLATED)
fanout320/X                              20     32    -12 (VIOLATED)
fanout321/X                              20     32    -12 (VIOLATED)
fanout322/X                              20     32    -12 (VIOLATED)
fanout323/X                              20     32    -12 (VIOLATED)
fanout325/X                              20     32    -12 (VIOLATED)
fanout326/X                              20     32    -12 (VIOLATED)
fanout327/X                              20     32    -12 (VIOLATED)
fanout329/X                              20     32    -12 (VIOLATED)
fanout330/X                              20     32    -12 (VIOLATED)
fanout331/X                              20     32    -12 (VIOLATED)
fanout332/X                              20     32    -12 (VIOLATED)
fanout333/X                              20     32    -12 (VIOLATED)
fanout334/X                              20     32    -12 (VIOLATED)
fanout335/X                              20     32    -12 (VIOLATED)
fanout337/X                              20     32    -12 (VIOLATED)
fanout339/X                              20     32    -12 (VIOLATED)
fanout340/X                              20     32    -12 (VIOLATED)
fanout342/X                              20     32    -12 (VIOLATED)
fanout343/X                              20     32    -12 (VIOLATED)
fanout344/X                              20     32    -12 (VIOLATED)
fanout345/X                              20     32    -12 (VIOLATED)
fanout346/X                              20     32    -12 (VIOLATED)
fanout347/X                              20     32    -12 (VIOLATED)
fanout348/X                              20     32    -12 (VIOLATED)
fanout349/X                              20     32    -12 (VIOLATED)
fanout350/X                              20     32    -12 (VIOLATED)
fanout351/X                              20     32    -12 (VIOLATED)
fanout352/X                              20     32    -12 (VIOLATED)
fanout353/X                              20     32    -12 (VIOLATED)
fanout354/X                              20     32    -12 (VIOLATED)
fanout355/X                              20     32    -12 (VIOLATED)
fanout356/X                              20     32    -12 (VIOLATED)
fanout357/X                              20     32    -12 (VIOLATED)
fanout359/X                              20     32    -12 (VIOLATED)
fanout360/X                              20     32    -12 (VIOLATED)
fanout361/X                              20     32    -12 (VIOLATED)
fanout362/X                              20     32    -12 (VIOLATED)
fanout363/X                              20     32    -12 (VIOLATED)
fanout364/X                              20     32    -12 (VIOLATED)
fanout365/X                              20     32    -12 (VIOLATED)
fanout366/X                              20     32    -12 (VIOLATED)
fanout368/X                              20     32    -12 (VIOLATED)
fanout370/X                              20     32    -12 (VIOLATED)
fanout371/X                              20     32    -12 (VIOLATED)
fanout374/X                              20     32    -12 (VIOLATED)
fanout375/X                              20     32    -12 (VIOLATED)
fanout377/X                              20     32    -12 (VIOLATED)
fanout378/X                              20     32    -12 (VIOLATED)
fanout379/X                              20     32    -12 (VIOLATED)
fanout381/X                              20     32    -12 (VIOLATED)
fanout382/X                              20     32    -12 (VIOLATED)
fanout384/X                              20     32    -12 (VIOLATED)
fanout386/X                              20     32    -12 (VIOLATED)
fanout387/X                              20     32    -12 (VIOLATED)
fanout388/X                              20     32    -12 (VIOLATED)
fanout392/X                              20     32    -12 (VIOLATED)
fanout393/X                              20     32    -12 (VIOLATED)
fanout395/X                              20     32    -12 (VIOLATED)
fanout397/X                              20     32    -12 (VIOLATED)
fanout398/X                              20     32    -12 (VIOLATED)
fanout399/X                              20     32    -12 (VIOLATED)
fanout403/X                              20     32    -12 (VIOLATED)
fanout404/X                              20     32    -12 (VIOLATED)
fanout405/X                              20     32    -12 (VIOLATED)
fanout407/X                              20     32    -12 (VIOLATED)
fanout409/X                              20     32    -12 (VIOLATED)
fanout410/X                              20     32    -12 (VIOLATED)
fanout413/X                              20     32    -12 (VIOLATED)
fanout414/X                              20     32    -12 (VIOLATED)
fanout416/X                              20     32    -12 (VIOLATED)
fanout418/X                              20     32    -12 (VIOLATED)
fanout419/X                              20     32    -12 (VIOLATED)
fanout420/X                              20     32    -12 (VIOLATED)
fanout424/X                              20     32    -12 (VIOLATED)
fanout426/X                              20     32    -12 (VIOLATED)
fanout428/X                              20     32    -12 (VIOLATED)
fanout429/X                              20     32    -12 (VIOLATED)
fanout430/X                              20     32    -12 (VIOLATED)
fanout434/X                              20     32    -12 (VIOLATED)
fanout435/X                              20     32    -12 (VIOLATED)
fanout436/X                              20     32    -12 (VIOLATED)
fanout439/X                              20     32    -12 (VIOLATED)
fanout440/X                              20     32    -12 (VIOLATED)
fanout441/X                              20     32    -12 (VIOLATED)
fanout445/X                              20     32    -12 (VIOLATED)
fanout446/X                              20     32    -12 (VIOLATED)
fanout447/X                              20     32    -12 (VIOLATED)
fanout449/X                              20     32    -12 (VIOLATED)
fanout450/X                              20     32    -12 (VIOLATED)
fanout451/X                              20     32    -12 (VIOLATED)
fanout455/X                              20     32    -12 (VIOLATED)
fanout456/X                              20     32    -12 (VIOLATED)
fanout458/X                              20     32    -12 (VIOLATED)
fanout460/X                              20     32    -12 (VIOLATED)
fanout462/X                              20     32    -12 (VIOLATED)
fanout463/X                              20     32    -12 (VIOLATED)
fanout465/X                              20     32    -12 (VIOLATED)
fanout467/X                              20     32    -12 (VIOLATED)
fanout468/X                              20     32    -12 (VIOLATED)
fanout469/X                              20     32    -12 (VIOLATED)
fanout471/X                              20     32    -12 (VIOLATED)
fanout472/X                              20     32    -12 (VIOLATED)
fanout473/X                              20     32    -12 (VIOLATED)
fanout477/X                              20     32    -12 (VIOLATED)
fanout480/X                              20     32    -12 (VIOLATED)
fanout483/X                              20     32    -12 (VIOLATED)
fanout485/X                              20     32    -12 (VIOLATED)
fanout487/X                              20     32    -12 (VIOLATED)
fanout489/X                              20     32    -12 (VIOLATED)
fanout490/X                              20     32    -12 (VIOLATED)
fanout492/X                              20     32    -12 (VIOLATED)
fanout494/X                              20     32    -12 (VIOLATED)
fanout495/X                              20     32    -12 (VIOLATED)
fanout496/X                              20     32    -12 (VIOLATED)
fanout500/X                              20     32    -12 (VIOLATED)
fanout501/X                              20     32    -12 (VIOLATED)
fanout502/X                              20     32    -12 (VIOLATED)
fanout506/X                              20     32    -12 (VIOLATED)
fanout507/X                              20     32    -12 (VIOLATED)
fanout514/X                              20     32    -12 (VIOLATED)
fanout515/X                              20     32    -12 (VIOLATED)
fanout517/X                              20     32    -12 (VIOLATED)
fanout519/X                              20     32    -12 (VIOLATED)
fanout521/X                              20     32    -12 (VIOLATED)
fanout523/X                              20     32    -12 (VIOLATED)
fanout525/X                              20     32    -12 (VIOLATED)
fanout527/X                              20     32    -12 (VIOLATED)
fanout530/X                              20     32    -12 (VIOLATED)
fanout532/X                              20     32    -12 (VIOLATED)
fanout534/X                              20     32    -12 (VIOLATED)
fanout540/X                              20     32    -12 (VIOLATED)
fanout541/X                              20     32    -12 (VIOLATED)
fanout543/X                              20     32    -12 (VIOLATED)
fanout545/X                              20     32    -12 (VIOLATED)
fanout546/X                              20     32    -12 (VIOLATED)
fanout547/X                              20     32    -12 (VIOLATED)
fanout550/X                              20     32    -12 (VIOLATED)
fanout552/X                              20     32    -12 (VIOLATED)
fanout554/X                              20     32    -12 (VIOLATED)
fanout555/X                              20     32    -12 (VIOLATED)
fanout556/X                              20     32    -12 (VIOLATED)
fanout557/X                              20     32    -12 (VIOLATED)
fanout561/X                              20     32    -12 (VIOLATED)
fanout562/X                              20     32    -12 (VIOLATED)
fanout564/X                              20     32    -12 (VIOLATED)
fanout566/X                              20     32    -12 (VIOLATED)
fanout567/X                              20     32    -12 (VIOLATED)
fanout568/X                              20     32    -12 (VIOLATED)
fanout570/X                              20     32    -12 (VIOLATED)
fanout572/X                              20     32    -12 (VIOLATED)
fanout582/X                              20     32    -12 (VIOLATED)
fanout583/X                              20     32    -12 (VIOLATED)
fanout584/X                              20     32    -12 (VIOLATED)
fanout587/X                              20     32    -12 (VIOLATED)
fanout593/X                              20     32    -12 (VIOLATED)
fanout594/X                              20     32    -12 (VIOLATED)
fanout599/X                              20     32    -12 (VIOLATED)
fanout600/X                              20     32    -12 (VIOLATED)
fanout602/X                              20     32    -12 (VIOLATED)
fanout603/X                              20     32    -12 (VIOLATED)
fanout604/X                              20     32    -12 (VIOLATED)
fanout606/X                              20     32    -12 (VIOLATED)
fanout607/X                              20     32    -12 (VIOLATED)
fanout609/X                              20     32    -12 (VIOLATED)
fanout611/X                              20     32    -12 (VIOLATED)
fanout614/X                              20     32    -12 (VIOLATED)
fanout615/X                              20     32    -12 (VIOLATED)
fanout616/X                              20     32    -12 (VIOLATED)
fanout618/X                              20     32    -12 (VIOLATED)
fanout620/X                              20     32    -12 (VIOLATED)
fanout621/X                              20     32    -12 (VIOLATED)
fanout622/X                              20     32    -12 (VIOLATED)
fanout624/X                              20     32    -12 (VIOLATED)
fanout625/X                              20     32    -12 (VIOLATED)
fanout626/X                              20     32    -12 (VIOLATED)
fanout630/X                              20     32    -12 (VIOLATED)
fanout631/X                              20     32    -12 (VIOLATED)
fanout632/X                              20     32    -12 (VIOLATED)
fanout634/X                              20     32    -12 (VIOLATED)
fanout635/X                              20     32    -12 (VIOLATED)
fanout636/X                              20     32    -12 (VIOLATED)
fanout639/X                              20     32    -12 (VIOLATED)
fanout640/X                              20     32    -12 (VIOLATED)
fanout641/X                              20     32    -12 (VIOLATED)
fanout643/X                              20     32    -12 (VIOLATED)
fanout644/X                              20     32    -12 (VIOLATED)
fanout645/X                              20     32    -12 (VIOLATED)
fanout649/X                              20     32    -12 (VIOLATED)
fanout650/X                              20     32    -12 (VIOLATED)
fanout651/X                              20     32    -12 (VIOLATED)
fanout653/X                              20     32    -12 (VIOLATED)
fanout655/X                              20     32    -12 (VIOLATED)
fanout656/X                              20     32    -12 (VIOLATED)
fanout658/X                              20     32    -12 (VIOLATED)
fanout659/X                              20     32    -12 (VIOLATED)
fanout661/X                              20     32    -12 (VIOLATED)
fanout662/X                              20     32    -12 (VIOLATED)
fanout663/X                              20     32    -12 (VIOLATED)
fanout665/X                              20     32    -12 (VIOLATED)
fanout666/X                              20     32    -12 (VIOLATED)
fanout667/X                              20     32    -12 (VIOLATED)
fanout668/X                              20     32    -12 (VIOLATED)
fanout670/X                              20     32    -12 (VIOLATED)
fanout672/X                              20     32    -12 (VIOLATED)
fanout673/X                              20     32    -12 (VIOLATED)
fanout674/X                              20     32    -12 (VIOLATED)
fanout677/X                              20     32    -12 (VIOLATED)
fanout679/X                              20     32    -12 (VIOLATED)
fanout681/X                              20     32    -12 (VIOLATED)
fanout682/X                              20     32    -12 (VIOLATED)
fanout684/X                              20     32    -12 (VIOLATED)
fanout686/X                              20     32    -12 (VIOLATED)
fanout688/X                              20     32    -12 (VIOLATED)
fanout689/X                              20     32    -12 (VIOLATED)
fanout690/X                              20     32    -12 (VIOLATED)
fanout691/X                              20     32    -12 (VIOLATED)
fanout693/X                              20     32    -12 (VIOLATED)
fanout694/X                              20     32    -12 (VIOLATED)
fanout695/X                              20     32    -12 (VIOLATED)
fanout698/X                              20     32    -12 (VIOLATED)
fanout699/X                              20     32    -12 (VIOLATED)
fanout701/X                              20     32    -12 (VIOLATED)
fanout703/X                              20     32    -12 (VIOLATED)
fanout708/X                              20     32    -12 (VIOLATED)
fanout711/X                              20     32    -12 (VIOLATED)
fanout713/X                              20     32    -12 (VIOLATED)
fanout715/X                              20     32    -12 (VIOLATED)
fanout716/X                              20     32    -12 (VIOLATED)
fanout717/X                              20     32    -12 (VIOLATED)
fanout718/X                              20     32    -12 (VIOLATED)
fanout719/X                              20     32    -12 (VIOLATED)
fanout721/X                              20     32    -12 (VIOLATED)
fanout722/X                              20     32    -12 (VIOLATED)
fanout723/X                              20     32    -12 (VIOLATED)
fanout726/X                              20     32    -12 (VIOLATED)
fanout727/X                              20     32    -12 (VIOLATED)
fanout728/X                              20     32    -12 (VIOLATED)
fanout730/X                              20     32    -12 (VIOLATED)
fanout731/X                              20     32    -12 (VIOLATED)
fanout732/X                              20     32    -12 (VIOLATED)
fanout736/X                              20     32    -12 (VIOLATED)
fanout737/X                              20     32    -12 (VIOLATED)
fanout739/X                              20     32    -12 (VIOLATED)
fanout741/X                              20     32    -12 (VIOLATED)
fanout743/X                              20     32    -12 (VIOLATED)
fanout744/X                              20     32    -12 (VIOLATED)
fanout747/X                              20     32    -12 (VIOLATED)
fanout748/X                              20     32    -12 (VIOLATED)
fanout749/X                              20     32    -12 (VIOLATED)
fanout751/X                              20     32    -12 (VIOLATED)
fanout752/X                              20     32    -12 (VIOLATED)
fanout753/X                              20     32    -12 (VIOLATED)
fanout756/X                              20     32    -12 (VIOLATED)
fanout757/X                              20     32    -12 (VIOLATED)
fanout758/X                              20     32    -12 (VIOLATED)
fanout760/X                              20     32    -12 (VIOLATED)
fanout761/X                              20     32    -12 (VIOLATED)
fanout762/X                              20     32    -12 (VIOLATED)
fanout765/X                              20     32    -12 (VIOLATED)
fanout766/X                              20     32    -12 (VIOLATED)
fanout768/X                              20     32    -12 (VIOLATED)
fanout770/X                              20     32    -12 (VIOLATED)
fanout771/X                              20     32    -12 (VIOLATED)
fanout772/X                              20     32    -12 (VIOLATED)
fanout775/X                              20     32    -12 (VIOLATED)
fanout776/X                              20     32    -12 (VIOLATED)
fanout777/X                              20     32    -12 (VIOLATED)
fanout779/X                              20     32    -12 (VIOLATED)
fanout780/X                              20     32    -12 (VIOLATED)
fanout781/X                              20     32    -12 (VIOLATED)
fanout784/X                              20     32    -12 (VIOLATED)
fanout785/X                              20     32    -12 (VIOLATED)
fanout787/X                              20     32    -12 (VIOLATED)
fanout789/X                              20     32    -12 (VIOLATED)
fanout790/X                              20     32    -12 (VIOLATED)
fanout791/X                              20     32    -12 (VIOLATED)
fanout793/X                              20     32    -12 (VIOLATED)
fanout794/X                              20     32    -12 (VIOLATED)
fanout795/X                              20     32    -12 (VIOLATED)
fanout797/X                              20     32    -12 (VIOLATED)
fanout799/X                              20     32    -12 (VIOLATED)
fanout800/X                              20     32    -12 (VIOLATED)
fanout803/X                              20     32    -12 (VIOLATED)
fanout804/X                              20     32    -12 (VIOLATED)
fanout805/X                              20     32    -12 (VIOLATED)
fanout807/X                              20     32    -12 (VIOLATED)
fanout808/X                              20     32    -12 (VIOLATED)
fanout809/X                              20     32    -12 (VIOLATED)
fanout812/X                              20     32    -12 (VIOLATED)
fanout813/X                              20     32    -12 (VIOLATED)
fanout815/X                              20     32    -12 (VIOLATED)
fanout817/X                              20     32    -12 (VIOLATED)
fanout818/X                              20     32    -12 (VIOLATED)
fanout819/X                              20     32    -12 (VIOLATED)
fanout822/X                              20     32    -12 (VIOLATED)
fanout823/X                              20     32    -12 (VIOLATED)
fanout824/X                              20     32    -12 (VIOLATED)
fanout826/X                              20     32    -12 (VIOLATED)
fanout827/X                              20     32    -12 (VIOLATED)
fanout828/X                              20     32    -12 (VIOLATED)
fanout831/X                              20     32    -12 (VIOLATED)
fanout832/X                              20     32    -12 (VIOLATED)
fanout833/X                              20     32    -12 (VIOLATED)
fanout835/X                              20     32    -12 (VIOLATED)
fanout836/X                              20     32    -12 (VIOLATED)
fanout837/X                              20     32    -12 (VIOLATED)
fanout840/X                              20     32    -12 (VIOLATED)
fanout841/X                              20     32    -12 (VIOLATED)
fanout842/X                              20     32    -12 (VIOLATED)
fanout844/X                              20     32    -12 (VIOLATED)
fanout846/X                              20     32    -12 (VIOLATED)
fanout847/X                              20     32    -12 (VIOLATED)
fanout850/X                              20     32    -12 (VIOLATED)
fanout851/X                              20     32    -12 (VIOLATED)
fanout853/X                              20     32    -12 (VIOLATED)
fanout856/X                              20     32    -12 (VIOLATED)
fanout858/X                              20     32    -12 (VIOLATED)
fanout867/X                              20     32    -12 (VIOLATED)
fanout870/X                              20     32    -12 (VIOLATED)
fanout871/X                              20     32    -12 (VIOLATED)
fanout873/X                              20     32    -12 (VIOLATED)
fanout875/X                              20     32    -12 (VIOLATED)
fanout876/X                              20     32    -12 (VIOLATED)
fanout877/X                              20     32    -12 (VIOLATED)
fanout878/X                              20     32    -12 (VIOLATED)
fanout881/X                              20     32    -12 (VIOLATED)
fanout882/X                              20     32    -12 (VIOLATED)
fanout883/X                              20     32    -12 (VIOLATED)
fanout884/X                              20     32    -12 (VIOLATED)
fanout886/X                              20     32    -12 (VIOLATED)
fanout888/X                              20     32    -12 (VIOLATED)
fanout89/X                               20     32    -12 (VIOLATED)
fanout893/X                              20     32    -12 (VIOLATED)
fanout894/X                              20     32    -12 (VIOLATED)
fanout895/X                              20     32    -12 (VIOLATED)
fanout898/X                              20     32    -12 (VIOLATED)
fanout899/X                              20     32    -12 (VIOLATED)
fanout90/X                               20     32    -12 (VIOLATED)
fanout900/X                              20     32    -12 (VIOLATED)
fanout902/X                              20     32    -12 (VIOLATED)
fanout905/X                              20     32    -12 (VIOLATED)
fanout906/X                              20     32    -12 (VIOLATED)
fanout909/X                              20     32    -12 (VIOLATED)
fanout91/X                               20     32    -12 (VIOLATED)
fanout910/X                              20     32    -12 (VIOLATED)
fanout911/X                              20     32    -12 (VIOLATED)
fanout913/X                              20     32    -12 (VIOLATED)
fanout915/X                              20     32    -12 (VIOLATED)
fanout916/X                              20     32    -12 (VIOLATED)
fanout917/X                              20     32    -12 (VIOLATED)
fanout918/X                              20     32    -12 (VIOLATED)
fanout919/X                              20     32    -12 (VIOLATED)
fanout922/X                              20     32    -12 (VIOLATED)
fanout925/X                              20     32    -12 (VIOLATED)
fanout926/X                              20     32    -12 (VIOLATED)
fanout927/X                              20     32    -12 (VIOLATED)
fanout928/X                              20     32    -12 (VIOLATED)
fanout929/X                              20     32    -12 (VIOLATED)
fanout933/X                              20     32    -12 (VIOLATED)
fanout936/X                              20     32    -12 (VIOLATED)
fanout937/X                              20     32    -12 (VIOLATED)
fanout94/X                               20     32    -12 (VIOLATED)
fanout940/X                              20     32    -12 (VIOLATED)
fanout941/X                              20     32    -12 (VIOLATED)
fanout942/X                              20     32    -12 (VIOLATED)
fanout946/X                              20     32    -12 (VIOLATED)
fanout948/X                              20     32    -12 (VIOLATED)
fanout949/X                              20     32    -12 (VIOLATED)
fanout95/X                               20     32    -12 (VIOLATED)
fanout950/X                              20     32    -12 (VIOLATED)
fanout951/X                              20     32    -12 (VIOLATED)
fanout952/X                              20     32    -12 (VIOLATED)
fanout954/X                              20     32    -12 (VIOLATED)
fanout955/X                              20     32    -12 (VIOLATED)
fanout957/X                              20     32    -12 (VIOLATED)
fanout96/X                               20     32    -12 (VIOLATED)
fanout960/X                              20     32    -12 (VIOLATED)
fanout962/X                              20     32    -12 (VIOLATED)
fanout965/X                              20     32    -12 (VIOLATED)
fanout967/X                              20     32    -12 (VIOLATED)
fanout968/X                              20     32    -12 (VIOLATED)
fanout969/X                              20     32    -12 (VIOLATED)
fanout971/X                              20     32    -12 (VIOLATED)
fanout973/X                              20     32    -12 (VIOLATED)
fanout974/X                              20     32    -12 (VIOLATED)
fanout975/X                              20     32    -12 (VIOLATED)
fanout977/X                              20     32    -12 (VIOLATED)
fanout979/X                              20     32    -12 (VIOLATED)
fanout98/X                               20     32    -12 (VIOLATED)
fanout982/X                              20     32    -12 (VIOLATED)
fanout985/X                              20     32    -12 (VIOLATED)
fanout987/X                              20     32    -12 (VIOLATED)
fanout99/X                               20     32    -12 (VIOLATED)
fanout990/X                              20     32    -12 (VIOLATED)
hold33/X                                 20     32    -12 (VIOLATED)
hold41/X                                 20     32    -12 (VIOLATED)
hold48/X                                 20     32    -12 (VIOLATED)
hold54/X                                 20     32    -12 (VIOLATED)
hold71/X                                 20     32    -12 (VIOLATED)
_15863_/X                                20     30    -10 (VIOLATED)
_15883_/X                                20     30    -10 (VIOLATED)
_15926_/X                                20     30    -10 (VIOLATED)
_15941_/X                                20     30    -10 (VIOLATED)
_15946_/X                                20     30    -10 (VIOLATED)
_15954_/X                                20     30    -10 (VIOLATED)
_16615_/X                                20     30    -10 (VIOLATED)
_16629_/X                                20     30    -10 (VIOLATED)
_17244_/X                                20     30    -10 (VIOLATED)
_17257_/X                                20     30    -10 (VIOLATED)
_17262_/X                                20     30    -10 (VIOLATED)
_17909_/Y                                20     30    -10 (VIOLATED)
_17934_/X                                20     30    -10 (VIOLATED)
_17935_/X                                20     30    -10 (VIOLATED)
_20183_/X                                20     30    -10 (VIOLATED)
_20192_/X                                20     30    -10 (VIOLATED)
_20194_/Y                                20     30    -10 (VIOLATED)
_20197_/X                                20     30    -10 (VIOLATED)
_20202_/X                                20     30    -10 (VIOLATED)
_20205_/X                                20     30    -10 (VIOLATED)
_20210_/Y                                20     30    -10 (VIOLATED)
_20212_/Y                                20     30    -10 (VIOLATED)
_20217_/Y                                20     30    -10 (VIOLATED)
_20220_/X                                20     30    -10 (VIOLATED)
_20225_/Y                                20     30    -10 (VIOLATED)
_20229_/Y                                20     30    -10 (VIOLATED)
_20231_/Y                                20     30    -10 (VIOLATED)
_20235_/Y                                20     30    -10 (VIOLATED)
_20248_/Y                                20     30    -10 (VIOLATED)
_20250_/Y                                20     30    -10 (VIOLATED)
_20262_/Y                                20     30    -10 (VIOLATED)
_20266_/Y                                20     30    -10 (VIOLATED)
_20275_/Y                                20     30    -10 (VIOLATED)
_20279_/Y                                20     30    -10 (VIOLATED)
_20283_/X                                20     30    -10 (VIOLATED)
_20287_/Y                                20     30    -10 (VIOLATED)
_20291_/X                                20     30    -10 (VIOLATED)
_22284_/Y                                20     30    -10 (VIOLATED)
_23300_/Y                                20     30    -10 (VIOLATED)
_23315_/Y                                20     30    -10 (VIOLATED)
_23342_/Y                                20     30    -10 (VIOLATED)
_23375_/X                                20     30    -10 (VIOLATED)
_24213_/Y                                20     30    -10 (VIOLATED)
_24270_/Y                                20     30    -10 (VIOLATED)
_24299_/X                                20     30    -10 (VIOLATED)
_25133_/Y                                20     30    -10 (VIOLATED)
clkbuf_5_14__f_wb_clk_i/X                20     30    -10 (VIOLATED)
clkbuf_5_26__f_wb_clk_i/X                20     30    -10 (VIOLATED)
clkbuf_5_29__f_wb_clk_i/X                20     30    -10 (VIOLATED)
clkbuf_5_8__f_wb_clk_i/X                 20     30    -10 (VIOLATED)
clkbuf_5_9__f_wb_clk_i/X                 20     30    -10 (VIOLATED)
fanout1013/X                             20     30    -10 (VIOLATED)
fanout1074/X                             20     30    -10 (VIOLATED)
fanout1114/X                             20     30    -10 (VIOLATED)
fanout121/X                              20     30    -10 (VIOLATED)
fanout123/X                              20     30    -10 (VIOLATED)
fanout246/X                              20     30    -10 (VIOLATED)
fanout270/X                              20     30    -10 (VIOLATED)
fanout526/X                              20     30    -10 (VIOLATED)
fanout612/X                              20     30    -10 (VIOLATED)
fanout660/X                              20     30    -10 (VIOLATED)
fanout671/X                              20     30    -10 (VIOLATED)
fanout680/X                              20     30    -10 (VIOLATED)
fanout700/X                              20     30    -10 (VIOLATED)
fanout710/X                              20     30    -10 (VIOLATED)
fanout712/X                              20     30    -10 (VIOLATED)
fanout778/X                              20     30    -10 (VIOLATED)
fanout806/X                              20     30    -10 (VIOLATED)
fanout825/X                              20     30    -10 (VIOLATED)
fanout834/X                              20     30    -10 (VIOLATED)
fanout874/X                              20     30    -10 (VIOLATED)
fanout887/X                              20     30    -10 (VIOLATED)
fanout889/X                              20     30    -10 (VIOLATED)
fanout939/X                              20     30    -10 (VIOLATED)
_15855_/X                                20     28     -8 (VIOLATED)
_15897_/X                                20     28     -8 (VIOLATED)
_15910_/Y                                20     28     -8 (VIOLATED)
_16581_/Y                                20     28     -8 (VIOLATED)
_16607_/X                                20     28     -8 (VIOLATED)
_16650_/X                                20     28     -8 (VIOLATED)
_17261_/X                                20     28     -8 (VIOLATED)
_17274_/X                                20     28     -8 (VIOLATED)
_17902_/X                                20     28     -8 (VIOLATED)
_17948_/X                                20     28     -8 (VIOLATED)
_17990_/X                                20     28     -8 (VIOLATED)
_20177_/Y                                20     28     -8 (VIOLATED)
_20227_/Y                                20     28     -8 (VIOLATED)
_20246_/Y                                20     28     -8 (VIOLATED)
_20254_/Y                                20     28     -8 (VIOLATED)
_20293_/X                                20     28     -8 (VIOLATED)
_20403_/X                                20     28     -8 (VIOLATED)
_20405_/X                                20     28     -8 (VIOLATED)
_20408_/X                                20     28     -8 (VIOLATED)
_20430_/X                                20     28     -8 (VIOLATED)
_20437_/X                                20     28     -8 (VIOLATED)
_20444_/X                                20     28     -8 (VIOLATED)
_20449_/X                                20     28     -8 (VIOLATED)
_20451_/X                                20     28     -8 (VIOLATED)
_20454_/X                                20     28     -8 (VIOLATED)
_20457_/X                                20     28     -8 (VIOLATED)
_20460_/X                                20     28     -8 (VIOLATED)
_20470_/X                                20     28     -8 (VIOLATED)
_20474_/Y                                20     28     -8 (VIOLATED)
_20485_/X                                20     28     -8 (VIOLATED)
_20503_/X                                20     28     -8 (VIOLATED)
_20507_/X                                20     28     -8 (VIOLATED)
_20509_/X                                20     28     -8 (VIOLATED)
_20511_/X                                20     28     -8 (VIOLATED)
_20514_/Y                                20     28     -8 (VIOLATED)
_20516_/Y                                20     28     -8 (VIOLATED)
_20518_/Y                                20     28     -8 (VIOLATED)
_20520_/X                                20     28     -8 (VIOLATED)
_20522_/X                                20     28     -8 (VIOLATED)
_20526_/Y                                20     28     -8 (VIOLATED)
_20532_/X                                20     28     -8 (VIOLATED)
_20536_/Y                                20     28     -8 (VIOLATED)
_20550_/Y                                20     28     -8 (VIOLATED)
_20552_/X                                20     28     -8 (VIOLATED)
_20568_/Y                                20     28     -8 (VIOLATED)
_20570_/X                                20     28     -8 (VIOLATED)
_20574_/Y                                20     28     -8 (VIOLATED)
_20580_/X                                20     28     -8 (VIOLATED)
_20582_/X                                20     28     -8 (VIOLATED)
_20584_/X                                20     28     -8 (VIOLATED)
_20586_/X                                20     28     -8 (VIOLATED)
_22288_/Y                                20     28     -8 (VIOLATED)
_22435_/Y                                20     28     -8 (VIOLATED)
_23266_/Y                                20     28     -8 (VIOLATED)
_23271_/Y                                20     28     -8 (VIOLATED)
_23296_/Y                                20     28     -8 (VIOLATED)
_23309_/X                                20     28     -8 (VIOLATED)
_23319_/Y                                20     28     -8 (VIOLATED)
_24225_/Y                                20     28     -8 (VIOLATED)
_24283_/Y                                20     28     -8 (VIOLATED)
_24307_/Y                                20     28     -8 (VIOLATED)
_25174_/Y                                20     28     -8 (VIOLATED)
_25203_/Y                                20     28     -8 (VIOLATED)
clkbuf_5_0__f_wb_clk_i/X                 20     28     -8 (VIOLATED)
clkbuf_5_22__f_wb_clk_i/X                20     28     -8 (VIOLATED)
clkbuf_5_23__f_wb_clk_i/X                20     28     -8 (VIOLATED)
clkbuf_5_3__f_wb_clk_i/X                 20     28     -8 (VIOLATED)
clkbuf_5_7__f_wb_clk_i/X                 20     28     -8 (VIOLATED)
fanout1036/X                             20     28     -8 (VIOLATED)
fanout1065/X                             20     28     -8 (VIOLATED)
fanout1158/X                             20     28     -8 (VIOLATED)
fanout211/X                              20     28     -8 (VIOLATED)
fanout285/X                              20     28     -8 (VIOLATED)
fanout367/X                              20     28     -8 (VIOLATED)
fanout406/X                              20     28     -8 (VIOLATED)
fanout421/X                              20     28     -8 (VIOLATED)
fanout427/X                              20     28     -8 (VIOLATED)
fanout448/X                              20     28     -8 (VIOLATED)
fanout474/X                              20     28     -8 (VIOLATED)
fanout491/X                              20     28     -8 (VIOLATED)
fanout623/X                              20     28     -8 (VIOLATED)
fanout633/X                              20     28     -8 (VIOLATED)
fanout642/X                              20     28     -8 (VIOLATED)
fanout720/X                              20     28     -8 (VIOLATED)
fanout750/X                              20     28     -8 (VIOLATED)
fanout755/X                              20     28     -8 (VIOLATED)
fanout759/X                              20     28     -8 (VIOLATED)
fanout792/X                              20     28     -8 (VIOLATED)
fanout796/X                              20     28     -8 (VIOLATED)
fanout820/X                              20     28     -8 (VIOLATED)
fanout843/X                              20     28     -8 (VIOLATED)
fanout92/X                               20     28     -8 (VIOLATED)
fanout923/X                              20     28     -8 (VIOLATED)
fanout966/X                              20     28     -8 (VIOLATED)
fanout97/X                               20     28     -8 (VIOLATED)
hold286/X                                20     28     -8 (VIOLATED)
hold322/X                                20     28     -8 (VIOLATED)
hold62/X                                 20     28     -8 (VIOLATED)
wire586/X                                20     28     -8 (VIOLATED)
wire592/X                                20     28     -8 (VIOLATED)
wire866/X                                20     28     -8 (VIOLATED)
_15885_/Y                                20     26     -6 (VIOLATED)
_15892_/X                                20     26     -6 (VIOLATED)
_15931_/X                                20     26     -6 (VIOLATED)
_15935_/X                                20     26     -6 (VIOLATED)
_16554_/X                                20     26     -6 (VIOLATED)
_16573_/X                                20     26     -6 (VIOLATED)
_16580_/X                                20     26     -6 (VIOLATED)
_16601_/Y                                20     26     -6 (VIOLATED)
_16605_/X                                20     26     -6 (VIOLATED)
_16606_/X                                20     26     -6 (VIOLATED)
_16627_/X                                20     26     -6 (VIOLATED)
_16658_/X                                20     26     -6 (VIOLATED)
_16668_/X                                20     26     -6 (VIOLATED)
_17206_/Y                                20     26     -6 (VIOLATED)
_17280_/X                                20     26     -6 (VIOLATED)
_17308_/X                                20     26     -6 (VIOLATED)
_17901_/Y                                20     26     -6 (VIOLATED)
_18002_/X                                20     26     -6 (VIOLATED)
_22325_/Y                                20     26     -6 (VIOLATED)
_22368_/Y                                20     26     -6 (VIOLATED)
_22376_/Y                                20     26     -6 (VIOLATED)
_22392_/X                                20     26     -6 (VIOLATED)
_22461_/Y                                20     26     -6 (VIOLATED)
_23264_/Y                                20     26     -6 (VIOLATED)
_23274_/Y                                20     26     -6 (VIOLATED)
_23325_/X                                20     26     -6 (VIOLATED)
_23331_/Y                                20     26     -6 (VIOLATED)
_23337_/Y                                20     26     -6 (VIOLATED)
_24210_/Y                                20     26     -6 (VIOLATED)
_24211_/X                                20     26     -6 (VIOLATED)
_24277_/Y                                20     26     -6 (VIOLATED)
_25060_/Y                                20     26     -6 (VIOLATED)
_25064_/X                                20     26     -6 (VIOLATED)
_25075_/Y                                20     26     -6 (VIOLATED)
_25090_/X                                20     26     -6 (VIOLATED)
_25101_/Y                                20     26     -6 (VIOLATED)
_25149_/X                                20     26     -6 (VIOLATED)
_25159_/Y                                20     26     -6 (VIOLATED)
clkbuf_5_11__f_wb_clk_i/X                20     26     -6 (VIOLATED)
clkbuf_5_13__f_wb_clk_i/X                20     26     -6 (VIOLATED)
clkbuf_5_20__f_wb_clk_i/X                20     26     -6 (VIOLATED)
clkbuf_5_21__f_wb_clk_i/X                20     26     -6 (VIOLATED)
clkbuf_5_27__f_wb_clk_i/X                20     26     -6 (VIOLATED)
clkbuf_5_2__f_wb_clk_i/X                 20     26     -6 (VIOLATED)
clkbuf_5_30__f_wb_clk_i/X                20     26     -6 (VIOLATED)
clkbuf_5_5__f_wb_clk_i/X                 20     26     -6 (VIOLATED)
fanout1060/X                             20     26     -6 (VIOLATED)
fanout212/X                              20     26     -6 (VIOLATED)
fanout288/X                              20     26     -6 (VIOLATED)
fanout400/X                              20     26     -6 (VIOLATED)
fanout452/X                              20     26     -6 (VIOLATED)
fanout479/X                              20     26     -6 (VIOLATED)
fanout484/X                              20     26     -6 (VIOLATED)
fanout486/X                              20     26     -6 (VIOLATED)
fanout533/X                              20     26     -6 (VIOLATED)
fanout558/X                              20     26     -6 (VIOLATED)
fanout565/X                              20     26     -6 (VIOLATED)
fanout627/X                              20     26     -6 (VIOLATED)
fanout646/X                              20     26     -6 (VIOLATED)
fanout652/X                              20     26     -6 (VIOLATED)
fanout692/X                              20     26     -6 (VIOLATED)
fanout704/X                              20     26     -6 (VIOLATED)
fanout733/X                              20     26     -6 (VIOLATED)
fanout763/X                              20     26     -6 (VIOLATED)
fanout764/X                              20     26     -6 (VIOLATED)
fanout783/X                              20     26     -6 (VIOLATED)
fanout811/X                              20     26     -6 (VIOLATED)
fanout830/X                              20     26     -6 (VIOLATED)
fanout839/X                              20     26     -6 (VIOLATED)
fanout912/X                              20     26     -6 (VIOLATED)
fanout921/X                              20     26     -6 (VIOLATED)
fanout924/X                              20     26     -6 (VIOLATED)
fanout956/X                              20     26     -6 (VIOLATED)
fanout961/X                              20     26     -6 (VIOLATED)
fanout978/X                              20     26     -6 (VIOLATED)
fanout984/X                              20     26     -6 (VIOLATED)
fanout986/X                              20     26     -6 (VIOLATED)
max_length578/X                          20     26     -6 (VIOLATED)
wire581/X                                20     26     -6 (VIOLATED)
wire589/X                                20     26     -6 (VIOLATED)
_15810_/X                                20     24     -4 (VIOLATED)
_15869_/X                                20     24     -4 (VIOLATED)
_15882_/X                                20     24     -4 (VIOLATED)
_15909_/X                                20     24     -4 (VIOLATED)
_15973_/X                                20     24     -4 (VIOLATED)
_16597_/X                                20     24     -4 (VIOLATED)
_16617_/X                                20     24     -4 (VIOLATED)
_16677_/X                                20     24     -4 (VIOLATED)
_17238_/X                                20     24     -4 (VIOLATED)
_17313_/X                                20     24     -4 (VIOLATED)
_17919_/X                                20     24     -4 (VIOLATED)
_22313_/X                                20     24     -4 (VIOLATED)
_23285_/Y                                20     24     -4 (VIOLATED)
_23306_/Y                                20     24     -4 (VIOLATED)
_23369_/Y                                20     24     -4 (VIOLATED)
_24221_/Y                                20     24     -4 (VIOLATED)
_24340_/Y                                20     24     -4 (VIOLATED)
_25057_/Y                                20     24     -4 (VIOLATED)
_25061_/X                                20     24     -4 (VIOLATED)
_25096_/Y                                20     24     -4 (VIOLATED)
_25111_/Y                                20     24     -4 (VIOLATED)
_25120_/Y                                20     24     -4 (VIOLATED)
_25187_/X                                20     24     -4 (VIOLATED)
clkbuf_5_16__f_wb_clk_i/X                20     24     -4 (VIOLATED)
clkbuf_5_18__f_wb_clk_i/X                20     24     -4 (VIOLATED)
clkbuf_5_25__f_wb_clk_i/X                20     24     -4 (VIOLATED)
clkbuf_5_28__f_wb_clk_i/X                20     24     -4 (VIOLATED)
fanout101/X                              20     24     -4 (VIOLATED)
fanout1033/X                             20     24     -4 (VIOLATED)
fanout1110/X                             20     24     -4 (VIOLATED)
fanout1111/X                             20     24     -4 (VIOLATED)
fanout1142/X                             20     24     -4 (VIOLATED)
fanout1222/X                             20     24     -4 (VIOLATED)
fanout125/X                              20     24     -4 (VIOLATED)
fanout136/X                              20     24     -4 (VIOLATED)
fanout214/X                              20     24     -4 (VIOLATED)
fanout222/X                              20     24     -4 (VIOLATED)
fanout254/X                              20     24     -4 (VIOLATED)
fanout389/X                              20     24     -4 (VIOLATED)
fanout431/X                              20     24     -4 (VIOLATED)
fanout442/X                              20     24     -4 (VIOLATED)
fanout459/X                              20     24     -4 (VIOLATED)
fanout518/X                              20     24     -4 (VIOLATED)
fanout524/X                              20     24     -4 (VIOLATED)
fanout535/X                              20     24     -4 (VIOLATED)
fanout549/X                              20     24     -4 (VIOLATED)
fanout559/X                              20     24     -4 (VIOLATED)
fanout601/X                              20     24     -4 (VIOLATED)
fanout637/X                              20     24     -4 (VIOLATED)
fanout685/X                              20     24     -4 (VIOLATED)
fanout714/X                              20     24     -4 (VIOLATED)
fanout724/X                              20     24     -4 (VIOLATED)
fanout729/X                              20     24     -4 (VIOLATED)
fanout745/X                              20     24     -4 (VIOLATED)
fanout754/X                              20     24     -4 (VIOLATED)
fanout773/X                              20     24     -4 (VIOLATED)
fanout774/X                              20     24     -4 (VIOLATED)
fanout782/X                              20     24     -4 (VIOLATED)
fanout810/X                              20     24     -4 (VIOLATED)
fanout829/X                              20     24     -4 (VIOLATED)
fanout838/X                              20     24     -4 (VIOLATED)
fanout854/X                              20     24     -4 (VIOLATED)
fanout872/X                              20     24     -4 (VIOLATED)
fanout885/X                              20     24     -4 (VIOLATED)
fanout890/X                              20     24     -4 (VIOLATED)
fanout901/X                              20     24     -4 (VIOLATED)
fanout907/X                              20     24     -4 (VIOLATED)
fanout972/X                              20     24     -4 (VIOLATED)
fanout976/X                              20     24     -4 (VIOLATED)
fanout996/X                              20     24     -4 (VIOLATED)
hold130/X                                20     24     -4 (VIOLATED)
hold169/X                                20     24     -4 (VIOLATED)
hold209/X                                20     24     -4 (VIOLATED)
hold361/X                                20     24     -4 (VIOLATED)
hold442/X                                20     24     -4 (VIOLATED)
hold460/X                                20     24     -4 (VIOLATED)
hold545/X                                20     24     -4 (VIOLATED)
hold646/X                                20     24     -4 (VIOLATED)
hold650/X                                20     24     -4 (VIOLATED)
hold660/X                                20     24     -4 (VIOLATED)
max_length574/X                          20     24     -4 (VIOLATED)
_15901_/X                                20     22     -2 (VIOLATED)
_15916_/X                                20     22     -2 (VIOLATED)
_15917_/X                                20     22     -2 (VIOLATED)
_16600_/X                                20     22     -2 (VIOLATED)
_16613_/X                                20     22     -2 (VIOLATED)
_16634_/X                                20     22     -2 (VIOLATED)
_16666_/X                                20     22     -2 (VIOLATED)
_16754_/X                                20     22     -2 (VIOLATED)
_17243_/X                                20     22     -2 (VIOLATED)
_17247_/X                                20     22     -2 (VIOLATED)
_17303_/X                                20     22     -2 (VIOLATED)
_17872_/Y                                20     22     -2 (VIOLATED)
_17913_/X                                20     22     -2 (VIOLATED)
_17983_/X                                20     22     -2 (VIOLATED)
_20179_/Y                                20     22     -2 (VIOLATED)
_20185_/X                                20     22     -2 (VIOLATED)
_20188_/Y                                20     22     -2 (VIOLATED)
_20207_/Y                                20     22     -2 (VIOLATED)
_20222_/Y                                20     22     -2 (VIOLATED)
_20240_/Y                                20     22     -2 (VIOLATED)
_20243_/Y                                20     22     -2 (VIOLATED)
_22307_/Y                                20     22     -2 (VIOLATED)
_22364_/Y                                20     22     -2 (VIOLATED)
_22366_/X                                20     22     -2 (VIOLATED)
_22389_/Y                                20     22     -2 (VIOLATED)
_22396_/Y                                20     22     -2 (VIOLATED)
_23244_/Y                                20     22     -2 (VIOLATED)
_23252_/Y                                20     22     -2 (VIOLATED)
_23287_/Y                                20     22     -2 (VIOLATED)
_23298_/Y                                20     22     -2 (VIOLATED)
_23311_/Y                                20     22     -2 (VIOLATED)
_23348_/X                                20     22     -2 (VIOLATED)
_24249_/Y                                20     22     -2 (VIOLATED)
_24265_/X                                20     22     -2 (VIOLATED)
_24271_/Y                                20     22     -2 (VIOLATED)
_24275_/Y                                20     22     -2 (VIOLATED)
_24278_/X                                20     22     -2 (VIOLATED)
_24304_/X                                20     22     -2 (VIOLATED)
_24334_/X                                20     22     -2 (VIOLATED)
_25086_/X                                20     22     -2 (VIOLATED)
_25094_/Y                                20     22     -2 (VIOLATED)
_25152_/X                                20     22     -2 (VIOLATED)
_31075_/Q                                20     22     -2 (VIOLATED)
_31099_/Q                                20     22     -2 (VIOLATED)
_33336_/Q                                20     22     -2 (VIOLATED)
clkbuf_5_31__f_wb_clk_i/X                20     22     -2 (VIOLATED)
fanout1007/X                             20     22     -2 (VIOLATED)
fanout1019/X                             20     22     -2 (VIOLATED)
fanout1081/X                             20     22     -2 (VIOLATED)
fanout1096/X                             20     22     -2 (VIOLATED)
fanout1107/X                             20     22     -2 (VIOLATED)
fanout1149/X                             20     22     -2 (VIOLATED)
fanout1199/X                             20     22     -2 (VIOLATED)
fanout244/X                              20     22     -2 (VIOLATED)
fanout247/X                              20     22     -2 (VIOLATED)
fanout293/X                              20     22     -2 (VIOLATED)
fanout301/X                              20     22     -2 (VIOLATED)
fanout336/X                              20     22     -2 (VIOLATED)
fanout358/X                              20     22     -2 (VIOLATED)
fanout464/X                              20     22     -2 (VIOLATED)
fanout466/X                              20     22     -2 (VIOLATED)
fanout481/X                              20     22     -2 (VIOLATED)
fanout482/X                              20     22     -2 (VIOLATED)
fanout503/X                              20     22     -2 (VIOLATED)
fanout522/X                              20     22     -2 (VIOLATED)
fanout548/X                              20     22     -2 (VIOLATED)
fanout610/X                              20     22     -2 (VIOLATED)
fanout613/X                              20     22     -2 (VIOLATED)
fanout675/X                              20     22     -2 (VIOLATED)
fanout740/X                              20     22     -2 (VIOLATED)
fanout788/X                              20     22     -2 (VIOLATED)
fanout897/X                              20     22     -2 (VIOLATED)
fanout938/X                              20     22     -2 (VIOLATED)
fanout959/X                              20     22     -2 (VIOLATED)
fanout964/X                              20     22     -2 (VIOLATED)
hold112/X                                20     22     -2 (VIOLATED)
hold135/X                                20     22     -2 (VIOLATED)
hold151/X                                20     22     -2 (VIOLATED)
hold177/X                                20     22     -2 (VIOLATED)
hold18/X                                 20     22     -2 (VIOLATED)
hold198/X                                20     22     -2 (VIOLATED)
hold228/X                                20     22     -2 (VIOLATED)
hold236/X                                20     22     -2 (VIOLATED)
hold266/X                                20     22     -2 (VIOLATED)
hold271/X                                20     22     -2 (VIOLATED)
hold281/X                                20     22     -2 (VIOLATED)
hold291/X                                20     22     -2 (VIOLATED)
hold309/X                                20     22     -2 (VIOLATED)
hold329/X                                20     22     -2 (VIOLATED)
hold367/X                                20     22     -2 (VIOLATED)
hold402/X                                20     22     -2 (VIOLATED)
hold413/X                                20     22     -2 (VIOLATED)
hold496/X                                20     22     -2 (VIOLATED)
hold519/X                                20     22     -2 (VIOLATED)
hold7/X                                  20     22     -2 (VIOLATED)
hold88/X                                 20     22     -2 (VIOLATED)



===========================================================================
report_parasitic_annotation -report_unannotated
============================================================================
Found 28 unannotated drivers.
 wbs_adr_i[0]
 wbs_adr_i[10]
 wbs_adr_i[11]
 wbs_adr_i[12]
 wbs_adr_i[13]
 wbs_adr_i[14]
 wbs_adr_i[15]
 wbs_adr_i[16]
 wbs_adr_i[17]
 wbs_adr_i[18]
 wbs_adr_i[19]
 wbs_adr_i[1]
 wbs_adr_i[20]
 wbs_adr_i[21]
 wbs_adr_i[22]
 wbs_adr_i[23]
 wbs_adr_i[24]
 wbs_adr_i[25]
 wbs_adr_i[26]
 wbs_adr_i[27]
 wbs_adr_i[28]
 wbs_adr_i[29]
 wbs_adr_i[30]
 wbs_adr_i[31]
 wbs_sel_i[0]
 wbs_sel_i[1]
 wbs_sel_i[2]
 wbs_sel_i[3]
Found 0 partially unannotated drivers.

===========================================================================
max slew violation count 0
max fanout violation count 992
max cap violation count 0
============================================================================

===========================================================================
check_setup -verbose -unconstrained_endpoints -multiple_clock -no_clock -no_input_delay -loops -generated_clocks
===========================================================================
Warning: There are 2 input ports missing set_input_delay.
  wbs_adr_i[0]
  wbs_adr_i[1]
