
===========================================================================
report_checks -unconstrained
===========================================================================
======================= Typical Corner ===================================

Startpoint: wb_rst_i (input port clocked by clk)
Endpoint: _32666_ (recovery check against rising-edge clock clk)
Path Group: asynchronous
Path Type: max

Fanout     Cap    Slew   Delay    Time   Description
-----------------------------------------------------------------------------
                          0.00    0.00   clock clk (rise edge)
                          6.00    6.00   clock network delay (propagated)
                          6.00   12.00 v input external delay
                  0.00    0.00   12.00 v wb_rst_i (in)
     1    0.00                           wb_rst_i (net)
                  0.00    0.00   12.00 v hold248/A (sky130_fd_sc_hd__dlygate4sd3_1)
                  0.05    0.56   12.56 v hold248/X (sky130_fd_sc_hd__dlygate4sd3_1)
     1    0.00                           net1600 (net)
                  0.05    0.00   12.56 v hold724/A (sky130_fd_sc_hd__clkdlybuf4s25_1)
                  0.09    0.30   12.86 v hold724/X (sky130_fd_sc_hd__clkdlybuf4s25_1)
     1    0.01                           net2052 (net)
                  0.09    0.00   12.86 v input1/A (sky130_fd_sc_hd__buf_12)
                  0.09    0.20   13.07 v input1/X (sky130_fd_sc_hd__buf_12)
     6    0.16                           net1 (net)
                  0.09    0.02   13.08 v fanout1328/A (sky130_fd_sc_hd__clkbuf_16)
                  0.17    0.28   13.36 v fanout1328/X (sky130_fd_sc_hd__clkbuf_16)
    16    0.26                           net1328 (net)
                  0.18    0.03   13.39 v fanout1292/A (sky130_fd_sc_hd__buf_6)
                  0.11    0.26   13.65 v fanout1292/X (sky130_fd_sc_hd__buf_6)
    16    0.12                           net1292 (net)
                  0.12    0.02   13.67 v fanout1291/A (sky130_fd_sc_hd__clkbuf_8)
                  0.12    0.26   13.93 v fanout1291/X (sky130_fd_sc_hd__clkbuf_8)
    16    0.11                           net1291 (net)
                  0.12    0.01   13.93 v fanout1290/A (sky130_fd_sc_hd__buf_6)
                  0.11    0.23   14.16 v fanout1290/X (sky130_fd_sc_hd__buf_6)
    18    0.12                           net1290 (net)
                  0.11    0.00   14.17 v fanout1287/A (sky130_fd_sc_hd__clkbuf_8)
                  0.10    0.24   14.41 v fanout1287/X (sky130_fd_sc_hd__clkbuf_8)
    20    0.09                           net1287 (net)
                  0.10    0.00   14.41 v fanout1286/A (sky130_fd_sc_hd__buf_8)
                  0.08    0.20   14.62 v fanout1286/X (sky130_fd_sc_hd__buf_8)
    16    0.10                           net1286 (net)
                  0.08    0.01   14.62 v _29671_/A (sky130_fd_sc_hd__inv_2)
                  0.04    0.06   14.69 ^ _29671_/Y (sky130_fd_sc_hd__inv_2)
     1    0.00                           _01826_ (net)
                  0.04    0.00   14.69 ^ _32666_/RESET_B (sky130_fd_sc_hd__dfrtp_1)
                                 14.69   data arrival time

                         25.00   25.00   clock clk (rise edge)
                          4.50   29.50   clock source latency
                  0.60    0.00   29.50 ^ wb_clk_i (in)
     1    0.13                           wb_clk_i (net)
                  0.64    0.02   29.52 ^ clkbuf_0_wb_clk_i/A (sky130_fd_sc_hd__clkbuf_16)
                  0.22    0.38   29.90 ^ clkbuf_0_wb_clk_i/X (sky130_fd_sc_hd__clkbuf_16)
     8    0.20                           clknet_0_wb_clk_i (net)
                  0.22    0.01   29.91 ^ clkbuf_2_3_0_wb_clk_i/A (sky130_fd_sc_hd__clkbuf_8)
                  0.38    0.40   30.31 ^ clkbuf_2_3_0_wb_clk_i/X (sky130_fd_sc_hd__clkbuf_8)
    16    0.22                           clknet_2_3_0_wb_clk_i (net)
                  0.38    0.01   30.32 ^ clkbuf_5_27__f_wb_clk_i/A (sky130_fd_sc_hd__clkbuf_16)
                  0.21    0.33   30.66 ^ clkbuf_5_27__f_wb_clk_i/X (sky130_fd_sc_hd__clkbuf_16)
    28    0.20                           clknet_5_27__leaf_wb_clk_i (net)
                  0.21    0.01   30.66 ^ clkbuf_leaf_214_wb_clk_i/A (sky130_fd_sc_hd__clkbuf_16)
                  0.05    0.17   30.84 ^ clkbuf_leaf_214_wb_clk_i/X (sky130_fd_sc_hd__clkbuf_16)
     6    0.02                           clknet_leaf_214_wb_clk_i (net)
                  0.05    0.00   30.84 ^ _32666_/CLK (sky130_fd_sc_hd__dfrtp_1)
                         -0.10   30.74   clock uncertainty
                          0.00   30.74   clock reconvergence pessimism
                          0.23   30.97   library recovery time
                                 30.97   data required time
-----------------------------------------------------------------------------
                                 30.97   data required time
                                -14.69   data arrival time
-----------------------------------------------------------------------------
                                 16.29   slack (MET)


Startpoint: wbs_adr_i[4] (input port clocked by clk)
Endpoint: wbs_dat_o[29] (output port clocked by clk)
Path Group: clk
Path Type: max

Fanout     Cap    Slew   Delay    Time   Description
-----------------------------------------------------------------------------
                          0.00    0.00   clock clk (rise edge)
                          6.00    6.00   clock network delay (propagated)
                          6.00   12.00 v input external delay
                  0.00    0.00   12.00 v wbs_adr_i[4] (in)
     1    0.00                           wbs_adr_i[4] (net)
                  0.00    0.00   12.00 v hold384/A (sky130_fd_sc_hd__dlygate4sd3_1)
                  0.05    0.56   12.56 v hold384/X (sky130_fd_sc_hd__dlygate4sd3_1)
     1    0.00                           net1917 (net)
                  0.05    0.00   12.56 v hold53/A (sky130_fd_sc_hd__dlygate4sd3_1)
                  0.06    0.60   13.16 v hold53/X (sky130_fd_sc_hd__dlygate4sd3_1)
     1    0.00                           net1381 (net)
                  0.06    0.00   13.16 v input4/A (sky130_fd_sc_hd__buf_1)
                  0.08    0.14   13.30 v input4/X (sky130_fd_sc_hd__buf_1)
     2    0.01                           net4 (net)
                  0.08    0.00   13.30 v hold54/A (sky130_fd_sc_hd__buf_2)
                  0.09    0.20   13.50 v hold54/X (sky130_fd_sc_hd__buf_2)
     5    0.03                           net1382 (net)
                  0.09    0.00   13.50 v _15427_/A (sky130_fd_sc_hd__or2_2)
                  0.11    0.39   13.90 v _15427_/X (sky130_fd_sc_hd__or2_2)
     4    0.02                           _14843_ (net)
                  0.11    0.00   13.90 v hold62/A (sky130_fd_sc_hd__dlygate4sd3_1)
                  0.09    0.65   14.55 v hold62/X (sky130_fd_sc_hd__dlygate4sd3_1)
     3    0.01                           net1390 (net)
                  0.09    0.00   14.55 v _15428_/C (sky130_fd_sc_hd__nor3_1)
                  0.23    0.22   14.77 ^ _15428_/Y (sky130_fd_sc_hd__nor3_1)
     2    0.01                           _14844_ (net)
                  0.23    0.00   14.77 ^ _27762_/C (sky130_fd_sc_hd__and3_4)
                  0.32    0.45   15.22 ^ _27762_/X (sky130_fd_sc_hd__and3_4)
     8    0.11                           _14702_ (net)
                  0.32    0.00   15.22 ^ fanout692/A (sky130_fd_sc_hd__clkbuf_8)
                  0.25    0.38   15.60 ^ fanout692/X (sky130_fd_sc_hd__clkbuf_8)
    32    0.14                           net692 (net)
                  0.25    0.00   15.60 ^ _27774_/A (sky130_fd_sc_hd__nand2_2)
                  0.14    0.14   15.74 v _27774_/Y (sky130_fd_sc_hd__nand2_2)
     3    0.02                           _14712_ (net)
                  0.14    0.00   15.74 v _27785_/B1 (sky130_fd_sc_hd__o31a_4)
                  0.13    0.24   15.98 v _27785_/X (sky130_fd_sc_hd__o31a_4)
     8    0.07                           _14720_ (net)
                  0.13    0.00   15.98 v _27786_/B1 (sky130_fd_sc_hd__o21a_4)
                  0.15    0.27   16.25 v _27786_/X (sky130_fd_sc_hd__o21a_4)
     8    0.10                           _14721_ (net)
                  0.15    0.01   16.26 v _27852_/B1 (sky130_fd_sc_hd__a21oi_4)
                  0.30    0.32   16.58 ^ _27852_/Y (sky130_fd_sc_hd__a21oi_4)
     2    0.04                           net67 (net)
                  0.30    0.00   16.58 ^ output67/A (sky130_fd_sc_hd__buf_12)
                  0.17    0.26   16.84 ^ output67/X (sky130_fd_sc_hd__buf_12)
     1    0.14                           wbs_dat_o[29] (net)
                  0.17    0.00   16.85 ^ wbs_dat_o[29] (out)
                                 16.85   data arrival time

                         25.00   25.00   clock clk (rise edge)
                          4.50   29.50   clock network delay (propagated)
                         -0.10   29.40   clock uncertainty
                          0.00   29.40   clock reconvergence pessimism
                         -8.00   21.40   output external delay
                                 21.40   data required time
-----------------------------------------------------------------------------
                                 21.40   data required time
                                -16.85   data arrival time
-----------------------------------------------------------------------------
                                  4.55   slack (MET)




===========================================================================
report_checks --slack_max -0.01
============================================================================
======================= Typical Corner ===================================

No paths found.


===========================================================================
 report_check_types -max_slew -max_cap -max_fanout -violators
============================================================================
======================= Typical Corner ===================================

max fanout

Pin                                   Limit Fanout  Slack
---------------------------------------------------------
clkbuf_5_14__f_wb_clk_i/X                20     34    -14 (VIOLATED)
_16637_/X                                20     32    -12 (VIOLATED)
_16644_/X                                20     32    -12 (VIOLATED)
_16682_/X                                20     32    -12 (VIOLATED)
_17207_/X                                20     32    -12 (VIOLATED)
_17233_/X                                20     32    -12 (VIOLATED)
_17246_/X                                20     32    -12 (VIOLATED)
_17252_/X                                20     32    -12 (VIOLATED)
_17283_/X                                20     32    -12 (VIOLATED)
_17940_/X                                20     32    -12 (VIOLATED)
_17964_/X                                20     32    -12 (VIOLATED)
_22399_/Y                                20     32    -12 (VIOLATED)
_23333_/Y                                20     32    -12 (VIOLATED)
_25071_/X                                20     32    -12 (VIOLATED)
_25076_/X                                20     32    -12 (VIOLATED)
_25112_/Y                                20     32    -12 (VIOLATED)
_27764_/Y                                20     32    -12 (VIOLATED)
clkbuf_5_12__f_wb_clk_i/X                20     32    -12 (VIOLATED)
clkbuf_5_15__f_wb_clk_i/X                20     32    -12 (VIOLATED)
clkbuf_5_4__f_wb_clk_i/X                 20     32    -12 (VIOLATED)
fanout1001/X                             20     32    -12 (VIOLATED)
fanout1002/X                             20     32    -12 (VIOLATED)
fanout1004/X                             20     32    -12 (VIOLATED)
fanout1006/X                             20     32    -12 (VIOLATED)
fanout101/X                              20     32    -12 (VIOLATED)
fanout1010/X                             20     32    -12 (VIOLATED)
fanout1011/X                             20     32    -12 (VIOLATED)
fanout1015/X                             20     32    -12 (VIOLATED)
fanout1016/X                             20     32    -12 (VIOLATED)
fanout1017/X                             20     32    -12 (VIOLATED)
fanout1019/X                             20     32    -12 (VIOLATED)
fanout102/X                              20     32    -12 (VIOLATED)
fanout1020/X                             20     32    -12 (VIOLATED)
fanout1021/X                             20     32    -12 (VIOLATED)
fanout1022/X                             20     32    -12 (VIOLATED)
fanout1023/X                             20     32    -12 (VIOLATED)
fanout1024/X                             20     32    -12 (VIOLATED)
fanout1025/X                             20     32    -12 (VIOLATED)
fanout1029/X                             20     32    -12 (VIOLATED)
fanout103/X                              20     32    -12 (VIOLATED)
fanout1032/X                             20     32    -12 (VIOLATED)
fanout1033/X                             20     32    -12 (VIOLATED)
fanout1034/X                             20     32    -12 (VIOLATED)
fanout1035/X                             20     32    -12 (VIOLATED)
fanout1036/X                             20     32    -12 (VIOLATED)
fanout1037/X                             20     32    -12 (VIOLATED)
fanout1039/X                             20     32    -12 (VIOLATED)
fanout1043/X                             20     32    -12 (VIOLATED)
fanout1044/X                             20     32    -12 (VIOLATED)
fanout1046/X                             20     32    -12 (VIOLATED)
fanout1047/X                             20     32    -12 (VIOLATED)
fanout1049/X                             20     32    -12 (VIOLATED)
fanout1052/X                             20     32    -12 (VIOLATED)
fanout1054/X                             20     32    -12 (VIOLATED)
fanout1057/X                             20     32    -12 (VIOLATED)
fanout1058/X                             20     32    -12 (VIOLATED)
fanout1059/X                             20     32    -12 (VIOLATED)
fanout1061/X                             20     32    -12 (VIOLATED)
fanout1062/X                             20     32    -12 (VIOLATED)
fanout1064/X                             20     32    -12 (VIOLATED)
fanout1065/X                             20     32    -12 (VIOLATED)
fanout1066/X                             20     32    -12 (VIOLATED)
fanout1068/X                             20     32    -12 (VIOLATED)
fanout107/X                              20     32    -12 (VIOLATED)
fanout1071/X                             20     32    -12 (VIOLATED)
fanout1074/X                             20     32    -12 (VIOLATED)
fanout1075/X                             20     32    -12 (VIOLATED)
fanout1077/X                             20     32    -12 (VIOLATED)
fanout1079/X                             20     32    -12 (VIOLATED)
fanout108/X                              20     32    -12 (VIOLATED)
fanout1081/X                             20     32    -12 (VIOLATED)
fanout1083/X                             20     32    -12 (VIOLATED)
fanout1085/X                             20     32    -12 (VIOLATED)
fanout1087/X                             20     32    -12 (VIOLATED)
fanout109/X                              20     32    -12 (VIOLATED)
fanout1090/X                             20     32    -12 (VIOLATED)
fanout1092/X                             20     32    -12 (VIOLATED)
fanout1096/X                             20     32    -12 (VIOLATED)
fanout1103/X                             20     32    -12 (VIOLATED)
fanout111/X                              20     32    -12 (VIOLATED)
fanout1116/X                             20     32    -12 (VIOLATED)
fanout1118/X                             20     32    -12 (VIOLATED)
fanout112/X                              20     32    -12 (VIOLATED)
fanout1126/X                             20     32    -12 (VIOLATED)
fanout1127/X                             20     32    -12 (VIOLATED)
fanout113/X                              20     32    -12 (VIOLATED)
fanout1130/X                             20     32    -12 (VIOLATED)
fanout1132/X                             20     32    -12 (VIOLATED)
fanout1133/X                             20     32    -12 (VIOLATED)
fanout1136/X                             20     32    -12 (VIOLATED)
fanout1137/X                             20     32    -12 (VIOLATED)
fanout1139/X                             20     32    -12 (VIOLATED)
fanout1149/X                             20     32    -12 (VIOLATED)
fanout1153/X                             20     32    -12 (VIOLATED)
fanout1155/X                             20     32    -12 (VIOLATED)
fanout1157/X                             20     32    -12 (VIOLATED)
fanout1171/X                             20     32    -12 (VIOLATED)
fanout1180/X                             20     32    -12 (VIOLATED)
fanout1183/X                             20     32    -12 (VIOLATED)
fanout1195/X                             20     32    -12 (VIOLATED)
fanout1206/X                             20     32    -12 (VIOLATED)
fanout1215/X                             20     32    -12 (VIOLATED)
fanout1219/X                             20     32    -12 (VIOLATED)
fanout1220/X                             20     32    -12 (VIOLATED)
fanout1221/X                             20     32    -12 (VIOLATED)
fanout1223/X                             20     32    -12 (VIOLATED)
fanout1224/X                             20     32    -12 (VIOLATED)
fanout1229/X                             20     32    -12 (VIOLATED)
fanout1242/X                             20     32    -12 (VIOLATED)
fanout1244/X                             20     32    -12 (VIOLATED)
fanout1247/X                             20     32    -12 (VIOLATED)
fanout1258/X                             20     32    -12 (VIOLATED)
fanout1263/X                             20     32    -12 (VIOLATED)
fanout1265/X                             20     32    -12 (VIOLATED)
fanout1272/X                             20     32    -12 (VIOLATED)
fanout1274/X                             20     32    -12 (VIOLATED)
fanout1277/X                             20     32    -12 (VIOLATED)
fanout1295/X                             20     32    -12 (VIOLATED)
fanout1299/X                             20     32    -12 (VIOLATED)
fanout1307/X                             20     32    -12 (VIOLATED)
fanout1314/X                             20     32    -12 (VIOLATED)
fanout1319/X                             20     32    -12 (VIOLATED)
fanout1324/X                             20     32    -12 (VIOLATED)
fanout162/X                              20     32    -12 (VIOLATED)
fanout165/X                              20     32    -12 (VIOLATED)
fanout167/X                              20     32    -12 (VIOLATED)
fanout169/X                              20     32    -12 (VIOLATED)
fanout174/X                              20     32    -12 (VIOLATED)
fanout177/X                              20     32    -12 (VIOLATED)
fanout178/X                              20     32    -12 (VIOLATED)
fanout181/X                              20     32    -12 (VIOLATED)
fanout183/X                              20     32    -12 (VIOLATED)
fanout184/X                              20     32    -12 (VIOLATED)
fanout300/X                              20     32    -12 (VIOLATED)
fanout301/X                              20     32    -12 (VIOLATED)
fanout302/X                              20     32    -12 (VIOLATED)
fanout306/X                              20     32    -12 (VIOLATED)
fanout310/X                              20     32    -12 (VIOLATED)
fanout312/X                              20     32    -12 (VIOLATED)
fanout315/X                              20     32    -12 (VIOLATED)
fanout317/X                              20     32    -12 (VIOLATED)
fanout318/X                              20     32    -12 (VIOLATED)
fanout319/X                              20     32    -12 (VIOLATED)
fanout325/X                              20     32    -12 (VIOLATED)
fanout327/X                              20     32    -12 (VIOLATED)
fanout328/X                              20     32    -12 (VIOLATED)
fanout329/X                              20     32    -12 (VIOLATED)
fanout330/X                              20     32    -12 (VIOLATED)
fanout331/X                              20     32    -12 (VIOLATED)
fanout332/X                              20     32    -12 (VIOLATED)
fanout333/X                              20     32    -12 (VIOLATED)
fanout334/X                              20     32    -12 (VIOLATED)
fanout335/X                              20     32    -12 (VIOLATED)
fanout336/X                              20     32    -12 (VIOLATED)
fanout337/X                              20     32    -12 (VIOLATED)
fanout338/X                              20     32    -12 (VIOLATED)
fanout339/X                              20     32    -12 (VIOLATED)
fanout340/X                              20     32    -12 (VIOLATED)
fanout341/X                              20     32    -12 (VIOLATED)
fanout342/X                              20     32    -12 (VIOLATED)
fanout344/X                              20     32    -12 (VIOLATED)
fanout345/X                              20     32    -12 (VIOLATED)
fanout346/X                              20     32    -12 (VIOLATED)
fanout348/X                              20     32    -12 (VIOLATED)
fanout352/X                              20     32    -12 (VIOLATED)
fanout354/X                              20     32    -12 (VIOLATED)
fanout355/X                              20     32    -12 (VIOLATED)
fanout356/X                              20     32    -12 (VIOLATED)
fanout357/X                              20     32    -12 (VIOLATED)
fanout358/X                              20     32    -12 (VIOLATED)
fanout360/X                              20     32    -12 (VIOLATED)
fanout362/X                              20     32    -12 (VIOLATED)
fanout363/X                              20     32    -12 (VIOLATED)
fanout365/X                              20     32    -12 (VIOLATED)
fanout367/X                              20     32    -12 (VIOLATED)
fanout368/X                              20     32    -12 (VIOLATED)
fanout369/X                              20     32    -12 (VIOLATED)
fanout370/X                              20     32    -12 (VIOLATED)
fanout372/X                              20     32    -12 (VIOLATED)
fanout373/X                              20     32    -12 (VIOLATED)
fanout374/X                              20     32    -12 (VIOLATED)
fanout377/X                              20     32    -12 (VIOLATED)
fanout379/X                              20     32    -12 (VIOLATED)
fanout381/X                              20     32    -12 (VIOLATED)
fanout383/X                              20     32    -12 (VIOLATED)
fanout385/X                              20     32    -12 (VIOLATED)
fanout386/X                              20     32    -12 (VIOLATED)
fanout388/X                              20     32    -12 (VIOLATED)
fanout390/X                              20     32    -12 (VIOLATED)
fanout391/X                              20     32    -12 (VIOLATED)
fanout393/X                              20     32    -12 (VIOLATED)
fanout395/X                              20     32    -12 (VIOLATED)
fanout396/X                              20     32    -12 (VIOLATED)
fanout397/X                              20     32    -12 (VIOLATED)
fanout398/X                              20     32    -12 (VIOLATED)
fanout399/X                              20     32    -12 (VIOLATED)
fanout401/X                              20     32    -12 (VIOLATED)
fanout403/X                              20     32    -12 (VIOLATED)
fanout404/X                              20     32    -12 (VIOLATED)
fanout406/X                              20     32    -12 (VIOLATED)
fanout407/X                              20     32    -12 (VIOLATED)
fanout408/X                              20     32    -12 (VIOLATED)
fanout409/X                              20     32    -12 (VIOLATED)
fanout410/X                              20     32    -12 (VIOLATED)
fanout411/X                              20     32    -12 (VIOLATED)
fanout413/X                              20     32    -12 (VIOLATED)
fanout415/X                              20     32    -12 (VIOLATED)
fanout416/X                              20     32    -12 (VIOLATED)
fanout417/X                              20     32    -12 (VIOLATED)
fanout418/X                              20     32    -12 (VIOLATED)
fanout420/X                              20     32    -12 (VIOLATED)
fanout421/X                              20     32    -12 (VIOLATED)
fanout423/X                              20     32    -12 (VIOLATED)
fanout424/X                              20     32    -12 (VIOLATED)
fanout425/X                              20     32    -12 (VIOLATED)
fanout426/X                              20     32    -12 (VIOLATED)
fanout427/X                              20     32    -12 (VIOLATED)
fanout429/X                              20     32    -12 (VIOLATED)
fanout430/X                              20     32    -12 (VIOLATED)
fanout431/X                              20     32    -12 (VIOLATED)
fanout433/X                              20     32    -12 (VIOLATED)
fanout434/X                              20     32    -12 (VIOLATED)
fanout435/X                              20     32    -12 (VIOLATED)
fanout436/X                              20     32    -12 (VIOLATED)
fanout437/X                              20     32    -12 (VIOLATED)
fanout438/X                              20     32    -12 (VIOLATED)
fanout439/X                              20     32    -12 (VIOLATED)
fanout441/X                              20     32    -12 (VIOLATED)
fanout443/X                              20     32    -12 (VIOLATED)
fanout444/X                              20     32    -12 (VIOLATED)
fanout446/X                              20     32    -12 (VIOLATED)
fanout447/X                              20     32    -12 (VIOLATED)
fanout448/X                              20     32    -12 (VIOLATED)
fanout449/X                              20     32    -12 (VIOLATED)
fanout450/X                              20     32    -12 (VIOLATED)
fanout451/X                              20     32    -12 (VIOLATED)
fanout452/X                              20     32    -12 (VIOLATED)
fanout453/X                              20     32    -12 (VIOLATED)
fanout454/X                              20     32    -12 (VIOLATED)
fanout455/X                              20     32    -12 (VIOLATED)
fanout456/X                              20     32    -12 (VIOLATED)
fanout457/X                              20     32    -12 (VIOLATED)
fanout458/X                              20     32    -12 (VIOLATED)
fanout459/X                              20     32    -12 (VIOLATED)
fanout460/X                              20     32    -12 (VIOLATED)
fanout461/X                              20     32    -12 (VIOLATED)
fanout464/X                              20     32    -12 (VIOLATED)
fanout465/X                              20     32    -12 (VIOLATED)
fanout466/X                              20     32    -12 (VIOLATED)
fanout467/X                              20     32    -12 (VIOLATED)
fanout468/X                              20     32    -12 (VIOLATED)
fanout469/X                              20     32    -12 (VIOLATED)
fanout470/X                              20     32    -12 (VIOLATED)
fanout471/X                              20     32    -12 (VIOLATED)
fanout474/X                              20     32    -12 (VIOLATED)
fanout476/X                              20     32    -12 (VIOLATED)
fanout477/X                              20     32    -12 (VIOLATED)
fanout479/X                              20     32    -12 (VIOLATED)
fanout480/X                              20     32    -12 (VIOLATED)
fanout482/X                              20     32    -12 (VIOLATED)
fanout483/X                              20     32    -12 (VIOLATED)
fanout484/X                              20     32    -12 (VIOLATED)
fanout486/X                              20     32    -12 (VIOLATED)
fanout487/X                              20     32    -12 (VIOLATED)
fanout488/X                              20     32    -12 (VIOLATED)
fanout490/X                              20     32    -12 (VIOLATED)
fanout491/X                              20     32    -12 (VIOLATED)
fanout492/X                              20     32    -12 (VIOLATED)
fanout496/X                              20     32    -12 (VIOLATED)
fanout497/X                              20     32    -12 (VIOLATED)
fanout498/X                              20     32    -12 (VIOLATED)
fanout501/X                              20     32    -12 (VIOLATED)
fanout502/X                              20     32    -12 (VIOLATED)
fanout503/X                              20     32    -12 (VIOLATED)
fanout507/X                              20     32    -12 (VIOLATED)
fanout508/X                              20     32    -12 (VIOLATED)
fanout509/X                              20     32    -12 (VIOLATED)
fanout512/X                              20     32    -12 (VIOLATED)
fanout514/X                              20     32    -12 (VIOLATED)
fanout515/X                              20     32    -12 (VIOLATED)
fanout517/X                              20     32    -12 (VIOLATED)
fanout518/X                              20     32    -12 (VIOLATED)
fanout519/X                              20     32    -12 (VIOLATED)
fanout521/X                              20     32    -12 (VIOLATED)
fanout522/X                              20     32    -12 (VIOLATED)
fanout523/X                              20     32    -12 (VIOLATED)
fanout527/X                              20     32    -12 (VIOLATED)
fanout528/X                              20     32    -12 (VIOLATED)
fanout530/X                              20     32    -12 (VIOLATED)
fanout532/X                              20     32    -12 (VIOLATED)
fanout533/X                              20     32    -12 (VIOLATED)
fanout534/X                              20     32    -12 (VIOLATED)
fanout538/X                              20     32    -12 (VIOLATED)
fanout539/X                              20     32    -12 (VIOLATED)
fanout540/X                              20     32    -12 (VIOLATED)
fanout542/X                              20     32    -12 (VIOLATED)
fanout543/X                              20     32    -12 (VIOLATED)
fanout544/X                              20     32    -12 (VIOLATED)
fanout548/X                              20     32    -12 (VIOLATED)
fanout549/X                              20     32    -12 (VIOLATED)
fanout550/X                              20     32    -12 (VIOLATED)
fanout552/X                              20     32    -12 (VIOLATED)
fanout553/X                              20     32    -12 (VIOLATED)
fanout554/X                              20     32    -12 (VIOLATED)
fanout558/X                              20     32    -12 (VIOLATED)
fanout559/X                              20     32    -12 (VIOLATED)
fanout561/X                              20     32    -12 (VIOLATED)
fanout563/X                              20     32    -12 (VIOLATED)
fanout565/X                              20     32    -12 (VIOLATED)
fanout566/X                              20     32    -12 (VIOLATED)
fanout568/X                              20     32    -12 (VIOLATED)
fanout570/X                              20     32    -12 (VIOLATED)
fanout571/X                              20     32    -12 (VIOLATED)
fanout572/X                              20     32    -12 (VIOLATED)
fanout574/X                              20     32    -12 (VIOLATED)
fanout575/X                              20     32    -12 (VIOLATED)
fanout576/X                              20     32    -12 (VIOLATED)
fanout577/X                              20     32    -12 (VIOLATED)
fanout580/X                              20     32    -12 (VIOLATED)
fanout583/X                              20     32    -12 (VIOLATED)
fanout586/X                              20     32    -12 (VIOLATED)
fanout588/X                              20     32    -12 (VIOLATED)
fanout590/X                              20     32    -12 (VIOLATED)
fanout592/X                              20     32    -12 (VIOLATED)
fanout593/X                              20     32    -12 (VIOLATED)
fanout594/X                              20     32    -12 (VIOLATED)
fanout596/X                              20     32    -12 (VIOLATED)
fanout597/X                              20     32    -12 (VIOLATED)
fanout599/X                              20     32    -12 (VIOLATED)
fanout602/X                              20     32    -12 (VIOLATED)
fanout603/X                              20     32    -12 (VIOLATED)
fanout604/X                              20     32    -12 (VIOLATED)
fanout607/X                              20     32    -12 (VIOLATED)
fanout608/X                              20     32    -12 (VIOLATED)
fanout615/X                              20     32    -12 (VIOLATED)
fanout618/X                              20     32    -12 (VIOLATED)
fanout620/X                              20     32    -12 (VIOLATED)
fanout622/X                              20     32    -12 (VIOLATED)
fanout624/X                              20     32    -12 (VIOLATED)
fanout626/X                              20     32    -12 (VIOLATED)
fanout628/X                              20     32    -12 (VIOLATED)
fanout630/X                              20     32    -12 (VIOLATED)
fanout631/X                              20     32    -12 (VIOLATED)
fanout633/X                              20     32    -12 (VIOLATED)
fanout635/X                              20     32    -12 (VIOLATED)
fanout641/X                              20     32    -12 (VIOLATED)
fanout642/X                              20     32    -12 (VIOLATED)
fanout643/X                              20     32    -12 (VIOLATED)
fanout645/X                              20     32    -12 (VIOLATED)
fanout646/X                              20     32    -12 (VIOLATED)
fanout647/X                              20     32    -12 (VIOLATED)
fanout650/X                              20     32    -12 (VIOLATED)
fanout651/X                              20     32    -12 (VIOLATED)
fanout653/X                              20     32    -12 (VIOLATED)
fanout655/X                              20     32    -12 (VIOLATED)
fanout656/X                              20     32    -12 (VIOLATED)
fanout657/X                              20     32    -12 (VIOLATED)
fanout662/X                              20     32    -12 (VIOLATED)
fanout663/X                              20     32    -12 (VIOLATED)
fanout665/X                              20     32    -12 (VIOLATED)
fanout667/X                              20     32    -12 (VIOLATED)
fanout668/X                              20     32    -12 (VIOLATED)
fanout669/X                              20     32    -12 (VIOLATED)
fanout671/X                              20     32    -12 (VIOLATED)
fanout674/X                              20     32    -12 (VIOLATED)
fanout675/X                              20     32    -12 (VIOLATED)
fanout676/X                              20     32    -12 (VIOLATED)
fanout677/X                              20     32    -12 (VIOLATED)
fanout678/X                              20     32    -12 (VIOLATED)
fanout681/X                              20     32    -12 (VIOLATED)
fanout689/X                              20     32    -12 (VIOLATED)
fanout692/X                              20     32    -12 (VIOLATED)
fanout693/X                              20     32    -12 (VIOLATED)
fanout694/X                              20     32    -12 (VIOLATED)
fanout698/X                              20     32    -12 (VIOLATED)
fanout699/X                              20     32    -12 (VIOLATED)
fanout701/X                              20     32    -12 (VIOLATED)
fanout702/X                              20     32    -12 (VIOLATED)
fanout703/X                              20     32    -12 (VIOLATED)
fanout704/X                              20     32    -12 (VIOLATED)
fanout705/X                              20     32    -12 (VIOLATED)
fanout707/X                              20     32    -12 (VIOLATED)
fanout709/X                              20     32    -12 (VIOLATED)
fanout712/X                              20     32    -12 (VIOLATED)
fanout713/X                              20     32    -12 (VIOLATED)
fanout714/X                              20     32    -12 (VIOLATED)
fanout716/X                              20     32    -12 (VIOLATED)
fanout718/X                              20     32    -12 (VIOLATED)
fanout719/X                              20     32    -12 (VIOLATED)
fanout720/X                              20     32    -12 (VIOLATED)
fanout722/X                              20     32    -12 (VIOLATED)
fanout723/X                              20     32    -12 (VIOLATED)
fanout724/X                              20     32    -12 (VIOLATED)
fanout728/X                              20     32    -12 (VIOLATED)
fanout729/X                              20     32    -12 (VIOLATED)
fanout730/X                              20     32    -12 (VIOLATED)
fanout732/X                              20     32    -12 (VIOLATED)
fanout733/X                              20     32    -12 (VIOLATED)
fanout735/X                              20     32    -12 (VIOLATED)
fanout737/X                              20     32    -12 (VIOLATED)
fanout738/X                              20     32    -12 (VIOLATED)
fanout739/X                              20     32    -12 (VIOLATED)
fanout741/X                              20     32    -12 (VIOLATED)
fanout742/X                              20     32    -12 (VIOLATED)
fanout743/X                              20     32    -12 (VIOLATED)
fanout747/X                              20     32    -12 (VIOLATED)
fanout748/X                              20     32    -12 (VIOLATED)
fanout749/X                              20     32    -12 (VIOLATED)
fanout751/X                              20     32    -12 (VIOLATED)
fanout753/X                              20     32    -12 (VIOLATED)
fanout756/X                              20     32    -12 (VIOLATED)
fanout757/X                              20     32    -12 (VIOLATED)
fanout759/X                              20     32    -12 (VIOLATED)
fanout760/X                              20     32    -12 (VIOLATED)
fanout761/X                              20     32    -12 (VIOLATED)
fanout763/X                              20     32    -12 (VIOLATED)
fanout764/X                              20     32    -12 (VIOLATED)
fanout765/X                              20     32    -12 (VIOLATED)
fanout766/X                              20     32    -12 (VIOLATED)
fanout768/X                              20     32    -12 (VIOLATED)
fanout769/X                              20     32    -12 (VIOLATED)
fanout770/X                              20     32    -12 (VIOLATED)
fanout771/X                              20     32    -12 (VIOLATED)
fanout772/X                              20     32    -12 (VIOLATED)
fanout774/X                              20     32    -12 (VIOLATED)
fanout776/X                              20     32    -12 (VIOLATED)
fanout778/X                              20     32    -12 (VIOLATED)
fanout779/X                              20     32    -12 (VIOLATED)
fanout782/X                              20     32    -12 (VIOLATED)
fanout784/X                              20     32    -12 (VIOLATED)
fanout786/X                              20     32    -12 (VIOLATED)
fanout787/X                              20     32    -12 (VIOLATED)
fanout788/X                              20     32    -12 (VIOLATED)
fanout789/X                              20     32    -12 (VIOLATED)
fanout792/X                              20     32    -12 (VIOLATED)
fanout794/X                              20     32    -12 (VIOLATED)
fanout796/X                              20     32    -12 (VIOLATED)
fanout797/X                              20     32    -12 (VIOLATED)
fanout799/X                              20     32    -12 (VIOLATED)
fanout801/X                              20     32    -12 (VIOLATED)
fanout802/X                              20     32    -12 (VIOLATED)
fanout804/X                              20     32    -12 (VIOLATED)
fanout807/X                              20     32    -12 (VIOLATED)
fanout809/X                              20     32    -12 (VIOLATED)
fanout811/X                              20     32    -12 (VIOLATED)
fanout814/X                              20     32    -12 (VIOLATED)
fanout815/X                              20     32    -12 (VIOLATED)
fanout816/X                              20     32    -12 (VIOLATED)
fanout818/X                              20     32    -12 (VIOLATED)
fanout819/X                              20     32    -12 (VIOLATED)
fanout820/X                              20     32    -12 (VIOLATED)
fanout823/X                              20     32    -12 (VIOLATED)
fanout824/X                              20     32    -12 (VIOLATED)
fanout825/X                              20     32    -12 (VIOLATED)
fanout827/X                              20     32    -12 (VIOLATED)
fanout828/X                              20     32    -12 (VIOLATED)
fanout829/X                              20     32    -12 (VIOLATED)
fanout833/X                              20     32    -12 (VIOLATED)
fanout834/X                              20     32    -12 (VIOLATED)
fanout835/X                              20     32    -12 (VIOLATED)
fanout838/X                              20     32    -12 (VIOLATED)
fanout840/X                              20     32    -12 (VIOLATED)
fanout841/X                              20     32    -12 (VIOLATED)
fanout845/X                              20     32    -12 (VIOLATED)
fanout846/X                              20     32    -12 (VIOLATED)
fanout848/X                              20     32    -12 (VIOLATED)
fanout850/X                              20     32    -12 (VIOLATED)
fanout851/X                              20     32    -12 (VIOLATED)
fanout852/X                              20     32    -12 (VIOLATED)
fanout854/X                              20     32    -12 (VIOLATED)
fanout855/X                              20     32    -12 (VIOLATED)
fanout856/X                              20     32    -12 (VIOLATED)
fanout858/X                              20     32    -12 (VIOLATED)
fanout859/X                              20     32    -12 (VIOLATED)
fanout860/X                              20     32    -12 (VIOLATED)
fanout863/X                              20     32    -12 (VIOLATED)
fanout864/X                              20     32    -12 (VIOLATED)
fanout866/X                              20     32    -12 (VIOLATED)
fanout868/X                              20     32    -12 (VIOLATED)
fanout869/X                              20     32    -12 (VIOLATED)
fanout870/X                              20     32    -12 (VIOLATED)
fanout873/X                              20     32    -12 (VIOLATED)
fanout874/X                              20     32    -12 (VIOLATED)
fanout875/X                              20     32    -12 (VIOLATED)
fanout878/X                              20     32    -12 (VIOLATED)
fanout879/X                              20     32    -12 (VIOLATED)
fanout880/X                              20     32    -12 (VIOLATED)
fanout884/X                              20     32    -12 (VIOLATED)
fanout885/X                              20     32    -12 (VIOLATED)
fanout886/X                              20     32    -12 (VIOLATED)
fanout887/X                              20     32    -12 (VIOLATED)
fanout888/X                              20     32    -12 (VIOLATED)
fanout889/X                              20     32    -12 (VIOLATED)
fanout890/X                              20     32    -12 (VIOLATED)
fanout893/X                              20     32    -12 (VIOLATED)
fanout894/X                              20     32    -12 (VIOLATED)
fanout895/X                              20     32    -12 (VIOLATED)
fanout897/X                              20     32    -12 (VIOLATED)
fanout899/X                              20     32    -12 (VIOLATED)
fanout900/X                              20     32    -12 (VIOLATED)
fanout903/X                              20     32    -12 (VIOLATED)
fanout904/X                              20     32    -12 (VIOLATED)
fanout906/X                              20     32    -12 (VIOLATED)
fanout908/X                              20     32    -12 (VIOLATED)
fanout909/X                              20     32    -12 (VIOLATED)
fanout910/X                              20     32    -12 (VIOLATED)
fanout913/X                              20     32    -12 (VIOLATED)
fanout914/X                              20     32    -12 (VIOLATED)
fanout915/X                              20     32    -12 (VIOLATED)
fanout916/X                              20     32    -12 (VIOLATED)
fanout917/X                              20     32    -12 (VIOLATED)
fanout918/X                              20     32    -12 (VIOLATED)
fanout919/X                              20     32    -12 (VIOLATED)
fanout922/X                              20     32    -12 (VIOLATED)
fanout923/X                              20     32    -12 (VIOLATED)
fanout924/X                              20     32    -12 (VIOLATED)
fanout926/X                              20     32    -12 (VIOLATED)
fanout927/X                              20     32    -12 (VIOLATED)
fanout928/X                              20     32    -12 (VIOLATED)
fanout931/X                              20     32    -12 (VIOLATED)
fanout932/X                              20     32    -12 (VIOLATED)
fanout933/X                              20     32    -12 (VIOLATED)
fanout935/X                              20     32    -12 (VIOLATED)
fanout936/X                              20     32    -12 (VIOLATED)
fanout937/X                              20     32    -12 (VIOLATED)
fanout940/X                              20     32    -12 (VIOLATED)
fanout941/X                              20     32    -12 (VIOLATED)
fanout942/X                              20     32    -12 (VIOLATED)
fanout945/X                              20     32    -12 (VIOLATED)
fanout947/X                              20     32    -12 (VIOLATED)
fanout948/X                              20     32    -12 (VIOLATED)
fanout952/X                              20     32    -12 (VIOLATED)
fanout955/X                              20     32    -12 (VIOLATED)
fanout957/X                              20     32    -12 (VIOLATED)
fanout959/X                              20     32    -12 (VIOLATED)
fanout961/X                              20     32    -12 (VIOLATED)
fanout966/X                              20     32    -12 (VIOLATED)
fanout969/X                              20     32    -12 (VIOLATED)
fanout972/X                              20     32    -12 (VIOLATED)
fanout973/X                              20     32    -12 (VIOLATED)
fanout975/X                              20     32    -12 (VIOLATED)
fanout976/X                              20     32    -12 (VIOLATED)
fanout979/X                              20     32    -12 (VIOLATED)
fanout980/X                              20     32    -12 (VIOLATED)
fanout981/X                              20     32    -12 (VIOLATED)
fanout985/X                              20     32    -12 (VIOLATED)
fanout986/X                              20     32    -12 (VIOLATED)
fanout987/X                              20     32    -12 (VIOLATED)
fanout988/X                              20     32    -12 (VIOLATED)
fanout990/X                              20     32    -12 (VIOLATED)
fanout992/X                              20     32    -12 (VIOLATED)
fanout993/X                              20     32    -12 (VIOLATED)
fanout996/X                              20     32    -12 (VIOLATED)
fanout997/X                              20     32    -12 (VIOLATED)
fanout998/X                              20     32    -12 (VIOLATED)
hold116/X                                20     32    -12 (VIOLATED)
hold32/X                                 20     32    -12 (VIOLATED)
hold40/X                                 20     32    -12 (VIOLATED)
hold64/X                                 20     32    -12 (VIOLATED)
hold8/X                                  20     32    -12 (VIOLATED)
_15863_/X                                20     30    -10 (VIOLATED)
_15883_/X                                20     30    -10 (VIOLATED)
_15926_/X                                20     30    -10 (VIOLATED)
_15941_/X                                20     30    -10 (VIOLATED)
_15946_/X                                20     30    -10 (VIOLATED)
_15954_/X                                20     30    -10 (VIOLATED)
_16615_/X                                20     30    -10 (VIOLATED)
_16629_/X                                20     30    -10 (VIOLATED)
_17244_/X                                20     30    -10 (VIOLATED)
_17257_/X                                20     30    -10 (VIOLATED)
_17262_/X                                20     30    -10 (VIOLATED)
_17909_/Y                                20     30    -10 (VIOLATED)
_17934_/X                                20     30    -10 (VIOLATED)
_17935_/X                                20     30    -10 (VIOLATED)
_20183_/X                                20     30    -10 (VIOLATED)
_20192_/X                                20     30    -10 (VIOLATED)
_20197_/X                                20     30    -10 (VIOLATED)
_20202_/X                                20     30    -10 (VIOLATED)
_20205_/X                                20     30    -10 (VIOLATED)
_20217_/Y                                20     30    -10 (VIOLATED)
_20220_/X                                20     30    -10 (VIOLATED)
_20225_/Y                                20     30    -10 (VIOLATED)
_20235_/Y                                20     30    -10 (VIOLATED)
_20248_/Y                                20     30    -10 (VIOLATED)
_20250_/Y                                20     30    -10 (VIOLATED)
_20266_/Y                                20     30    -10 (VIOLATED)
_20275_/Y                                20     30    -10 (VIOLATED)
_20279_/Y                                20     30    -10 (VIOLATED)
_20283_/X                                20     30    -10 (VIOLATED)
_20291_/X                                20     30    -10 (VIOLATED)
_22284_/Y                                20     30    -10 (VIOLATED)
_23300_/Y                                20     30    -10 (VIOLATED)
_23315_/Y                                20     30    -10 (VIOLATED)
_23342_/Y                                20     30    -10 (VIOLATED)
_23375_/X                                20     30    -10 (VIOLATED)
_24213_/Y                                20     30    -10 (VIOLATED)
_24270_/Y                                20     30    -10 (VIOLATED)
_24299_/X                                20     30    -10 (VIOLATED)
_25133_/Y                                20     30    -10 (VIOLATED)
clkbuf_5_0__f_wb_clk_i/X                 20     30    -10 (VIOLATED)
clkbuf_5_22__f_wb_clk_i/X                20     30    -10 (VIOLATED)
clkbuf_5_24__f_wb_clk_i/X                20     30    -10 (VIOLATED)
fanout1050/X                             20     30    -10 (VIOLATED)
fanout1080/X                             20     30    -10 (VIOLATED)
fanout1174/X                             20     30    -10 (VIOLATED)
fanout164/X                              20     30    -10 (VIOLATED)
fanout166/X                              20     30    -10 (VIOLATED)
fanout349/X                              20     30    -10 (VIOLATED)
fanout414/X                              20     30    -10 (VIOLATED)
fanout489/X                              20     30    -10 (VIOLATED)
fanout520/X                              20     30    -10 (VIOLATED)
fanout551/X                              20     30    -10 (VIOLATED)
fanout589/X                              20     30    -10 (VIOLATED)
fanout595/X                              20     30    -10 (VIOLATED)
fanout627/X                              20     30    -10 (VIOLATED)
fanout644/X                              20     30    -10 (VIOLATED)
fanout706/X                              20     30    -10 (VIOLATED)
fanout710/X                              20     30    -10 (VIOLATED)
fanout758/X                              20     30    -10 (VIOLATED)
fanout808/X                              20     30    -10 (VIOLATED)
fanout861/X                              20     30    -10 (VIOLATED)
fanout991/X                              20     30    -10 (VIOLATED)
wire1042/X                               20     30    -10 (VIOLATED)
wire82/X                                 20     30    -10 (VIOLATED)
wire83/X                                 20     30    -10 (VIOLATED)
wire84/X                                 20     30    -10 (VIOLATED)
wire85/X                                 20     30    -10 (VIOLATED)
wire86/X                                 20     30    -10 (VIOLATED)
wire87/X                                 20     30    -10 (VIOLATED)
wire88/X                                 20     30    -10 (VIOLATED)
_15839_/X                                20     28     -8 (VIOLATED)
_15855_/X                                20     28     -8 (VIOLATED)
_15897_/X                                20     28     -8 (VIOLATED)
_16581_/Y                                20     28     -8 (VIOLATED)
_16607_/X                                20     28     -8 (VIOLATED)
_16650_/X                                20     28     -8 (VIOLATED)
_17261_/X                                20     28     -8 (VIOLATED)
_17274_/X                                20     28     -8 (VIOLATED)
_17902_/X                                20     28     -8 (VIOLATED)
_17948_/X                                20     28     -8 (VIOLATED)
_17990_/X                                20     28     -8 (VIOLATED)
_20177_/Y                                20     28     -8 (VIOLATED)
_20227_/Y                                20     28     -8 (VIOLATED)
_20233_/Y                                20     28     -8 (VIOLATED)
_20246_/Y                                20     28     -8 (VIOLATED)
_20293_/X                                20     28     -8 (VIOLATED)
_20295_/X                                20     28     -8 (VIOLATED)
_20403_/X                                20     28     -8 (VIOLATED)
_20405_/X                                20     28     -8 (VIOLATED)
_20408_/X                                20     28     -8 (VIOLATED)
_20430_/X                                20     28     -8 (VIOLATED)
_20437_/X                                20     28     -8 (VIOLATED)
_20449_/X                                20     28     -8 (VIOLATED)
_20451_/X                                20     28     -8 (VIOLATED)
_20454_/X                                20     28     -8 (VIOLATED)
_20457_/X                                20     28     -8 (VIOLATED)
_20460_/X                                20     28     -8 (VIOLATED)
_20465_/X                                20     28     -8 (VIOLATED)
_20470_/X                                20     28     -8 (VIOLATED)
_20485_/X                                20     28     -8 (VIOLATED)
_20503_/X                                20     28     -8 (VIOLATED)
_20505_/X                                20     28     -8 (VIOLATED)
_20507_/X                                20     28     -8 (VIOLATED)
_20509_/X                                20     28     -8 (VIOLATED)
_20511_/X                                20     28     -8 (VIOLATED)
_20514_/Y                                20     28     -8 (VIOLATED)
_20516_/Y                                20     28     -8 (VIOLATED)
_20518_/Y                                20     28     -8 (VIOLATED)
_20520_/X                                20     28     -8 (VIOLATED)
_20522_/X                                20     28     -8 (VIOLATED)
_20532_/X                                20     28     -8 (VIOLATED)
_20550_/Y                                20     28     -8 (VIOLATED)
_20552_/X                                20     28     -8 (VIOLATED)
_20558_/X                                20     28     -8 (VIOLATED)
_20568_/Y                                20     28     -8 (VIOLATED)
_20570_/X                                20     28     -8 (VIOLATED)
_20578_/Y                                20     28     -8 (VIOLATED)
_20580_/X                                20     28     -8 (VIOLATED)
_20582_/X                                20     28     -8 (VIOLATED)
_20584_/X                                20     28     -8 (VIOLATED)
_20586_/X                                20     28     -8 (VIOLATED)
_22288_/Y                                20     28     -8 (VIOLATED)
_22435_/Y                                20     28     -8 (VIOLATED)
_23266_/Y                                20     28     -8 (VIOLATED)
_23271_/Y                                20     28     -8 (VIOLATED)
_23296_/Y                                20     28     -8 (VIOLATED)
_23309_/X                                20     28     -8 (VIOLATED)
_23319_/Y                                20     28     -8 (VIOLATED)
_24225_/Y                                20     28     -8 (VIOLATED)
_24283_/Y                                20     28     -8 (VIOLATED)
_24307_/Y                                20     28     -8 (VIOLATED)
_25174_/Y                                20     28     -8 (VIOLATED)
_25203_/Y                                20     28     -8 (VIOLATED)
clkbuf_5_17__f_wb_clk_i/X                20     28     -8 (VIOLATED)
clkbuf_5_18__f_wb_clk_i/X                20     28     -8 (VIOLATED)
clkbuf_5_20__f_wb_clk_i/X                20     28     -8 (VIOLATED)
clkbuf_5_23__f_wb_clk_i/X                20     28     -8 (VIOLATED)
clkbuf_5_25__f_wb_clk_i/X                20     28     -8 (VIOLATED)
clkbuf_5_26__f_wb_clk_i/X                20     28     -8 (VIOLATED)
clkbuf_5_27__f_wb_clk_i/X                20     28     -8 (VIOLATED)
clkbuf_5_29__f_wb_clk_i/X                20     28     -8 (VIOLATED)
clkbuf_5_2__f_wb_clk_i/X                 20     28     -8 (VIOLATED)
clkbuf_5_30__f_wb_clk_i/X                20     28     -8 (VIOLATED)
clkbuf_5_8__f_wb_clk_i/X                 20     28     -8 (VIOLATED)
fanout1030/X                             20     28     -8 (VIOLATED)
fanout104/X                              20     28     -8 (VIOLATED)
fanout1063/X                             20     28     -8 (VIOLATED)
fanout1072/X                             20     28     -8 (VIOLATED)
fanout1084/X                             20     28     -8 (VIOLATED)
fanout110/X                              20     28     -8 (VIOLATED)
fanout1122/X                             20     28     -8 (VIOLATED)
fanout1141/X                             20     28     -8 (VIOLATED)
fanout1239/X                             20     28     -8 (VIOLATED)
fanout1294/X                             20     28     -8 (VIOLATED)
fanout314/X                              20     28     -8 (VIOLATED)
fanout389/X                              20     28     -8 (VIOLATED)
fanout524/X                              20     28     -8 (VIOLATED)
fanout541/X                              20     28     -8 (VIOLATED)
fanout721/X                              20     28     -8 (VIOLATED)
fanout740/X                              20     28     -8 (VIOLATED)
fanout744/X                              20     28     -8 (VIOLATED)
fanout755/X                              20     28     -8 (VIOLATED)
fanout790/X                              20     28     -8 (VIOLATED)
fanout791/X                              20     28     -8 (VIOLATED)
fanout806/X                              20     28     -8 (VIOLATED)
fanout817/X                              20     28     -8 (VIOLATED)
fanout896/X                              20     28     -8 (VIOLATED)
fanout925/X                              20     28     -8 (VIOLATED)
fanout930/X                              20     28     -8 (VIOLATED)
fanout939/X                              20     28     -8 (VIOLATED)
hold24/X                                 20     28     -8 (VIOLATED)
hold51/X                                 20     28     -8 (VIOLATED)
hold58/X                                 20     28     -8 (VIOLATED)
hold69/X                                 20     28     -8 (VIOLATED)
wire1056/X                               20     28     -8 (VIOLATED)
wire79/X                                 20     28     -8 (VIOLATED)
_15885_/Y                                20     26     -6 (VIOLATED)
_15892_/X                                20     26     -6 (VIOLATED)
_15931_/X                                20     26     -6 (VIOLATED)
_15935_/X                                20     26     -6 (VIOLATED)
_16554_/X                                20     26     -6 (VIOLATED)
_16573_/X                                20     26     -6 (VIOLATED)
_16580_/X                                20     26     -6 (VIOLATED)
_16605_/X                                20     26     -6 (VIOLATED)
_16606_/X                                20     26     -6 (VIOLATED)
_16627_/X                                20     26     -6 (VIOLATED)
_16658_/X                                20     26     -6 (VIOLATED)
_16668_/X                                20     26     -6 (VIOLATED)
_17206_/Y                                20     26     -6 (VIOLATED)
_17280_/X                                20     26     -6 (VIOLATED)
_17308_/X                                20     26     -6 (VIOLATED)
_18002_/X                                20     26     -6 (VIOLATED)
_22325_/Y                                20     26     -6 (VIOLATED)
_22368_/Y                                20     26     -6 (VIOLATED)
_22376_/Y                                20     26     -6 (VIOLATED)
_22392_/X                                20     26     -6 (VIOLATED)
_22461_/Y                                20     26     -6 (VIOLATED)
_23264_/Y                                20     26     -6 (VIOLATED)
_23274_/Y                                20     26     -6 (VIOLATED)
_23325_/X                                20     26     -6 (VIOLATED)
_23331_/Y                                20     26     -6 (VIOLATED)
_23337_/Y                                20     26     -6 (VIOLATED)
_24210_/Y                                20     26     -6 (VIOLATED)
_24211_/X                                20     26     -6 (VIOLATED)
_24277_/Y                                20     26     -6 (VIOLATED)
_25064_/X                                20     26     -6 (VIOLATED)
_25075_/Y                                20     26     -6 (VIOLATED)
_25090_/X                                20     26     -6 (VIOLATED)
_25101_/Y                                20     26     -6 (VIOLATED)
_25149_/X                                20     26     -6 (VIOLATED)
_25159_/Y                                20     26     -6 (VIOLATED)
clkbuf_5_11__f_wb_clk_i/X                20     26     -6 (VIOLATED)
clkbuf_5_16__f_wb_clk_i/X                20     26     -6 (VIOLATED)
clkbuf_5_28__f_wb_clk_i/X                20     26     -6 (VIOLATED)
clkbuf_5_7__f_wb_clk_i/X                 20     26     -6 (VIOLATED)
fanout1031/X                             20     26     -6 (VIOLATED)
fanout1067/X                             20     26     -6 (VIOLATED)
fanout1073/X                             20     26     -6 (VIOLATED)
fanout1078/X                             20     26     -6 (VIOLATED)
fanout1089/X                             20     26     -6 (VIOLATED)
fanout1091/X                             20     26     -6 (VIOLATED)
fanout114/X                              20     26     -6 (VIOLATED)
fanout1167/X                             20     26     -6 (VIOLATED)
fanout1218/X                             20     26     -6 (VIOLATED)
fanout171/X                              20     26     -6 (VIOLATED)
fanout313/X                              20     26     -6 (VIOLATED)
fanout316/X                              20     26     -6 (VIOLATED)
fanout371/X                              20     26     -6 (VIOLATED)
fanout375/X                              20     26     -6 (VIOLATED)
fanout392/X                              20     26     -6 (VIOLATED)
fanout473/X                              20     26     -6 (VIOLATED)
fanout510/X                              20     26     -6 (VIOLATED)
fanout531/X                              20     26     -6 (VIOLATED)
fanout545/X                              20     26     -6 (VIOLATED)
fanout555/X                              20     26     -6 (VIOLATED)
fanout562/X                              20     26     -6 (VIOLATED)
fanout582/X                              20     26     -6 (VIOLATED)
fanout587/X                              20     26     -6 (VIOLATED)
fanout634/X                              20     26     -6 (VIOLATED)
fanout666/X                              20     26     -6 (VIOLATED)
fanout731/X                              20     26     -6 (VIOLATED)
fanout736/X                              20     26     -6 (VIOLATED)
fanout750/X                              20     26     -6 (VIOLATED)
fanout773/X                              20     26     -6 (VIOLATED)
fanout813/X                              20     26     -6 (VIOLATED)
fanout821/X                              20     26     -6 (VIOLATED)
fanout822/X                              20     26     -6 (VIOLATED)
fanout830/X                              20     26     -6 (VIOLATED)
fanout849/X                              20     26     -6 (VIOLATED)
fanout853/X                              20     26     -6 (VIOLATED)
fanout857/X                              20     26     -6 (VIOLATED)
fanout871/X                              20     26     -6 (VIOLATED)
fanout882/X                              20     26     -6 (VIOLATED)
fanout891/X                              20     26     -6 (VIOLATED)
fanout934/X                              20     26     -6 (VIOLATED)
fanout938/X                              20     26     -6 (VIOLATED)
fanout943/X                              20     26     -6 (VIOLATED)
fanout983/X                              20     26     -6 (VIOLATED)
wire688/X                                20     26     -6 (VIOLATED)
_15810_/X                                20     24     -4 (VIOLATED)
_15869_/X                                20     24     -4 (VIOLATED)
_15882_/X                                20     24     -4 (VIOLATED)
_15909_/X                                20     24     -4 (VIOLATED)
_15973_/X                                20     24     -4 (VIOLATED)
_16597_/X                                20     24     -4 (VIOLATED)
_16617_/X                                20     24     -4 (VIOLATED)
_16677_/X                                20     24     -4 (VIOLATED)
_17238_/X                                20     24     -4 (VIOLATED)
_17313_/X                                20     24     -4 (VIOLATED)
_17919_/X                                20     24     -4 (VIOLATED)
_22313_/X                                20     24     -4 (VIOLATED)
_23285_/Y                                20     24     -4 (VIOLATED)
_23306_/Y                                20     24     -4 (VIOLATED)
_23369_/Y                                20     24     -4 (VIOLATED)
_24221_/Y                                20     24     -4 (VIOLATED)
_24340_/Y                                20     24     -4 (VIOLATED)
_25057_/Y                                20     24     -4 (VIOLATED)
_25061_/X                                20     24     -4 (VIOLATED)
_25096_/Y                                20     24     -4 (VIOLATED)
_25111_/Y                                20     24     -4 (VIOLATED)
_25120_/Y                                20     24     -4 (VIOLATED)
_25187_/X                                20     24     -4 (VIOLATED)
clkbuf_5_31__f_wb_clk_i/X                20     24     -4 (VIOLATED)
clkbuf_5_3__f_wb_clk_i/X                 20     24     -4 (VIOLATED)
clkbuf_5_5__f_wb_clk_i/X                 20     24     -4 (VIOLATED)
clkbuf_5_9__f_wb_clk_i/X                 20     24     -4 (VIOLATED)
fanout1005/X                             20     24     -4 (VIOLATED)
fanout1012/X                             20     24     -4 (VIOLATED)
fanout1124/X                             20     24     -4 (VIOLATED)
fanout1125/X                             20     24     -4 (VIOLATED)
fanout1131/X                             20     24     -4 (VIOLATED)
fanout1140/X                             20     24     -4 (VIOLATED)
fanout1270/X                             20     24     -4 (VIOLATED)
fanout350/X                              20     24     -4 (VIOLATED)
fanout359/X                              20     24     -4 (VIOLATED)
fanout493/X                              20     24     -4 (VIOLATED)
fanout619/X                              20     24     -4 (VIOLATED)
fanout625/X                              20     24     -4 (VIOLATED)
fanout636/X                              20     24     -4 (VIOLATED)
fanout648/X                              20     24     -4 (VIOLATED)
fanout654/X                              20     24     -4 (VIOLATED)
fanout658/X                              20     24     -4 (VIOLATED)
fanout700/X                              20     24     -4 (VIOLATED)
fanout711/X                              20     24     -4 (VIOLATED)
fanout725/X                              20     24     -4 (VIOLATED)
fanout783/X                              20     24     -4 (VIOLATED)
fanout810/X                              20     24     -4 (VIOLATED)
fanout826/X                              20     24     -4 (VIOLATED)
fanout836/X                              20     24     -4 (VIOLATED)
fanout862/X                              20     24     -4 (VIOLATED)
fanout881/X                              20     24     -4 (VIOLATED)
fanout912/X                              20     24     -4 (VIOLATED)
fanout920/X                              20     24     -4 (VIOLATED)
fanout921/X                              20     24     -4 (VIOLATED)
fanout929/X                              20     24     -4 (VIOLATED)
fanout956/X                              20     24     -4 (VIOLATED)
fanout994/X                              20     24     -4 (VIOLATED)
hold278/X                                20     24     -4 (VIOLATED)
hold360/X                                20     24     -4 (VIOLATED)
hold370/X                                20     24     -4 (VIOLATED)
hold633/X                                20     24     -4 (VIOLATED)
hold646/X                                20     24     -4 (VIOLATED)
hold652/X                                20     24     -4 (VIOLATED)
hold656/X                                20     24     -4 (VIOLATED)
hold660/X                                20     24     -4 (VIOLATED)
max_length691/X                          20     24     -4 (VIOLATED)
wire685/X                                20     24     -4 (VIOLATED)
_15901_/X                                20     22     -2 (VIOLATED)
_15916_/X                                20     22     -2 (VIOLATED)
_15917_/X                                20     22     -2 (VIOLATED)
_16600_/X                                20     22     -2 (VIOLATED)
_16613_/X                                20     22     -2 (VIOLATED)
_16634_/X                                20     22     -2 (VIOLATED)
_16666_/X                                20     22     -2 (VIOLATED)
_16754_/X                                20     22     -2 (VIOLATED)
_17243_/X                                20     22     -2 (VIOLATED)
_17247_/X                                20     22     -2 (VIOLATED)
_17303_/X                                20     22     -2 (VIOLATED)
_17872_/Y                                20     22     -2 (VIOLATED)
_17913_/X                                20     22     -2 (VIOLATED)
_17983_/X                                20     22     -2 (VIOLATED)
_20179_/Y                                20     22     -2 (VIOLATED)
_20185_/X                                20     22     -2 (VIOLATED)
_20188_/Y                                20     22     -2 (VIOLATED)
_20207_/Y                                20     22     -2 (VIOLATED)
_20240_/Y                                20     22     -2 (VIOLATED)
_20243_/Y                                20     22     -2 (VIOLATED)
_22307_/Y                                20     22     -2 (VIOLATED)
_22364_/Y                                20     22     -2 (VIOLATED)
_22366_/X                                20     22     -2 (VIOLATED)
_22389_/Y                                20     22     -2 (VIOLATED)
_22396_/Y                                20     22     -2 (VIOLATED)
_23244_/Y                                20     22     -2 (VIOLATED)
_23252_/Y                                20     22     -2 (VIOLATED)
_23287_/Y                                20     22     -2 (VIOLATED)
_23298_/Y                                20     22     -2 (VIOLATED)
_23311_/Y                                20     22     -2 (VIOLATED)
_23348_/X                                20     22     -2 (VIOLATED)
_24249_/Y                                20     22     -2 (VIOLATED)
_24265_/X                                20     22     -2 (VIOLATED)
_24271_/Y                                20     22     -2 (VIOLATED)
_24275_/Y                                20     22     -2 (VIOLATED)
_24278_/X                                20     22     -2 (VIOLATED)
_24304_/X                                20     22     -2 (VIOLATED)
_24334_/X                                20     22     -2 (VIOLATED)
_25086_/X                                20     22     -2 (VIOLATED)
_25094_/Y                                20     22     -2 (VIOLATED)
_25152_/X                                20     22     -2 (VIOLATED)
_31075_/Q                                20     22     -2 (VIOLATED)
_31139_/Q                                20     22     -2 (VIOLATED)
clkbuf_5_13__f_wb_clk_i/X                20     22     -2 (VIOLATED)
clkbuf_5_1__f_wb_clk_i/X                 20     22     -2 (VIOLATED)
clkbuf_5_21__f_wb_clk_i/X                20     22     -2 (VIOLATED)
fanout1018/X                             20     22     -2 (VIOLATED)
fanout1070/X                             20     22     -2 (VIOLATED)
fanout1076/X                             20     22     -2 (VIOLATED)
fanout1082/X                             20     22     -2 (VIOLATED)
fanout1107/X                             20     22     -2 (VIOLATED)
fanout1177/X                             20     22     -2 (VIOLATED)
fanout1191/X                             20     22     -2 (VIOLATED)
fanout1198/X                             20     22     -2 (VIOLATED)
fanout1310/X                             20     22     -2 (VIOLATED)
fanout1311/X                             20     22     -2 (VIOLATED)
fanout1327/X                             20     22     -2 (VIOLATED)
fanout168/X                              20     22     -2 (VIOLATED)
fanout347/X                              20     22     -2 (VIOLATED)
fanout402/X                              20     22     -2 (VIOLATED)
fanout405/X                              20     22     -2 (VIOLATED)
fanout440/X                              20     22     -2 (VIOLATED)
fanout462/X                              20     22     -2 (VIOLATED)
fanout504/X                              20     22     -2 (VIOLATED)
fanout535/X                              20     22     -2 (VIOLATED)
fanout569/X                              20     22     -2 (VIOLATED)
fanout584/X                              20     22     -2 (VIOLATED)
fanout585/X                              20     22     -2 (VIOLATED)
fanout621/X                              20     22     -2 (VIOLATED)
fanout623/X                              20     22     -2 (VIOLATED)
fanout649/X                              20     22     -2 (VIOLATED)
fanout708/X                              20     22     -2 (VIOLATED)
fanout777/X                              20     22     -2 (VIOLATED)
fanout780/X                              20     22     -2 (VIOLATED)
fanout872/X                              20     22     -2 (VIOLATED)
fanout892/X                              20     22     -2 (VIOLATED)
fanout911/X                              20     22     -2 (VIOLATED)
fanout978/X                              20     22     -2 (VIOLATED)
hold105/X                                20     22     -2 (VIOLATED)
hold121/X                                20     22     -2 (VIOLATED)
hold138/X                                20     22     -2 (VIOLATED)
hold152/X                                20     22     -2 (VIOLATED)
hold157/X                                20     22     -2 (VIOLATED)
hold169/X                                20     22     -2 (VIOLATED)
hold177/X                                20     22     -2 (VIOLATED)
hold19/X                                 20     22     -2 (VIOLATED)
hold192/X                                20     22     -2 (VIOLATED)
hold208/X                                20     22     -2 (VIOLATED)
hold224/X                                20     22     -2 (VIOLATED)
hold298/X                                20     22     -2 (VIOLATED)
hold320/X                                20     22     -2 (VIOLATED)
hold325/X                                20     22     -2 (VIOLATED)
hold343/X                                20     22     -2 (VIOLATED)
hold402/X                                20     22     -2 (VIOLATED)
hold422/X                                20     22     -2 (VIOLATED)
hold430/X                                20     22     -2 (VIOLATED)
hold464/X                                20     22     -2 (VIOLATED)
hold517/X                                20     22     -2 (VIOLATED)
hold539/X                                20     22     -2 (VIOLATED)
hold569/X                                20     22     -2 (VIOLATED)



===========================================================================
report_parasitic_annotation -report_unannotated
============================================================================
Found 28 unannotated drivers.
 wbs_adr_i[0]
 wbs_adr_i[10]
 wbs_adr_i[11]
 wbs_adr_i[12]
 wbs_adr_i[13]
 wbs_adr_i[14]
 wbs_adr_i[15]
 wbs_adr_i[16]
 wbs_adr_i[17]
 wbs_adr_i[18]
 wbs_adr_i[19]
 wbs_adr_i[1]
 wbs_adr_i[20]
 wbs_adr_i[21]
 wbs_adr_i[22]
 wbs_adr_i[23]
 wbs_adr_i[24]
 wbs_adr_i[25]
 wbs_adr_i[26]
 wbs_adr_i[27]
 wbs_adr_i[28]
 wbs_adr_i[29]
 wbs_adr_i[30]
 wbs_adr_i[31]
 wbs_sel_i[0]
 wbs_sel_i[1]
 wbs_sel_i[2]
 wbs_sel_i[3]
Found 0 partially unannotated drivers.

===========================================================================
max slew violation count 0
max fanout violation count 987
max cap violation count 0
============================================================================

===========================================================================
check_setup -verbose -unconstrained_endpoints -multiple_clock -no_clock -no_input_delay -loops -generated_clocks
===========================================================================
Warning: There are 2 input ports missing set_input_delay.
  wbs_adr_i[0]
  wbs_adr_i[1]
